
Memory Configuration

Name             Origin             Length             Attributes
mem              0x00000000         0x04000000         xrw
*default*        0x00000000         0xffffffff

Linker script and memory map

                0x00010000                . = 0x10000

.STARTUP        0x00010000       0x10
 startup.o(.text)
 .text          0x00010000       0x10 startup.o
                0x00010000                reset

.text           0x00010010       0x78
 *(.text)
 .text          0x00010010       0x20 app.o
                0x00010010                main
 .text          0x00010030       0x58 uart.o
                0x00010030                uart_send_string
 *(.rodata)

.glue_7         0x00010088        0x0
 .glue_7        0x00010088        0x0 linker stubs

.glue_7t        0x00010088        0x0
 .glue_7t       0x00010088        0x0 linker stubs

.vfp11_veneer   0x00010088        0x0
 .vfp11_veneer  0x00010088        0x0 linker stubs

.v4_bx          0x00010088        0x0
 .v4_bx         0x00010088        0x0 linker stubs

.iplt           0x00010088        0x0
 .iplt          0x00010088        0x0 startup.o

.rel.dyn        0x00010088        0x0
 .rel.iplt      0x00010088        0x0 startup.o

.data           0x00010088       0x64
 *(.data)
 .data          0x00010088        0x0 startup.o
 .data          0x00010088       0x64 app.o
                0x00010088                text
 .data          0x000100ec        0x0 uart.o

.igot.plt       0x000100ec        0x0
 .igot.plt      0x000100ec        0x0 startup.o

.bss            0x000100ec        0x0
 *(.bss)
 .bss           0x000100ec        0x0 startup.o
 .bss           0x000100ec        0x0 app.o
 .bss           0x000100ec        0x0 uart.o
                0x000110ec                . = (. + 0x1000)
                0x000110ec                stack_top = .
LOAD startup.o
LOAD app.o
LOAD uart.o
OUTPUT(learn-in-depth.elf elf32-littlearm)
LOAD linker stubs

.ARM.attributes
                0x00000000       0x2e
 .ARM.attributes
                0x00000000       0x22 startup.o
 .ARM.attributes
                0x00000022       0x2c app.o
 .ARM.attributes
                0x0000004e       0x2c uart.o

.comment        0x00000000       0x49
 .comment       0x00000000       0x49 app.o
                                 0x4a (size before relaxing)
 .comment       0x00000049       0x4a uart.o

.debug_line     0x00000000       0xc3
 .debug_line    0x00000000       0x3a startup.o
 .debug_line    0x0000003a       0x3b app.o
 .debug_line    0x00000075       0x4e uart.o

.debug_info     0x00000000      0x131
 .debug_info    0x00000000       0x26 startup.o
 .debug_info    0x00000026       0xb2 app.o
 .debug_info    0x000000d8       0x59 uart.o

.debug_abbrev   0x00000000       0xd2
 .debug_abbrev  0x00000000       0x14 startup.o
 .debug_abbrev  0x00000014       0x69 app.o
 .debug_abbrev  0x0000007d       0x55 uart.o

.debug_aranges  0x00000000       0x60
 .debug_aranges
                0x00000000       0x20 startup.o
 .debug_aranges
                0x00000020       0x20 app.o
 .debug_aranges
                0x00000040       0x20 uart.o

.debug_str      0x00000000      0x13a
 .debug_str     0x00000000       0x59 startup.o
 .debug_str     0x00000059       0xc9 app.o
                                0x143 (size before relaxing)
 .debug_str     0x00000122       0x18 uart.o
                                 0xc9 (size before relaxing)

.debug_frame    0x00000000       0x5c
 .debug_frame   0x00000000       0x2c app.o
 .debug_frame   0x0000002c       0x30 uart.o
