core_cm3.h:1640:22:__NVIC_SetPriority	16	static
core_cm3.h:1838:26:SysTick_Config	16	static
Cortex_Mx_OS_Porting.c:12:8:HardFault_Handler	4	static
Cortex_Mx_OS_Porting.c:18:8:MemManage_Handler	4	static
Cortex_Mx_OS_Porting.c:22:8:BusFault_Handler	4	static
Cortex_Mx_OS_Porting.c:26:8:UsageFault_Handler	4	static
Cortex_Mx_OS_Porting.c:34:29:SVC_Handler	0	static,ignoring_inline_asm
Cortex_Mx_OS_Porting.c:46:8:HW_init	8	static
Cortex_Mx_OS_Porting.c:64:6:OS_trigger_PendSV	4	static
Cortex_Mx_OS_Porting.c:72:6:Start_Ticker	8	static
Cortex_Mx_OS_Porting.c:83:6:SysTick_Handler	8	static
