core_cm3.h:1640:22:__NVIC_SetPriority	16	static
core_cm3.h:1838:26:SysTick_Config	16	static
Cortex_Mx_OS_Porting.c:12:8:HardFault_Handler	4	static
Cortex_Mx_OS_Porting.c:16:8:MemManage_Handler	4	static
Cortex_Mx_OS_Porting.c:20:8:BusFault_Handler	4	static
Cortex_Mx_OS_Porting.c:24:8:UsageFault_Handler	4	static
Cortex_Mx_OS_Porting.c:32:29:SVC_Handler	0	static,ignoring_inline_asm
Cortex_Mx_OS_Porting.c:44:8:HW_init	8	static
Cortex_Mx_OS_Porting.c:62:6:OS_trigger_PendSV	4	static
Cortex_Mx_OS_Porting.c:70:6:Start_Ticker	8	static
Cortex_Mx_OS_Porting.c:81:6:SysTick_Handler	8	static
