scheduler.c:44:28:PendSV_Handler	0	static,ignoring_inline_asm
scheduler.c:106:5:OS_SVC_Set	16	static,ignoring_inline_asm
scheduler.c:128:6:MY_RTOS_Create_MainStack	4	static
scheduler.c:136:17:MY_RTOS_init	16	static
scheduler.c:168:6:MY_RTOS_idel_Task	4	static,ignoring_inline_asm
scheduler.c:177:6:MY_RTOS_Create_TaskStack	24	static
scheduler.c:210:17:MY_RTOS_Creat_Task	24	static
scheduler.c:247:6:bubbleSort	24	static
scheduler.c:267:6:MY_RTOS_Update_Scheduler_Table	24	static
scheduler.c:326:6:Decide_whatNext	8	static
scheduler.c:352:6:OS_SVC_Services	24	static
scheduler.c:386:1:MY_RTOS_OS_SVC_Set	16	static,ignoring_inline_asm
scheduler.c:406:6:MY_RTOS_ActivateTask	16	static
scheduler.c:412:6:MY_RTOS_TerminateTask	16	static
scheduler.c:421:6:MY_RTOS_STARTOS	8	static,ignoring_inline_asm
