
Memory Configuration

Name             Origin             Length             Attributes
flash            0x08000000         0x00020000         xr
sram             0x20000000         0x00005000         xrw
*default*        0x00000000         0xffffffff

Linker script and memory map


.text           0x08000000      0x1b4
 *(.vectors*)
 .vectors       0x08000000       0x1c startup.o
                0x08000000                vector
 main.o(.text*)
 .text          0x0800001c       0x40 main.o
                0x0800001c                main
 startup.o(.text*)
 .text          0x0800005c       0x90 startup.o
                0x0800005c                reset_handler
                0x080000e0                default_handler
                0x080000e0                MemManage_handler
                0x080000e0                HardFault_handler
                0x080000e0                UsageFault_handler
                0x080000e0                BusFault_handler
                0x080000e0                NMI_handler
 *(.rodata)
                0x080000ec                _E_text = .
 .text          0x080000ec       0x60 Alarm.o
                0x080000ec                Set_Alarm_actuator
                0x08000128                Delay
 .text          0x0800014c       0x18 PressureSensor.o
                0x0800014c                getPressureVal
 .text          0x08000164       0x50 driver.o
                0x08000164                GPIO_INITIALIZATION

.glue_7         0x080001b4        0x0
 .glue_7        0x080001b4        0x0 linker stubs

.glue_7t        0x080001b4        0x0
 .glue_7t       0x080001b4        0x0 linker stubs

.vfp11_veneer   0x080001b4        0x0
 .vfp11_veneer  0x080001b4        0x0 linker stubs

.v4_bx          0x080001b4        0x0
 .v4_bx         0x080001b4        0x0 linker stubs

.iplt           0x080001b4        0x0
 .iplt          0x080001b4        0x0 main.o

.rel.dyn        0x080001b4        0x0
 .rel.iplt      0x080001b4        0x0 main.o

.data           0x20000000        0x0 load address 0x080001b4
                0x20000000                _S_data = .
 *(.data)
 .data          0x20000000        0x0 main.o
 .data          0x20000000        0x0 startup.o
 .data          0x20000000        0x0 Alarm.o
 .data          0x20000000        0x0 PressureSensor.o
 .data          0x20000000        0x0 driver.o
                0x20000000                _E_data = .

.igot.plt       0x20000000        0x0 load address 0x080001b4
 .igot.plt      0x20000000        0x0 main.o

.bss            0x20000000     0x1004 load address 0x080001b4
                0x20000000                _S_bss = .
 *(.bss)
 .bss           0x20000000        0x4 main.o
                0x20000000                threshold
 .bss           0x20000004        0x0 startup.o
 .bss           0x20000004        0x0 Alarm.o
 .bss           0x20000004        0x0 PressureSensor.o
 .bss           0x20000004        0x0 driver.o
                0x20000004                . = ALIGN (0x4)
                0x20000004                _E_bss = .
                0x20000004                . = ALIGN (0x4)
                0x20001004                . = (. + 0x1000)
 *fill*         0x20000004     0x1000 
                0x20001004                stack_top = .
LOAD startup.o
LOAD main.o
LOAD Alarm.o
LOAD PressureSensor.o
LOAD driver.o
OUTPUT(learn-in-depth_cortexM4.elf elf32-littlearm)
LOAD linker stubs

.debug_info     0x00000000      0x4a5
 .debug_info    0x00000000       0xb7 main.o
 .debug_info    0x000000b7      0x1b8 startup.o
 .debug_info    0x0000026f       0xe2 Alarm.o
 .debug_info    0x00000351       0xac PressureSensor.o
 .debug_info    0x000003fd       0xa8 driver.o

.debug_abbrev   0x00000000      0x27f
 .debug_abbrev  0x00000000       0x68 main.o
 .debug_abbrev  0x00000068       0xe2 startup.o
 .debug_abbrev  0x0000014a       0x91 Alarm.o
 .debug_abbrev  0x000001db       0x53 PressureSensor.o
 .debug_abbrev  0x0000022e       0x51 driver.o

.debug_loc      0x00000000      0x1f4
 .debug_loc     0x00000000       0x38 main.o
 .debug_loc     0x00000038       0x7c startup.o
 .debug_loc     0x000000b4       0xb8 Alarm.o
 .debug_loc     0x0000016c       0x44 PressureSensor.o
 .debug_loc     0x000001b0       0x44 driver.o

.debug_aranges  0x00000000       0xa0
 .debug_aranges
                0x00000000       0x20 main.o
 .debug_aranges
                0x00000020       0x20 startup.o
 .debug_aranges
                0x00000040       0x20 Alarm.o
 .debug_aranges
                0x00000060       0x20 PressureSensor.o
 .debug_aranges
                0x00000080       0x20 driver.o

.debug_line     0x00000000      0x539
 .debug_line    0x00000000       0x52 main.o
 .debug_line    0x00000052      0x183 startup.o
 .debug_line    0x000001d5      0x131 Alarm.o
 .debug_line    0x00000306      0x11c PressureSensor.o
 .debug_line    0x00000422      0x117 driver.o

.debug_str      0x00000000      0x231
 .debug_str     0x00000000      0x12e main.o
                                0x167 (size before relaxing)
 .debug_str     0x0000012e       0x9e startup.o
                                0x1de (size before relaxing)
 .debug_str     0x000001cc       0x28 Alarm.o
                                0x17c (size before relaxing)
 .debug_str     0x000001f4       0x20 PressureSensor.o
                                0x174 (size before relaxing)
 .debug_str     0x00000214       0x1d driver.o
                                0x171 (size before relaxing)

.comment        0x00000000       0x49
 .comment       0x00000000       0x49 main.o
                                 0x4a (size before relaxing)
 .comment       0x00000049       0x4a startup.o
 .comment       0x00000049       0x4a Alarm.o
 .comment       0x00000049       0x4a PressureSensor.o
 .comment       0x00000049       0x4a driver.o

.ARM.attributes
                0x00000000       0x2d
 .ARM.attributes
                0x00000000       0x2d main.o
 .ARM.attributes
                0x0000002d       0x2d startup.o
 .ARM.attributes
                0x0000005a       0x2d Alarm.o
 .ARM.attributes
                0x00000087       0x2d PressureSensor.o
 .ARM.attributes
                0x000000b4       0x2d driver.o

.debug_frame    0x00000000      0x140
 .debug_frame   0x00000000       0x30 main.o
 .debug_frame   0x00000030       0x50 startup.o
 .debug_frame   0x00000080       0x60 Alarm.o
 .debug_frame   0x000000e0       0x30 PressureSensor.o
 .debug_frame   0x00000110       0x30 driver.o
