
Memory Configuration

Name             Origin             Length             Attributes
flash            0x08000000         0x00020000         xr
sram             0x20000000         0x00005000         xrw
*default*        0x00000000         0xffffffff

Linker script and memory map


.text           0x08000000      0x12f
 *(.vectors*)
 .vectors       0x08000000       0x1c startup.o
                0x08000000                vector
 main.o(.text*)
 .text          0x0800001c       0x7c main.o
                0x0800001c                main
 startup.o(.text*)
 .text          0x08000098       0x90 startup.o
                0x08000098                reset_handler
                0x0800011c                default_handler
                0x0800011c                MemManage_handler
                0x0800011c                HardFault_handler
                0x0800011c                UsageFault_handler
                0x0800011c                BusFault_handler
                0x0800011c                NMI_handler
 *(.rodata)
 .rodata        0x08000128        0x7 main.o
                0x08000128                constant_Global
                0x0800012f                _E_text = .

.glue_7         0x08000130        0x0
 .glue_7        0x08000130        0x0 linker stubs

.glue_7t        0x08000130        0x0
 .glue_7t       0x08000130        0x0 linker stubs

.vfp11_veneer   0x08000130        0x0
 .vfp11_veneer  0x08000130        0x0 linker stubs

.v4_bx          0x08000130        0x0
 .v4_bx         0x08000130        0x0 linker stubs

.iplt           0x08000130        0x0
 .iplt          0x08000130        0x0 main.o

.rel.dyn        0x08000130        0x0
 .rel.iplt      0x08000130        0x0 main.o

.data           0x20000000        0x9 load address 0x0800012f
                0x20000000                _S_data = .
 *(.data)
 .data          0x20000000        0x9 main.o
                0x20000000                R_ODR
                0x20000004                Global
 .data          0x20000009        0x0 startup.o
                0x20000009                _E_data = .

.igot.plt       0x2000000c        0x0 load address 0x08000138
 .igot.plt      0x2000000c        0x0 main.o

.bss            0x20000009     0x1003 load address 0x08000138
                0x20000009                _S_bss = .
 *(.bss)
 .bss           0x20000009        0x0 main.o
 .bss           0x20000009        0x0 startup.o
                0x2000000c                . = ALIGN (0x4)
 *fill*         0x20000009        0x3 
                0x2000000c                _E_bss = .
                0x2000000c                . = ALIGN (0x4)
                0x2000100c                . = (. + 0x1000)
 *fill*         0x2000000c     0x1000 
                0x2000100c                stack_top = .
LOAD startup.o
LOAD main.o
OUTPUT(learn-in-depth_cortexM4.elf elf32-littlearm)
LOAD linker stubs

.debug_info     0x00000000      0x37d
 .debug_info    0x00000000      0x1c5 main.o
 .debug_info    0x000001c5      0x1b8 startup.o

.debug_abbrev   0x00000000      0x1eb
 .debug_abbrev  0x00000000      0x109 main.o
 .debug_abbrev  0x00000109       0xe2 startup.o

.debug_loc      0x00000000       0xb4
 .debug_loc     0x00000000       0x38 main.o
 .debug_loc     0x00000038       0x7c startup.o

.debug_aranges  0x00000000       0x40
 .debug_aranges
                0x00000000       0x20 main.o
 .debug_aranges
                0x00000020       0x20 startup.o

.debug_line     0x00000000      0x2cc
 .debug_line    0x00000000      0x149 main.o
 .debug_line    0x00000149      0x183 startup.o

.debug_str      0x00000000      0x220
 .debug_str     0x00000000      0x197 main.o
                                0x1e3 (size before relaxing)
 .debug_str     0x00000197       0x89 startup.o
                                0x218 (size before relaxing)

.comment        0x00000000       0x49
 .comment       0x00000000       0x49 main.o
                                 0x4a (size before relaxing)
 .comment       0x00000049       0x4a startup.o

.ARM.attributes
                0x00000000       0x2d
 .ARM.attributes
                0x00000000       0x2d main.o
 .ARM.attributes
                0x0000002d       0x2d startup.o

.debug_frame    0x00000000       0x7c
 .debug_frame   0x00000000       0x2c main.o
 .debug_frame   0x0000002c       0x50 startup.o
