Archive member included to satisfy reference by file (symbol)

d:/st/stm32cubeide_1.4.0/stm32cubeide/plugins/com.st.stm32cube.ide.mcu.externaltools.gnu-tools-for-stm32.7-2018-q2-update.win32_1.4.0.202007081208/tools/bin/../lib/gcc/arm-none-eabi/7.3.1/../../../../arm-none-eabi/lib/thumb/v7-m\libc_nano.a(lib_a-errno.o)
                              Src/syscalls.o (__errno)
d:/st/stm32cubeide_1.4.0/stm32cubeide/plugins/com.st.stm32cube.ide.mcu.externaltools.gnu-tools-for-stm32.7-2018-q2-update.win32_1.4.0.202007081208/tools/bin/../lib/gcc/arm-none-eabi/7.3.1/../../../../arm-none-eabi/lib/thumb/v7-m\libc_nano.a(lib_a-exit.o)
                              d:/st/stm32cubeide_1.4.0/stm32cubeide/plugins/com.st.stm32cube.ide.mcu.externaltools.gnu-tools-for-stm32.7-2018-q2-update.win32_1.4.0.202007081208/tools/bin/../lib/gcc/arm-none-eabi/7.3.1/../../../../arm-none-eabi/lib/thumb/v7-m/crt0.o (exit)
d:/st/stm32cubeide_1.4.0/stm32cubeide/plugins/com.st.stm32cube.ide.mcu.externaltools.gnu-tools-for-stm32.7-2018-q2-update.win32_1.4.0.202007081208/tools/bin/../lib/gcc/arm-none-eabi/7.3.1/../../../../arm-none-eabi/lib/thumb/v7-m\libc_nano.a(lib_a-impure.o)
                              d:/st/stm32cubeide_1.4.0/stm32cubeide/plugins/com.st.stm32cube.ide.mcu.externaltools.gnu-tools-for-stm32.7-2018-q2-update.win32_1.4.0.202007081208/tools/bin/../lib/gcc/arm-none-eabi/7.3.1/../../../../arm-none-eabi/lib/thumb/v7-m\libc_nano.a(lib_a-exit.o) (_global_impure_ptr)
d:/st/stm32cubeide_1.4.0/stm32cubeide/plugins/com.st.stm32cube.ide.mcu.externaltools.gnu-tools-for-stm32.7-2018-q2-update.win32_1.4.0.202007081208/tools/bin/../lib/gcc/arm-none-eabi/7.3.1/../../../../arm-none-eabi/lib/thumb/v7-m\libc_nano.a(lib_a-init.o)
                              d:/st/stm32cubeide_1.4.0/stm32cubeide/plugins/com.st.stm32cube.ide.mcu.externaltools.gnu-tools-for-stm32.7-2018-q2-update.win32_1.4.0.202007081208/tools/bin/../lib/gcc/arm-none-eabi/7.3.1/../../../../arm-none-eabi/lib/thumb/v7-m/crt0.o (__libc_init_array)
d:/st/stm32cubeide_1.4.0/stm32cubeide/plugins/com.st.stm32cube.ide.mcu.externaltools.gnu-tools-for-stm32.7-2018-q2-update.win32_1.4.0.202007081208/tools/bin/../lib/gcc/arm-none-eabi/7.3.1/../../../../arm-none-eabi/lib/thumb/v7-m\libc_nano.a(lib_a-memset.o)
                              d:/st/stm32cubeide_1.4.0/stm32cubeide/plugins/com.st.stm32cube.ide.mcu.externaltools.gnu-tools-for-stm32.7-2018-q2-update.win32_1.4.0.202007081208/tools/bin/../lib/gcc/arm-none-eabi/7.3.1/../../../../arm-none-eabi/lib/thumb/v7-m/crt0.o (memset)
d:/st/stm32cubeide_1.4.0/stm32cubeide/plugins/com.st.stm32cube.ide.mcu.externaltools.gnu-tools-for-stm32.7-2018-q2-update.win32_1.4.0.202007081208/tools/bin/../lib/gcc/arm-none-eabi/7.3.1/../../../../arm-none-eabi/lib/thumb/v7-m\libc_nano.a(lib_a-printf.o)
                              MY_RTOS/MY_RTOS_FIFO.o (printf)
d:/st/stm32cubeide_1.4.0/stm32cubeide/plugins/com.st.stm32cube.ide.mcu.externaltools.gnu-tools-for-stm32.7-2018-q2-update.win32_1.4.0.202007081208/tools/bin/../lib/gcc/arm-none-eabi/7.3.1/../../../../arm-none-eabi/lib/thumb/v7-m\libc_nano.a(lib_a-puts.o)
                              MY_RTOS/MY_RTOS_FIFO.o (puts)
d:/st/stm32cubeide_1.4.0/stm32cubeide/plugins/com.st.stm32cube.ide.mcu.externaltools.gnu-tools-for-stm32.7-2018-q2-update.win32_1.4.0.202007081208/tools/bin/../lib/gcc/arm-none-eabi/7.3.1/../../../../arm-none-eabi/lib/thumb/v7-m\libc_nano.a(lib_a-strcmp.o)
                              MY_RTOS/scheduler.o (strcmp)
d:/st/stm32cubeide_1.4.0/stm32cubeide/plugins/com.st.stm32cube.ide.mcu.externaltools.gnu-tools-for-stm32.7-2018-q2-update.win32_1.4.0.202007081208/tools/bin/../lib/gcc/arm-none-eabi/7.3.1/../../../../arm-none-eabi/lib/thumb/v7-m\libc_nano.a(lib_a-wbuf.o)
                              d:/st/stm32cubeide_1.4.0/stm32cubeide/plugins/com.st.stm32cube.ide.mcu.externaltools.gnu-tools-for-stm32.7-2018-q2-update.win32_1.4.0.202007081208/tools/bin/../lib/gcc/arm-none-eabi/7.3.1/../../../../arm-none-eabi/lib/thumb/v7-m\libc_nano.a(lib_a-puts.o) (__swbuf_r)
d:/st/stm32cubeide_1.4.0/stm32cubeide/plugins/com.st.stm32cube.ide.mcu.externaltools.gnu-tools-for-stm32.7-2018-q2-update.win32_1.4.0.202007081208/tools/bin/../lib/gcc/arm-none-eabi/7.3.1/../../../../arm-none-eabi/lib/thumb/v7-m\libc_nano.a(lib_a-wsetup.o)
                              d:/st/stm32cubeide_1.4.0/stm32cubeide/plugins/com.st.stm32cube.ide.mcu.externaltools.gnu-tools-for-stm32.7-2018-q2-update.win32_1.4.0.202007081208/tools/bin/../lib/gcc/arm-none-eabi/7.3.1/../../../../arm-none-eabi/lib/thumb/v7-m\libc_nano.a(lib_a-puts.o) (__swsetup_r)
d:/st/stm32cubeide_1.4.0/stm32cubeide/plugins/com.st.stm32cube.ide.mcu.externaltools.gnu-tools-for-stm32.7-2018-q2-update.win32_1.4.0.202007081208/tools/bin/../lib/gcc/arm-none-eabi/7.3.1/../../../../arm-none-eabi/lib/thumb/v7-m\libc_nano.a(lib_a-fflush.o)
[...]
Memory Configuration

Name             Origin             Length             Attributes
RAM              0x0000000020000000 0x0000000000002800 xrw
ROM              0x0000000008000000 0x0000000000008000 xr
*default*        0x0000000000000000 0xffffffffffffffff

Linker script and memory map

LOAD d:/st/stm32cubeide_1.4.0/stm32cubeide/plugins/com.st.stm32cube.ide.mcu.externaltools.gnu-tools-for-stm32.7-2018-q2-update.win32_1.4.0.202007081208/tools/bin/../lib/gcc/arm-none-eabi/7.3.1/thumb/v7-m/crti.o
LOAD d:/st/stm32cubeide_1.4.0/stm32cubeide/plugins/com.st.stm32cube.ide.mcu.externaltools.gnu-tools-for-stm32.7-2018-q2-update.win32_1.4.0.202007081208/tools/bin/../lib/gcc/arm-none-eabi/7.3.1/thumb/v7-m/crtbegin.o
LOAD d:/st/stm32cubeide_1.4.0/stm32cubeide/plugins/com.st.stm32cube.ide.mcu.externaltools.gnu-tools-for-stm32.7-2018-q2-update.win32_1.4.0.202007081208/tools/bin/../lib/gcc/arm-none-eabi/7.3.1/../../../../arm-none-eabi/lib/thumb/v7-m/crt0.o
LOAD HAL/KEY_PAD.o
LOAD HAL/LCD.o
LOAD MY_RTOS/Cortex_Mx_OS_Porting.o
LOAD MY_RTOS/MY_RTOS_FIFO.o
LOAD MY_RTOS/scheduler.o
LOAD Src/main.o
LOAD Src/syscalls.o
LOAD Src/sysmem.o
LOAD Startup/startup_stm32f103c6tx.o
LOAD Stm32_F103C6_Drivers/Stm32_F103C6_EXTI_driver.o
LOAD Stm32_F103C6_Drivers/Stm32_F103C6_gpio_driver.o
START GROUP
LOAD d:/st/stm32cubeide_1.4.0/stm32cubeide/plugins/com.st.stm32cube.ide.mcu.externaltools.gnu-tools-for-stm32.7-2018-q2-update.win32_1.4.0.202007081208/tools/bin/../lib/gcc/arm-none-eabi/7.3.1/../../../../arm-none-eabi/lib/thumb/v7-m\libc_nano.a
LOAD d:/st/stm32cubeide_1.4.0/stm32cubeide/plugins/com.st.stm32cube.ide.mcu.externaltools.gnu-tools-for-stm32.7-2018-q2-update.win32_1.4.0.202007081208/tools/bin/../lib/gcc/arm-none-eabi/7.3.1/../../../../arm-none-eabi/lib/thumb/v7-m\libm.a
END GROUP
START GROUP
LOAD d:/st/stm32cubeide_1.4.0/stm32cubeide/plugins/com.st.stm32cube.ide.mcu.externaltools.gnu-tools-for-stm32.7-2018-q2-update.win32_1.4.0.202007081208/tools/bin/../lib/gcc/arm-none-eabi/7.3.1/thumb/v7-m\libgcc.a
LOAD d:/st/stm32cubeide_1.4.0/stm32cubeide/plugins/com.st.stm32cube.ide.mcu.externaltools.gnu-tools-for-stm32.7-2018-q2-update.win32_1.4.0.202007081208/tools/bin/../lib/gcc/arm-none-eabi/7.3.1/../../../../arm-none-eabi/lib/thumb/v7-m\libg_nano.a
LOAD d:/st/stm32cubeide_1.4.0/stm32cubeide/plugins/com.st.stm32cube.ide.mcu.externaltools.gnu-tools-for-stm32.7-2018-q2-update.win32_1.4.0.202007081208/tools/bin/../lib/gcc/arm-none-eabi/7.3.1/../../../../arm-none-eabi/lib/thumb/v7-m\libc_nano.a
END GROUP
START GROUP
LOAD d:/st/stm32cubeide_1.4.0/stm32cubeide/plugins/com.st.stm32cube.ide.mcu.externaltools.gnu-tools-for-stm32.7-2018-q2-update.win32_1.4.0.202007081208/tools/bin/../lib/gcc/arm-none-eabi/7.3.1/thumb/v7-m\libgcc.a
LOAD d:/st/stm32cubeide_1.4.0/stm32cubeide/plugins/com.st.stm32cube.ide.mcu.externaltools.gnu-tools-for-stm32.7-2018-q2-update.win32_1.4.0.202007081208/tools/bin/../lib/gcc/arm-none-eabi/7.3.1/../../../../arm-none-eabi/lib/thumb/v7-m\libc_nano.a
LOAD d:/st/stm32cubeide_1.4.0/stm32cubeide/plugins/com.st.stm32cube.ide.mcu.externaltools.gnu-tools-for-stm32.7-2018-q2-update.win32_1.4.0.202007081208/tools/bin/../lib/gcc/arm-none-eabi/7.3.1/../../../../arm-none-eabi/lib/thumb/v7-m\libnosys.a
END GROUP
START GROUP
LOAD d:/st/stm32cubeide_1.4.0/stm32cubeide/plugins/com.st.stm32cube.ide.mcu.externaltools.gnu-tools-for-stm32.7-2018-q2-update.win32_1.4.0.202007081208/tools/bin/../lib/gcc/arm-none-eabi/7.3.1/thumb/v7-m\libgcc.a
LOAD d:/st/stm32cubeide_1.4.0/stm32cubeide/plugins/com.st.stm32cube.ide.mcu.externaltools.gnu-tools-for-stm32.7-2018-q2-update.win32_1.4.0.202007081208/tools/bin/../lib/gcc/arm-none-eabi/7.3.1/../../../../arm-none-eabi/lib/thumb/v7-m\libc_nano.a
LOAD d:/st/stm32cubeide_1.4.0/stm32cubeide/plugins/com.st.stm32cube.ide.mcu.externaltools.gnu-tools-for-stm32.7-2018-q2-update.win32_1.4.0.202007081208/tools/bin/../lib/gcc/arm-none-eabi/7.3.1/../../../../arm-none-eabi/lib/thumb/v7-m\libnosys.a
END GROUP
LOAD d:/st/stm32cubeide_1.4.0/stm32cubeide/plugins/com.st.stm32cube.ide.mcu.externaltools.gnu-tools-for-stm32.7-2018-q2-update.win32_1.4.0.202007081208/tools/bin/../lib/gcc/arm-none-eabi/7.3.1/thumb/v7-m/crtend.o
LOAD d:/st/stm32cubeide_1.4.0/stm32cubeide/plugins/com.st.stm32cube.ide.mcu.externaltools.gnu-tools-for-stm32.7-2018-q2-update.win32_1.4.0.202007081208/tools/bin/../lib/gcc/arm-none-eabi/7.3.1/thumb/v7-m/crtn.o
                0x0000000020002800                _estack = (ORIGIN (RAM) + LENGTH (RAM))
                0x0000000000000200                _Min_Heap_Size = 0x200
                0x0000000000000400                _Min_Stack_Size = 0x400

.isr_vector     0x0000000008000000      0x130
                0x0000000008000000                . = ALIGN (0x4)
 *(.isr_vector)
 .isr_vector    0x0000000008000000      0x130 Startup/startup_stm32f103c6tx.o
                0x0000000008000000                g_pfnVectors
                0x0000000008000130                . = ALIGN (0x4)

.text           0x0000000008000130     0x19b4
                0x0000000008000130                . = ALIGN (0x4)
 *(.text)
 .text          0x0000000008000130       0x40 d:/st/stm32cubeide_1.4.0/stm32cubeide/plugins/com.st.stm32cube.ide.mcu.externaltools.gnu-tools-for-stm32.7-2018-q2-update.win32_1.4.0.202007081208/tools/bin/../lib/gcc/arm-none-eabi/7.3.1/thumb/v7-m/crtbegin.o
 .text          0x0000000008000170       0x14 d:/st/stm32cubeide_1.4.0/stm32cubeide/plugins/com.st.stm32cube.ide.mcu.externaltools.gnu-tools-for-stm32.7-2018-q2-update.win32_1.4.0.202007081208/tools/bin/../lib/gcc/arm-none-eabi/7.3.1/../../../../arm-none-eabi/lib/thumb/v7-m\libc_nano.a(lib_a-strcmp.o)
                0x0000000008000170                strcmp
 *(.text*)
 .text.__NVIC_SetPriority
                0x0000000008000184       0x54 MY_RTOS/Cortex_Mx_OS_Porting.o
 .text.SysTick_Config
                0x00000000080001d8       0x44 MY_RTOS/Cortex_Mx_OS_Porting.o
 .text.HardFault_Handler
                0x000000000800021c        0x6 MY_RTOS/Cortex_Mx_OS_Porting.o
                0x000000000800021c                HardFault_Handler
 .text.MemManage_Handler
                0x0000000008000222        0x6 MY_RTOS/Cortex_Mx_OS_Porting.o
                0x0000000008000222                MemManage_Handler
 .text.BusFault_Handler
                0x0000000008000228        0x6 MY_RTOS/Cortex_Mx_OS_Porting.o
                0x0000000008000228                BusFault_Handler
 .text.UsageFault_Handler
                0x000000000800022e        0x6 MY_RTOS/Cortex_Mx_OS_Porting.o
                0x000000000800022e                UsageFault_Handler
 .text.SVC_Handler
                0x0000000008000234       0x14 MY_RTOS/Cortex_Mx_OS_Porting.o
                0x0000000008000234                SVC_Handler
 .text.HW_init  0x0000000008000248       0x12 MY_RTOS/Cortex_Mx_OS_Porting.o
                0x0000000008000248                HW_init
 *fill*         0x000000000800025a        0x2 
 .text.OS_trigger_PendSV
                0x000000000800025c       0x1c MY_RTOS/Cortex_Mx_OS_Porting.o
                0x000000000800025c                OS_trigger_PendSV
 .text.Start_Ticker
                0x0000000008000278       0x10 MY_RTOS/Cortex_Mx_OS_Porting.o
                0x0000000008000278                Start_Ticker
 .text.SysTick_Handler
                0x0000000008000288       0x28 MY_RTOS/Cortex_Mx_OS_Porting.o
                0x0000000008000288                SysTick_Handler
 .text.FIFO_init
                0x00000000080002b0       0x40 MY_RTOS/MY_RTOS_FIFO.o
                0x00000000080002b0                FIFO_init
 .text.FIFO_enqueue
                0x00000000080002f0       0x8e MY_RTOS/MY_RTOS_FIFO.o
                0x00000000080002f0                FIFO_enqueue
 *fill*         0x000000000800037e        0x2 
 .text.FIFO_dequeue
                0x0000000008000380       0x8c MY_RTOS/MY_RTOS_FIFO.o
                0x0000000008000380                FIFO_dequeue
 .text.FIFO_is_full
                0x000000000800040c       0x48 MY_RTOS/MY_RTOS_FIFO.o
                0x000000000800040c                FIFO_is_full
 .text.FIFO_is_empty
                0x0000000008000454       0x3c MY_RTOS/MY_RTOS_FIFO.o
                0x0000000008000454                FIFO_is_empty
 .text.PendSV_Handler
                0x0000000008000490      0x1b8 MY_RTOS/scheduler.o
                0x0000000008000490                PendSV_Handler
 .text.MY_RTOS_Create_MainStack
                0x0000000008000648       0x3c MY_RTOS/scheduler.o
                0x0000000008000648                MY_RTOS_Create_MainStack
 .text.MY_RTOS_init
                0x0000000008000684       0x80 MY_RTOS/scheduler.o
                0x0000000008000684                MY_RTOS_init
 .text.MY_RTOS_idel_Task
                0x0000000008000704       0x1c MY_RTOS/scheduler.o
                0x0000000008000704                MY_RTOS_idel_Task
 .text.MY_RTOS_Create_TaskStack
                0x0000000008000720       0x7c MY_RTOS/scheduler.o
                0x0000000008000720                MY_RTOS_Create_TaskStack
 .text.MY_RTOS_Creat_Task
                0x000000000800079c       0x7c MY_RTOS/scheduler.o
                0x000000000800079c                MY_RTOS_Creat_Task
 .text.bubbleSort
                0x0000000008000818       0x8c MY_RTOS/scheduler.o
                0x0000000008000818                bubbleSort
 .text.MY_RTOS_Update_Scheduler_Table
                0x00000000080008a4       0xd0 MY_RTOS/scheduler.o
                0x00000000080008a4                MY_RTOS_Update_Scheduler_Table
 .text.Decide_whatNext
                0x0000000008000974       0xa4 MY_RTOS/scheduler.o
                0x0000000008000974                Decide_whatNext
 .text.OS_SVC_Services
                0x0000000008000a18       0x70 MY_RTOS/scheduler.o
                0x0000000008000a18                OS_SVC_Services
 .text.MY_RTOS_OS_SVC_Set
                0x0000000008000a88       0x30 MY_RTOS/scheduler.o
                0x0000000008000a88                MY_RTOS_OS_SVC_Set
 .text.MY_RTOS_ActivateTask
                0x0000000008000ab8       0x1e MY_RTOS/scheduler.o
                0x0000000008000ab8                MY_RTOS_ActivateTask
 .text.MY_RTOS_TaskWait
                0x0000000008000ad6       0x2e MY_RTOS/scheduler.o
                0x0000000008000ad6                MY_RTOS_TaskWait
 .text.MY_RTOS_STARTOS
                0x0000000008000b04       0x60 MY_RTOS/scheduler.o
                0x0000000008000b04                MY_RTOS_STARTOS
 .text.MY_RTOS_Update_TaskWaitingTime
                0x0000000008000b64       0x88 MY_RTOS/scheduler.o
                0x0000000008000b64                MY_RTOS_Update_TaskWaitingTime
 .text.task1    0x0000000008000bec       0x44 Src/main.o
                0x0000000008000bec                task1
 .text.task2    0x0000000008000c30       0x28 Src/main.o
                0x0000000008000c30                task2
 .text.task3    0x0000000008000c58       0x28 Src/main.o
                0x0000000008000c58                task3
 .text.task4    0x0000000008000c80       0x2c Src/main.o
                0x0000000008000c80                task4
 .text.main     0x0000000008000cac      0x13c Src/main.o
                0x0000000008000cac                main
 .text._read    0x0000000008000de8       0x3a Src/syscalls.o
                0x0000000008000de8                _read
 .text._write   0x0000000008000e22       0x38 Src/syscalls.o
                0x0000000008000e22                _write
 .text._close   0x0000000008000e5a       0x16 Src/syscalls.o
                0x0000000008000e5a                _close
 .text._fstat   0x0000000008000e70       0x1e Src/syscalls.o
                0x0000000008000e70                _fstat
 .text._isatty  0x0000000008000e8e       0x14 Src/syscalls.o
                0x0000000008000e8e                _isatty
 .text._lseek   0x0000000008000ea2       0x18 Src/syscalls.o
                0x0000000008000ea2                _lseek
 *fill*         0x0000000008000eba        0x2 
 .text._sbrk    0x0000000008000ebc       0x6c Src/sysmem.o
                0x0000000008000ebc                _sbrk
 .text.Reset_Handler
                0x0000000008000f28       0x50 Startup/startup_stm32f103c6tx.o
                0x0000000008000f28                Reset_Handler
 .text.Default_Handler
                0x0000000008000f78        0x2 Startup/startup_stm32f103c6tx.o
                0x0000000008000f78                TIM8_TRG_COM_IRQHandler
                0x0000000008000f78                TIM8_CC_IRQHandler
                0x0000000008000f78                DebugMon_Handler
                0x0000000008000f78                TIM1_CC_IRQHandler
                0x0000000008000f78                TIM6_IRQHandler
                0x0000000008000f78                PVD_IRQHandler
                0x0000000008000f78                SDIO_IRQHandler
                0x0000000008000f78                NMI_Handler
                0x0000000008000f78                USB_HP_CAN_TX_IRQHandler
                0x0000000008000f78                I2C2_EV_IRQHandler
                0x0000000008000f78                ADC1_2_IRQHandler
                0x0000000008000f78                SPI1_IRQHandler
                0x0000000008000f78                CAN_SCE_IRQHandler
                0x0000000008000f78                TAMPER_IRQHandler
                0x0000000008000f78                TIM8_UP_IRQHandler
                0x0000000008000f78                DMA2_Channel2_IRQHandler
                0x0000000008000f78                DMA1_Channel4_IRQHandler
                0x0000000008000f78                USART3_IRQHandler
                0x0000000008000f78                RTC_IRQHandler
                0x0000000008000f78                DMA1_Channel7_IRQHandler
                0x0000000008000f78                UART5_IRQHandler
                0x0000000008000f78                ADC3_IRQHandler
                0x0000000008000f78                TIM4_IRQHandler
                0x0000000008000f78                CAN_RX1_IRQHandler
                0x0000000008000f78                DMA2_Channel1_IRQHandler
                0x0000000008000f78                I2C1_EV_IRQHandler
                0x0000000008000f78                DMA1_Channel6_IRQHandler
                0x0000000008000f78                UART4_IRQHandler
                0x0000000008000f78                TIM3_IRQHandler
                0x0000000008000f78                RCC_IRQHandler
                0x0000000008000f78                TIM1_TRG_COM_IRQHandler
                0x0000000008000f78                DMA1_Channel1_IRQHandler
                0x0000000008000f78                Default_Handler
                0x0000000008000f78                TIM7_IRQHandler
                0x0000000008000f78                TIM5_IRQHandler
                0x0000000008000f78                SPI2_IRQHandler
                0x0000000008000f78                USB_LP_CAN_RX0_IRQHandler
                0x0000000008000f78                DMA1_Channel5_IRQHandler
                0x0000000008000f78                DMA1_Channel3_IRQHandler
                0x0000000008000f78                FSMC_IRQHandler
                0x0000000008000f78                TIM1_UP_IRQHandler
                0x0000000008000f78                WWDG_IRQHandler
                0x0000000008000f78                TIM2_IRQHandler
                0x0000000008000f78                TIM1_BRK_IRQHandler
                0x0000000008000f78                RTCAlarm_IRQHandler
                0x0000000008000f78                DMA2_Channel4_5_IRQHandler
                0x0000000008000f78                USART2_IRQHandler
                0x0000000008000f78                I2C2_ER_IRQHandler
                0x0000000008000f78                DMA1_Channel2_IRQHandler
                0x0000000008000f78                TIM8_BRK_IRQHandler
                0x0000000008000f78                FLASH_IRQHandler
                0x0000000008000f78                USART1_IRQHandler
                0x0000000008000f78                SPI3_IRQHandler
                0x0000000008000f78                I2C1_ER_IRQHandler
                0x0000000008000f78                DMA2_Channel3_IRQHandler
 *fill*         0x0000000008000f7a        0x2 
 .text.EXTI0_IRQHandler
                0x0000000008000f7c       0x24 Stm32_F103C6_Drivers/Stm32_F103C6_EXTI_driver.o
                0x0000000008000f7c                EXTI0_IRQHandler
 .text.EXTI1_IRQHandler
                0x0000000008000fa0       0x24 Stm32_F103C6_Drivers/Stm32_F103C6_EXTI_driver.o
                0x0000000008000fa0                EXTI1_IRQHandler
 .text.EXTI2_IRQHandler
                0x0000000008000fc4       0x24 Stm32_F103C6_Drivers/Stm32_F103C6_EXTI_driver.o
                0x0000000008000fc4                EXTI2_IRQHandler
 .text.EXTI3_IRQHandler
                0x0000000008000fe8       0x24 Stm32_F103C6_Drivers/Stm32_F103C6_EXTI_driver.o
                0x0000000008000fe8                EXTI3_IRQHandler
 .text.EXTI4_IRQHandler
                0x000000000800100c       0x24 Stm32_F103C6_Drivers/Stm32_F103C6_EXTI_driver.o
                0x000000000800100c                EXTI4_IRQHandler
 .text.EXTI9_5_IRQHandler
                0x0000000008001030       0xa8 Stm32_F103C6_Drivers/Stm32_F103C6_EXTI_driver.o
                0x0000000008001030                EXTI9_5_IRQHandler
 .text.EXTI15_10_IRQHandler
                0x00000000080010d8       0xc4 Stm32_F103C6_Drivers/Stm32_F103C6_EXTI_driver.o
                0x00000000080010d8                EXTI15_10_IRQHandler
 .text.__errno  0x000000000800119c        0xc d:/st/stm32cubeide_1.4.0/stm32cubeide/plugins/com.st.stm32cube.ide.mcu.externaltools.gnu-tools-for-stm32.7-2018-q2-update.win32_1.4.0.202007081208/tools/bin/../lib/gcc/arm-none-eabi/7.3.1/../../../../arm-none-eabi/lib/thumb/v7-m\libc_nano.a(lib_a-errno.o)
                0x000000000800119c                __errno
 .text.__libc_init_array
                0x00000000080011a8       0x48 d:/st/stm32cubeide_1.4.0/stm32cubeide/plugins/com.st.stm32cube.ide.mcu.externaltools.gnu-tools-for-stm32.7-2018-q2-update.win32_1.4.0.202007081208/tools/bin/../lib/gcc/arm-none-eabi/7.3.1/../../../../arm-none-eabi/lib/thumb/v7-m\libc_nano.a(lib_a-init.o)
                0x00000000080011a8                __libc_init_array
 .text.memset   0x00000000080011f0       0x10 d:/st/stm32cubeide_1.4.0/stm32cubeide/plugins/com.st.stm32cube.ide.mcu.externaltools.gnu-tools-for-stm32.7-2018-q2-update.win32_1.4.0.202007081208/tools/bin/../lib/gcc/arm-none-eabi/7.3.1/../../../../arm-none-eabi/lib/thumb/v7-m\libc_nano.a(lib_a-memset.o)
                0x00000000080011f0                memset
 .text._puts_r  0x0000000008001200       0xb8 d:/st/stm32cubeide_1.4.0/stm32cubeide/plugins/com.st.stm32cube.ide.mcu.externaltools.gnu-tools-for-stm32.7-2018-q2-update.win32_1.4.0.202007081208/tools/bin/../lib/gcc/arm-none-eabi/7.3.1/../../../../arm-none-eabi/lib/thumb/v7-m\libc_nano.a(lib_a-puts.o)
                0x0000000008001200                _puts_r
 .text.puts     0x00000000080012b8       0x10 d:/st/stm32cubeide_1.4.0/stm32cubeide/plugins/com.st.stm32cube.ide.mcu.externaltools.gnu-tools-for-stm32.7-2018-q2-update.win32_1.4.0.202007081208/tools/bin/../lib/gcc/arm-none-eabi/7.3.1/../../../../arm-none-eabi/lib/thumb/v7-m\libc_nano.a(lib_a-puts.o)
                0x00000000080012b8                puts
 .text.__swbuf_r
                0x00000000080012c8       0xa4 d:/st/stm32cubeide_1.4.0/stm32cubeide/plugins/com.st.stm32cube.ide.mcu.externaltools.gnu-tools-for-stm32.7-2018-q2-update.win32_1.4.0.202007081208/tools/bin/../lib/gcc/arm-none-eabi/7.3.1/../../../../arm-none-eabi/lib/thumb/v7-m\libc_nano.a(lib_a-wbuf.o)
                0x00000000080012c8                __swbuf_r
 .text.__swsetup_r
                0x000000000800136c       0xdc d:/st/stm32cubeide_1.4.0/stm32cubeide/plugins/com.st.stm32cube.ide.mcu.externaltools.gnu-tools-for-stm32.7-2018-q2-update.win32_1.4.0.202007081208/tools/bin/../lib/gcc/arm-none-eabi/7.3.1/../../../../arm-none-eabi/lib/thumb/v7-m\libc_nano.a(lib_a-wsetup.o)
                0x000000000800136c                __swsetup_r
 .text.__sflush_r
                0x0000000008001448      0x10c d:/st/stm32cubeide_1.4.0/stm32cubeide/plugins/com.st.stm32cube.ide.mcu.externaltools.gnu-tools-for-stm32.7-2018-q2-update.win32_1.4.0.202007081208/tools/bin/../lib/gcc/arm-none-eabi/7.3.1/../../../../arm-none-eabi/lib/thumb/v7-m\libc_nano.a(lib_a-fflush.o)
                0x0000000008001448                __sflush_r
 .text._fflush_r
                0x0000000008001554       0x54 d:/st/stm32cubeide_1.4.0/stm32cubeide/plugins/com.st.stm32cube.ide.mcu.externaltools.gnu-tools-for-stm32.7-2018-q2-update.win32_1.4.0.202007081208/tools/bin/../lib/gcc/arm-none-eabi/7.3.1/../../../../arm-none-eabi/lib/thumb/v7-m\libc_nano.a(lib_a-fflush.o)
                0x0000000008001554                _fflush_r
 .text.std      0x00000000080015a8       0x48 d:/st/stm32cubeide_1.4.0/stm32cubeide/plugins/com.st.stm32cube.ide.mcu.externaltools.gnu-tools-for-stm32.7-2018-q2-update.win32_1.4.0.202007081208/tools/bin/../lib/gcc/arm-none-eabi/7.3.1/../../../../arm-none-eabi/lib/thumb/v7-m\libc_nano.a(lib_a-findfp.o)
 .text._cleanup_r
                0x00000000080015f0        0xc d:/st/stm32cubeide_1.4.0/stm32cubeide/plugins/com.st.stm32cube.ide.mcu.externaltools.gnu-tools-for-stm32.7-2018-q2-update.win32_1.4.0.202007081208/tools/bin/../lib/gcc/arm-none-eabi/7.3.1/../../../../arm-none-eabi/lib/thumb/v7-m\libc_nano.a(lib_a-findfp.o)
                0x00000000080015f0                _cleanup_r
 .text.__sfmoreglue
                0x00000000080015fc       0x2c d:/st/stm32cubeide_1.4.0/stm32cubeide/plugins/com.st.stm32cube.ide.mcu.externaltools.gnu-tools-for-stm32.7-2018-q2-update.win32_1.4.0.202007081208/tools/bin/../lib/gcc/arm-none-eabi/7.3.1/../../../../arm-none-eabi/lib/thumb/v7-m\libc_nano.a(lib_a-findfp.o)
                0x00000000080015fc                __sfmoreglue
 .text.__sinit  0x0000000008001628       0x60 d:/st/stm32cubeide_1.4.0/stm32cubeide/plugins/com.st.stm32cube.ide.mcu.externaltools.gnu-tools-for-stm32.7-2018-q2-update.win32_1.4.0.202007081208/tools/bin/../lib/gcc/arm-none-eabi/7.3.1/../../../../arm-none-eabi/lib/thumb/v7-m\libc_nano.a(lib_a-findfp.o)
                0x0000000008001628                __sinit
 .text.__sfp    0x0000000008001688       0x78 d:/st/stm32cubeide_1.4.0/stm32cubeide/plugins/com.st.stm32cube.ide.mcu.externaltools.gnu-tools-for-stm32.7-2018-q2-update.win32_1.4.0.202007081208/tools/bin/../lib/gcc/arm-none-eabi/7.3.1/../../../../arm-none-eabi/lib/thumb/v7-m\libc_nano.a(lib_a-findfp.o)
                0x0000000008001688                __sfp
 .text._fwalk_reent
                0x0000000008001700       0x3c d:/st/stm32cubeide_1.4.0/stm32cubeide/plugins/com.st.stm32cube.ide.mcu.externaltools.gnu-tools-for-stm32.7-2018-q2-update.win32_1.4.0.202007081208/tools/bin/../lib/gcc/arm-none-eabi/7.3.1/../../../../arm-none-eabi/lib/thumb/v7-m\libc_nano.a(lib_a-fwalk.o)
                0x0000000008001700                _fwalk_reent
 .text.__swhatbuf_r
                0x000000000800173c       0x48 d:/st/stm32cubeide_1.4.0/stm32cubeide/plugins/com.st.stm32cube.ide.mcu.externaltools.gnu-tools-for-stm32.7-2018-q2-update.win32_1.4.0.202007081208/tools/bin/../lib/gcc/arm-none-eabi/7.3.1/../../../../arm-none-eabi/lib/thumb/v7-m\libc_nano.a(lib_a-makebuf.o)
                0x000000000800173c                __swhatbuf_r
 .text.__smakebuf_r
                0x0000000008001784       0x80 d:/st/stm32cubeide_1.4.0/stm32cubeide/plugins/com.st.stm32cube.ide.mcu.externaltools.gnu-tools-for-stm32.7-2018-q2-update.win32_1.4.0.202007081208/tools/bin/../lib/gcc/arm-none-eabi/7.3.1/../../../../arm-none-eabi/lib/thumb/v7-m\libc_nano.a(lib_a-makebuf.o)
                0x0000000008001784                __smakebuf_r
 .text._free_r  0x0000000008001804       0x98 d:/st/stm32cubeide_1.4.0/stm32cubeide/plugins/com.st.stm32cube.ide.mcu.externaltools.gnu-tools-for-stm32.7-2018-q2-update.win32_1.4.0.202007081208/tools/bin/../lib/gcc/arm-none-eabi/7.3.1/../../../../arm-none-eabi/lib/thumb/v7-m\libc_nano.a(lib_a-nano-freer.o)
                0x0000000008001804                _free_r
 .text._malloc_r
                0x000000000800189c       0xb4 d:/st/stm32cubeide_1.4.0/stm32cubeide/plugins/com.st.stm32cube.ide.mcu.externaltools.gnu-tools-for-stm32.7-2018-q2-update.win32_1.4.0.202007081208/tools/bin/../lib/gcc/arm-none-eabi/7.3.1/../../../../arm-none-eabi/lib/thumb/v7-m\libc_nano.a(lib_a-nano-mallocr.o)
                0x000000000800189c                _malloc_r
 .text._sbrk_r  0x0000000008001950       0x20 d:/st/stm32cubeide_1.4.0/stm32cubeide/plugins/com.st.stm32cube.ide.mcu.externaltools.gnu-tools-for-stm32.7-2018-q2-update.win32_1.4.0.202007081208/tools/bin/../lib/gcc/arm-none-eabi/7.3.1/../../../../arm-none-eabi/lib/thumb/v7-m\libc_nano.a(lib_a-sbrkr.o)
                0x0000000008001950                _sbrk_r
 .text.__sread  0x0000000008001970       0x22 d:/st/stm32cubeide_1.4.0/stm32cubeide/plugins/com.st.stm32cube.ide.mcu.externaltools.gnu-tools-for-stm32.7-2018-q2-update.win32_1.4.0.202007081208/tools/bin/../lib/gcc/arm-none-eabi/7.3.1/../../../../arm-none-eabi/lib/thumb/v7-m\libc_nano.a(lib_a-stdio.o)
                0x0000000008001970                __sread
 .text.__swrite
                0x0000000008001992       0x38 d:/st/stm32cubeide_1.4.0/stm32cubeide/plugins/com.st.stm32cube.ide.mcu.externaltools.gnu-tools-for-stm32.7-2018-q2-update.win32_1.4.0.202007081208/tools/bin/../lib/gcc/arm-none-eabi/7.3.1/../../../../arm-none-eabi/lib/thumb/v7-m\libc_nano.a(lib_a-stdio.o)
                0x0000000008001992                __swrite
 .text.__sseek  0x00000000080019ca       0x24 d:/st/stm32cubeide_1.4.0/stm32cubeide/plugins/com.st.stm32cube.ide.mcu.externaltools.gnu-tools-for-stm32.7-2018-q2-update.win32_1.4.0.202007081208/tools/bin/../lib/gcc/arm-none-eabi/7.3.1/../../../../arm-none-eabi/lib/thumb/v7-m\libc_nano.a(lib_a-stdio.o)
                0x00000000080019ca                __sseek
 .text.__sclose
                0x00000000080019ee        0x8 d:/st/stm32cubeide_1.4.0/stm32cubeide/plugins/com.st.stm32cube.ide.mcu.externaltools.gnu-tools-for-stm32.7-2018-q2-update.win32_1.4.0.202007081208/tools/bin/../lib/gcc/arm-none-eabi/7.3.1/../../../../arm-none-eabi/lib/thumb/v7-m\libc_nano.a(lib_a-stdio.o)
                0x00000000080019ee                __sclose
 *fill*         0x00000000080019f6        0x2 
 .text._write_r
                0x00000000080019f8       0x24 d:/st/stm32cubeide_1.4.0/stm32cubeide/plugins/com.st.stm32cube.ide.mcu.externaltools.gnu-tools-for-stm32.7-2018-q2-update.win32_1.4.0.202007081208/tools/bin/../lib/gcc/arm-none-eabi/7.3.1/../../../../arm-none-eabi/lib/thumb/v7-m\libc_nano.a(lib_a-writer.o)
                0x00000000080019f8                _write_r
 .text._close_r
                0x0000000008001a1c       0x20 d:/st/stm32cubeide_1.4.0/stm32cubeide/plugins/com.st.stm32cube.ide.mcu.externaltools.gnu-tools-for-stm32.7-2018-q2-update.win32_1.4.0.202007081208/tools/bin/../lib/gcc/arm-none-eabi/7.3.1/../../../../arm-none-eabi/lib/thumb/v7-m\libc_nano.a(lib_a-closer.o)
                0x0000000008001a1c                _close_r
 .text._fstat_r
                0x0000000008001a3c       0x24 d:/st/stm32cubeide_1.4.0/stm32cubeide/plugins/com.st.stm32cube.ide.mcu.externaltools.gnu-tools-for-stm32.7-2018-q2-update.win32_1.4.0.202007081208/tools/bin/../lib/gcc/arm-none-eabi/7.3.1/../../../../arm-none-eabi/lib/thumb/v7-m\libc_nano.a(lib_a-fstatr.o)
                0x0000000008001a3c                _fstat_r
 .text._isatty_r
                0x0000000008001a60       0x20 d:/st/stm32cubeide_1.4.0/stm32cubeide/plugins/com.st.stm32cube.ide.mcu.externaltools.gnu-tools-for-stm32.7-2018-q2-update.win32_1.4.0.202007081208/tools/bin/../lib/gcc/arm-none-eabi/7.3.1/../../../../arm-none-eabi/lib/thumb/v7-m\libc_nano.a(lib_a-isattyr.o)
                0x0000000008001a60                _isatty_r
 .text._lseek_r
                0x0000000008001a80       0x24 d:/st/stm32cubeide_1.4.0/stm32cubeide/plugins/com.st.stm32cube.ide.mcu.externaltools.gnu-tools-for-stm32.7-2018-q2-update.win32_1.4.0.202007081208/tools/bin/../lib/gcc/arm-none-eabi/7.3.1/../../../../arm-none-eabi/lib/thumb/v7-m\libc_nano.a(lib_a-lseekr.o)
                0x0000000008001a80                _lseek_r
 .text.__malloc_lock
                0x0000000008001aa4        0x2 d:/st/stm32cubeide_1.4.0/stm32cubeide/plugins/com.st.stm32cube.ide.mcu.externaltools.gnu-tools-for-stm32.7-2018-q2-update.win32_1.4.0.202007081208/tools/bin/../lib/gcc/arm-none-eabi/7.3.1/../../../../arm-none-eabi/lib/thumb/v7-m\libc_nano.a(lib_a-mlock.o)
                0x0000000008001aa4                __malloc_lock
 .text.__malloc_unlock
                0x0000000008001aa6        0x2 d:/st/stm32cubeide_1.4.0/stm32cubeide/plugins/com.st.stm32cube.ide.mcu.externaltools.gnu-tools-for-stm32.7-2018-q2-update.win32_1.4.0.202007081208/tools/bin/../lib/gcc/arm-none-eabi/7.3.1/../../../../arm-none-eabi/lib/thumb/v7-m\libc_nano.a(lib_a-mlock.o)
                0x0000000008001aa6                __malloc_unlock
 .text._read_r  0x0000000008001aa8       0x24 d:/st/stm32cubeide_1.4.0/stm32cubeide/plugins/com.st.stm32cube.ide.mcu.externaltools.gnu-tools-for-stm32.7-2018-q2-update.win32_1.4.0.202007081208/tools/bin/../lib/gcc/arm-none-eabi/7.3.1/../../../../arm-none-eabi/lib/thumb/v7-m\libc_nano.a(lib_a-readr.o)
                0x0000000008001aa8                _read_r
 *(.glue_7)
 .glue_7        0x0000000008001acc        0x0 linker stubs
 *(.glue_7t)
 .glue_7t       0x0000000008001acc        0x0 linker stubs
 *(.eh_frame)
 .eh_frame      0x0000000008001acc        0x0 d:/st/stm32cubeide_1.4.0/stm32cubeide/plugins/com.st.stm32cube.ide.mcu.externaltools.gnu-tools-for-stm32.7-2018-q2-update.win32_1.4.0.202007081208/tools/bin/../lib/gcc/arm-none-eabi/7.3.1/thumb/v7-m/crtbegin.o
 *(.init)
 .init          0x0000000008001acc        0x4 d:/st/stm32cubeide_1.4.0/stm32cubeide/plugins/com.st.stm32cube.ide.mcu.externaltools.gnu-tools-for-stm32.7-2018-q2-update.win32_1.4.0.202007081208/tools/bin/../lib/gcc/arm-none-eabi/7.3.1/thumb/v7-m/crti.o
                0x0000000008001acc                _init
 .init          0x0000000008001ad0        0x8 d:/st/stm32cubeide_1.4.0/stm32cubeide/plugins/com.st.stm32cube.ide.mcu.externaltools.gnu-tools-for-stm32.7-2018-q2-update.win32_1.4.0.202007081208/tools/bin/../lib/gcc/arm-none-eabi/7.3.1/thumb/v7-m/crtn.o
 *(.fini)
 .fini          0x0000000008001ad8        0x4 d:/st/stm32cubeide_1.4.0/stm32cubeide/plugins/com.st.stm32cube.ide.mcu.externaltools.gnu-tools-for-stm32.7-2018-q2-update.win32_1.4.0.202007081208/tools/bin/../lib/gcc/arm-none-eabi/7.3.1/thumb/v7-m/crti.o
                0x0000000008001ad8                _fini
 .fini          0x0000000008001adc        0x8 d:/st/stm32cubeide_1.4.0/stm32cubeide/plugins/com.st.stm32cube.ide.mcu.externaltools.gnu-tools-for-stm32.7-2018-q2-update.win32_1.4.0.202007081208/tools/bin/../lib/gcc/arm-none-eabi/7.3.1/thumb/v7-m/crtn.o
                0x0000000008001ae4                . = ALIGN (0x4)
                0x0000000008001ae4                _etext = .

.vfp11_veneer   0x0000000008001ae4        0x0
 .vfp11_veneer  0x0000000008001ae4        0x0 linker stubs

.v4_bx          0x0000000008001ae4        0x0
 .v4_bx         0x0000000008001ae4        0x0 linker stubs

.iplt           0x0000000008001ae4        0x0
 .iplt          0x0000000008001ae4        0x0 d:/st/stm32cubeide_1.4.0/stm32cubeide/plugins/com.st.stm32cube.ide.mcu.externaltools.gnu-tools-for-stm32.7-2018-q2-update.win32_1.4.0.202007081208/tools/bin/../lib/gcc/arm-none-eabi/7.3.1/thumb/v7-m/crtbegin.o

.rodata         0x0000000008001ae4      0x108
                0x0000000008001ae4                . = ALIGN (0x4)
 *(.rodata)
 .rodata        0x0000000008001ae4       0x76 MY_RTOS/MY_RTOS_FIFO.o
 *fill*         0x0000000008001b5a        0x2 
 .rodata        0x0000000008001b5c        0xa MY_RTOS/scheduler.o
 *fill*         0x0000000008001b66        0x2 
 .rodata        0x0000000008001b68       0x1e Src/main.o
 *(.rodata*)
 *fill*         0x0000000008001b86        0x2 
 .rodata._global_impure_ptr
                0x0000000008001b88        0x4 d:/st/stm32cubeide_1.4.0/stm32cubeide/plugins/com.st.stm32cube.ide.mcu.externaltools.gnu-tools-for-stm32.7-2018-q2-update.win32_1.4.0.202007081208/tools/bin/../lib/gcc/arm-none-eabi/7.3.1/../../../../arm-none-eabi/lib/thumb/v7-m\libc_nano.a(lib_a-impure.o)
                0x0000000008001b88                _global_impure_ptr
 .rodata.__sf_fake_stderr
                0x0000000008001b8c       0x20 d:/st/stm32cubeide_1.4.0/stm32cubeide/plugins/com.st.stm32cube.ide.mcu.externaltools.gnu-tools-for-stm32.7-2018-q2-update.win32_1.4.0.202007081208/tools/bin/../lib/gcc/arm-none-eabi/7.3.1/../../../../arm-none-eabi/lib/thumb/v7-m\libc_nano.a(lib_a-findfp.o)
                0x0000000008001b8c                __sf_fake_stderr
 .rodata.__sf_fake_stdin
                0x0000000008001bac       0x20 d:/st/stm32cubeide_1.4.0/stm32cubeide/plugins/com.st.stm32cube.ide.mcu.externaltools.gnu-tools-for-stm32.7-2018-q2-update.win32_1.4.0.202007081208/tools/bin/../lib/gcc/arm-none-eabi/7.3.1/../../../../arm-none-eabi/lib/thumb/v7-m\libc_nano.a(lib_a-findfp.o)
                0x0000000008001bac                __sf_fake_stdin
 .rodata.__sf_fake_stdout
                0x0000000008001bcc       0x20 d:/st/stm32cubeide_1.4.0/stm32cubeide/plugins/com.st.stm32cube.ide.mcu.externaltools.gnu-tools-for-stm32.7-2018-q2-update.win32_1.4.0.202007081208/tools/bin/../lib/gcc/arm-none-eabi/7.3.1/../../../../arm-none-eabi/lib/thumb/v7-m\libc_nano.a(lib_a-findfp.o)
                0x0000000008001bcc                __sf_fake_stdout
                0x0000000008001bec                . = ALIGN (0x4)

.rel.dyn        0x0000000008001bec        0x0
 .rel.iplt      0x0000000008001bec        0x0 d:/st/stm32cubeide_1.4.0/stm32cubeide/plugins/com.st.stm32cube.ide.mcu.externaltools.gnu-tools-for-stm32.7-2018-q2-update.win32_1.4.0.202007081208/tools/bin/../lib/gcc/arm-none-eabi/7.3.1/thumb/v7-m/crtbegin.o

.ARM.extab      0x0000000008001bec        0x0
                0x0000000008001bec                . = ALIGN (0x4)
 *(.ARM.extab* .gnu.linkonce.armextab.*)
                0x0000000008001bec                . = ALIGN (0x4)

.ARM            0x0000000008001bec        0x0
                0x0000000008001bec                . = ALIGN (0x4)
                0x0000000008001bec                __exidx_start = .
 *(.ARM.exidx*)
                0x0000000008001bec                __exidx_end = .
                0x0000000008001bec                . = ALIGN (0x4)

.preinit_array  0x0000000008001bec        0x0
                0x0000000008001bec                . = ALIGN (0x4)
                0x0000000008001bec                PROVIDE (__preinit_array_start = .)
 *(.preinit_array*)
                0x0000000008001bec                PROVIDE (__preinit_array_end = .)
                0x0000000008001bec                . = ALIGN (0x4)

.init_array     0x0000000008001bec        0x4
                0x0000000008001bec                . = ALIGN (0x4)
                0x0000000008001bec                PROVIDE (__init_array_start = .)
 *(SORT_BY_NAME(.init_array.*))
 *(.init_array*)
 .init_array    0x0000000008001bec        0x4 d:/st/stm32cubeide_1.4.0/stm32cubeide/plugins/com.st.stm32cube.ide.mcu.externaltools.gnu-tools-for-stm32.7-2018-q2-update.win32_1.4.0.202007081208/tools/bin/../lib/gcc/arm-none-eabi/7.3.1/thumb/v7-m/crtbegin.o
                0x0000000008001bf0                PROVIDE (__init_array_end = .)
                0x0000000008001bf0                . = ALIGN (0x4)

.fini_array     0x0000000008001bf0        0x4
                0x0000000008001bf0                . = ALIGN (0x4)
                [!provide]                        PROVIDE (__fini_array_start = .)
 *(SORT_BY_NAME(.fini_array.*))
 *(.fini_array*)
 .fini_array    0x0000000008001bf0        0x4 d:/st/stm32cubeide_1.4.0/stm32cubeide/plugins/com.st.stm32cube.ide.mcu.externaltools.gnu-tools-for-stm32.7-2018-q2-update.win32_1.4.0.202007081208/tools/bin/../lib/gcc/arm-none-eabi/7.3.1/thumb/v7-m/crtbegin.o
                [!provide]                        PROVIDE (__fini_array_end = .)
                0x0000000008001bf4                . = ALIGN (0x4)
                0x0000000008001bf4                _sidata = LOADADDR (.data)

.data           0x0000000020000000       0x64 load address 0x0000000008001bf4
                0x0000000020000000                . = ALIGN (0x4)
                0x0000000020000000                _sdata = .
 *(.data)
 *(.data*)
 .data._impure_ptr
                0x0000000020000000        0x4 d:/st/stm32cubeide_1.4.0/stm32cubeide/plugins/com.st.stm32cube.ide.mcu.externaltools.gnu-tools-for-stm32.7-2018-q2-update.win32_1.4.0.202007081208/tools/bin/../lib/gcc/arm-none-eabi/7.3.1/../../../../arm-none-eabi/lib/thumb/v7-m\libc_nano.a(lib_a-impure.o)
                0x0000000020000000                _impure_ptr
 .data.impure_data
                0x0000000020000004       0x60 d:/st/stm32cubeide_1.4.0/stm32cubeide/plugins/com.st.stm32cube.ide.mcu.externaltools.gnu-tools-for-stm32.7-2018-q2-update.win32_1.4.0.202007081208/tools/bin/../lib/gcc/arm-none-eabi/7.3.1/../../../../arm-none-eabi/lib/thumb/v7-m\libc_nano.a(lib_a-impure.o)
                0x0000000020000064                . = ALIGN (0x4)
                0x0000000020000064                _edata = .

.igot.plt       0x0000000020000064        0x0 load address 0x0000000008001c58
 .igot.plt      0x0000000020000064        0x0 d:/st/stm32cubeide_1.4.0/stm32cubeide/plugins/com.st.stm32cube.ide.mcu.externaltools.gnu-tools-for-stm32.7-2018-q2-update.win32_1.4.0.202007081208/tools/bin/../lib/gcc/arm-none-eabi/7.3.1/thumb/v7-m/crtbegin.o
                0x0000000020000064                . = ALIGN (0x4)

.bss            0x0000000020000064      0x524 load address 0x0000000008001c58
                0x0000000020000064                _sbss = .
                0x0000000020000064                __bss_start__ = _sbss
 *(.bss)
 .bss           0x0000000020000064       0x1c d:/st/stm32cubeide_1.4.0/stm32cubeide/plugins/com.st.stm32cube.ide.mcu.externaltools.gnu-tools-for-stm32.7-2018-q2-update.win32_1.4.0.202007081208/tools/bin/../lib/gcc/arm-none-eabi/7.3.1/thumb/v7-m/crtbegin.o
 *(.bss*)
 .bss.Task4LED  0x0000000020000080        0x1 Src/main.o
                0x0000000020000080                Task4LED
 *fill*         0x0000000020000081        0x3 
 .bss.__sbrk_heap_end
                0x0000000020000084        0x4 Src/sysmem.o
 .bss.__malloc_free_list
                0x0000000020000088        0x4 d:/st/stm32cubeide_1.4.0/stm32cubeide/plugins/com.st.stm32cube.ide.mcu.externaltools.gnu-tools-for-stm32.7-2018-q2-update.win32_1.4.0.202007081208/tools/bin/../lib/gcc/arm-none-eabi/7.3.1/../../../../arm-none-eabi/lib/thumb/v7-m\libc_nano.a(lib_a-nano-mallocr.o)
                0x0000000020000088                __malloc_free_list
 .bss.__malloc_sbrk_start
                0x000000002000008c        0x4 d:/st/stm32cubeide_1.4.0/stm32cubeide/plugins/com.st.stm32cube.ide.mcu.externaltools.gnu-tools-for-stm32.7-2018-q2-update.win32_1.4.0.202007081208/tools/bin/../lib/gcc/arm-none-eabi/7.3.1/../../../../arm-none-eabi/lib/thumb/v7-m\libc_nano.a(lib_a-nano-mallocr.o)
                0x000000002000008c                __malloc_sbrk_start
 *(COMMON)
 COMMON         0x0000000020000090        0x1 MY_RTOS/Cortex_Mx_OS_Porting.o
                0x0000000020000090                SysTickLED
 *fill*         0x0000000020000091        0x3 
 COMMON         0x0000000020000094      0x398 MY_RTOS/scheduler.o
                0x0000000020000094                Ready_Queue
                0x00000000200000a8                idel_TaskLED
                0x00000000200000ac                OS_CONROL
                0x0000000020000258                MY_RTOS_IDEL_Task
                0x000000002000029c                Ready_Queue_FIFO
 COMMON         0x000000002000042c      0x119 Src/main.o
                0x000000002000042c                Task4
                0x0000000020000470                Task1
                0x00000000200004b4                Task2LED
                0x00000000200004b8                Task3
                0x00000000200004fc                Task1LED
                0x0000000020000500                Task2
                0x0000000020000544                Task3LED
 *fill*         0x0000000020000545        0x3 
 COMMON         0x0000000020000548       0x3c Stm32_F103C6_Drivers/Stm32_F103C6_EXTI_driver.o
                0x0000000020000548                GP_IRQ_CallBack
 COMMON         0x0000000020000584        0x4 d:/st/stm32cubeide_1.4.0/stm32cubeide/plugins/com.st.stm32cube.ide.mcu.externaltools.gnu-tools-for-stm32.7-2018-q2-update.win32_1.4.0.202007081208/tools/bin/../lib/gcc/arm-none-eabi/7.3.1/../../../../arm-none-eabi/lib/thumb/v7-m\libc_nano.a(lib_a-reent.o)
                0x0000000020000584                errno
                0x0000000020000588                . = ALIGN (0x4)
                0x0000000020000588                _ebss = .
                0x0000000020000588                __bss_end__ = _ebss

._user_heap_stack
                0x0000000020000588      0x600 load address 0x0000000008001c58
                0x0000000020000588                . = ALIGN (0x8)
                [!provide]                        PROVIDE (end = .)
                0x0000000020000588                PROVIDE (_end = .)
                0x0000000020000788                . = (. + _Min_Heap_Size)
 *fill*         0x0000000020000588      0x200 
                0x0000000020000788                _eheap = .
                0x0000000020000b88                . = (. + _Min_Stack_Size)
 *fill*         0x0000000020000788      0x400 
                0x0000000020000b88                . = ALIGN (0x8)

/DISCARD/
 libc.a(*)
 libm.a(*)
 libgcc.a(*)

.ARM.attributes
                0x0000000000000000       0x29
 *(.ARM.attributes)
 .ARM.attributes
                0x0000000000000000       0x1d d:/st/stm32cubeide_1.4.0/stm32cubeide/plugins/com.st.stm32cube.ide.mcu.externaltools.gnu-tools-for-stm32.7-2018-q2-update.win32_1.4.0.202007081208/tools/bin/../lib/gcc/arm-none-eabi/7.3.1/thumb/v7-m/crti.o
 .ARM.attributes
                0x000000000000001d       0x2d d:/st/stm32cubeide_1.4.0/stm32cubeide/plugins/com.st.stm32cube.ide.mcu.externaltools.gnu-tools-for-stm32.7-2018-q2-update.win32_1.4.0.202007081208/tools/bin/../lib/gcc/arm-none-eabi/7.3.1/thumb/v7-m/crtbegin.o
 .ARM.attributes
                0x000000000000004a       0x33 MY_RTOS/Cortex_Mx_OS_Porting.o
 .ARM.attributes
                0x000000000000007d       0x33 MY_RTOS/MY_RTOS_FIFO.o
 .ARM.attributes
                0x00000000000000b0       0x33 MY_RTOS/scheduler.o
 .ARM.attributes
                0x00000000000000e3       0x33 Src/main.o
 .ARM.attributes
                0x0000000000000116       0x33 Src/syscalls.o
 .ARM.attributes
                0x0000000000000149       0x33 Src/sysmem.o
 .ARM.attributes
                0x000000000000017c       0x21 Startup/startup_stm32f103c6tx.o
 .ARM.attributes
                0x000000000000019d       0x33 Stm32_F103C6_Drivers/Stm32_F103C6_EXTI_driver.o
 .ARM.attributes
                0x00000000000001d0       0x2d d:/st/stm32cubeide_1.4.0/stm32cubeide/plugins/com.st.stm32cube.ide.mcu.externaltools.gnu-tools-for-stm32.7-2018-q2-update.win32_1.4.0.202007081208/tools/bin/../lib/gcc/arm-none-eabi/7.3.1/../../../../arm-none-eabi/lib/thumb/v7-m\libc_nano.a(lib_a-errno.o)
 .ARM.attributes
                0x00000000000001fd       0x2d d:/st/stm32cubeide_1.4.0/stm32cubeide/plugins/com.st.stm32cube.ide.mcu.externaltools.gnu-tools-for-stm32.7-2018-q2-update.win32_1.4.0.202007081208/tools/bin/../lib/gcc/arm-none-eabi/7.3.1/../../../../arm-none-eabi/lib/thumb/v7-m\libc_nano.a(lib_a-impure.o)
 .ARM.attributes
                0x000000000000022a       0x2d d:/st/stm32cubeide_1.4.0/stm32cubeide/plugins/com.st.stm32cube.ide.mcu.externaltools.gnu-tools-for-stm32.7-2018-q2-update.win32_1.4.0.202007081208/tools/bin/../lib/gcc/arm-none-eabi/7.3.1/../../../../arm-none-eabi/lib/thumb/v7-m\libc_nano.a(lib_a-init.o)
 .ARM.attributes
                0x0000000000000257       0x2d d:/st/stm32cubeide_1.4.0/stm32cubeide/plugins/com.st.stm32cube.ide.mcu.externaltools.gnu-tools-for-stm32.7-2018-q2-update.win32_1.4.0.202007081208/tools/bin/../lib/gcc/arm-none-eabi/7.3.1/../../../../arm-none-eabi/lib/thumb/v7-m\libc_nano.a(lib_a-memset.o)
 .ARM.attributes
                0x0000000000000284       0x2d d:/st/stm32cubeide_1.4.0/stm32cubeide/plugins/com.st.stm32cube.ide.mcu.externaltools.gnu-tools-for-stm32.7-2018-q2-update.win32_1.4.0.202007081208/tools/bin/../lib/gcc/arm-none-eabi/7.3.1/../../../../arm-none-eabi/lib/thumb/v7-m\libc_nano.a(lib_a-puts.o)
 .ARM.attributes
                0x00000000000002b1       0x1b d:/st/stm32cubeide_1.4.0/stm32cubeide/plugins/com.st.stm32cube.ide.mcu.externaltools.gnu-tools-for-stm32.7-2018-q2-update.win32_1.4.0.202007081208/tools/bin/../lib/gcc/arm-none-eabi/7.3.1/../../../../arm-none-eabi/lib/thumb/v7-m\libc_nano.a(lib_a-strcmp.o)
 .ARM.attributes
                0x00000000000002cc       0x2d d:/st/stm32cubeide_1.4.0/stm32cubeide/plugins/com.st.stm32cube.ide.mcu.externaltools.gnu-tools-for-stm32.7-2018-q2-update.win32_1.4.0.202007081208/tools/bin/../lib/gcc/arm-none-eabi/7.3.1/../../../../arm-none-eabi/lib/thumb/v7-m\libc_nano.a(lib_a-wbuf.o)
 .ARM.attributes
                0x00000000000002f9       0x2d d:/st/stm32cubeide_1.4.0/stm32cubeide/plugins/com.st.stm32cube.ide.mcu.externaltools.gnu-tools-for-stm32.7-2018-q2-update.win32_1.4.0.202007081208/tools/bin/../lib/gcc/arm-none-eabi/7.3.1/../../../../arm-none-eabi/lib/thumb/v7-m\libc_nano.a(lib_a-wsetup.o)
 .ARM.attributes
                0x0000000000000326       0x2d d:/st/stm32cubeide_1.4.0/stm32cubeide/plugins/com.st.stm32cube.ide.mcu.externaltools.gnu-tools-for-stm32.7-2018-q2-update.win32_1.4.0.202007081208/tools/bin/../lib/gcc/arm-none-eabi/7.3.1/../../../../arm-none-eabi/lib/thumb/v7-m\libc_nano.a(lib_a-fflush.o)
 .ARM.attributes
                0x0000000000000353       0x2d d:/st/stm32cubeide_1.4.0/stm32cubeide/plugins/com.st.stm32cube.ide.mcu.externaltools.gnu-tools-for-stm32.7-2018-q2-update.win32_1.4.0.202007081208/tools/bin/../lib/gcc/arm-none-eabi/7.3.1/../../../../arm-none-eabi/lib/thumb/v7-m\libc_nano.a(lib_a-findfp.o)
 .ARM.attributes
                0x0000000000000380       0x2d d:/st/stm32cubeide_1.4.0/stm32cubeide/plugins/com.st.stm32cube.ide.mcu.externaltools.gnu-tools-for-stm32.7-2018-q2-update.win32_1.4.0.202007081208/tools/bin/../lib/gcc/arm-none-eabi/7.3.1/../../../../arm-none-eabi/lib/thumb/v7-m\libc_nano.a(lib_a-fwalk.o)
 .ARM.attributes
                0x00000000000003ad       0x2d d:/st/stm32cubeide_1.4.0/stm32cubeide/plugins/com.st.stm32cube.ide.mcu.externaltools.gnu-tools-for-stm32.7-2018-q2-update.win32_1.4.0.202007081208/tools/bin/../lib/gcc/arm-none-eabi/7.3.1/../../../../arm-none-eabi/lib/thumb/v7-m\libc_nano.a(lib_a-makebuf.o)
 .ARM.attributes
                0x00000000000003da       0x2d d:/st/stm32cubeide_1.4.0/stm32cubeide/plugins/com.st.stm32cube.ide.mcu.externaltools.gnu-tools-for-stm32.7-2018-q2-update.win32_1.4.0.202007081208/tools/bin/../lib/gcc/arm-none-eabi/7.3.1/../../../../arm-none-eabi/lib/thumb/v7-m\libc_nano.a(lib_a-nano-freer.o)
 .ARM.attributes
                0x0000000000000407       0x2d d:/st/stm32cubeide_1.4.0/stm32cubeide/plugins/com.st.stm32cube.ide.mcu.externaltools.gnu-tools-for-stm32.7-2018-q2-update.win32_1.4.0.202007081208/tools/bin/../lib/gcc/arm-none-eabi/7.3.1/../../../../arm-none-eabi/lib/thumb/v7-m\libc_nano.a(lib_a-nano-mallocr.o)
 .ARM.attributes
                0x0000000000000434       0x2d d:/st/stm32cubeide_1.4.0/stm32cubeide/plugins/com.st.stm32cube.ide.mcu.externaltools.gnu-tools-for-stm32.7-2018-q2-update.win32_1.4.0.202007081208/tools/bin/../lib/gcc/arm-none-eabi/7.3.1/../../../../arm-none-eabi/lib/thumb/v7-m\libc_nano.a(lib_a-sbrkr.o)
 .ARM.attributes
                0x0000000000000461       0x2d d:/st/stm32cubeide_1.4.0/stm32cubeide/plugins/com.st.stm32cube.ide.mcu.externaltools.gnu-tools-for-stm32.7-2018-q2-update.win32_1.4.0.202007081208/tools/bin/../lib/gcc/arm-none-eabi/7.3.1/../../../../arm-none-eabi/lib/thumb/v7-m\libc_nano.a(lib_a-stdio.o)
 .ARM.attributes
                0x000000000000048e       0x2d d:/st/stm32cubeide_1.4.0/stm32cubeide/plugins/com.st.stm32cube.ide.mcu.externaltools.gnu-tools-for-stm32.7-2018-q2-update.win32_1.4.0.202007081208/tools/bin/../lib/gcc/arm-none-eabi/7.3.1/../../../../arm-none-eabi/lib/thumb/v7-m\libc_nano.a(lib_a-writer.o)
 .ARM.attributes
                0x00000000000004bb       0x2d d:/st/stm32cubeide_1.4.0/stm32cubeide/plugins/com.st.stm32cube.ide.mcu.externaltools.gnu-tools-for-stm32.7-2018-q2-update.win32_1.4.0.202007081208/tools/bin/../lib/gcc/arm-none-eabi/7.3.1/../../../../arm-none-eabi/lib/thumb/v7-m\libc_nano.a(lib_a-closer.o)
 .ARM.attributes
                0x00000000000004e8       0x2d d:/st/stm32cubeide_1.4.0/stm32cubeide/plugins/com.st.stm32cube.ide.mcu.externaltools.gnu-tools-for-stm32.7-2018-q2-update.win32_1.4.0.202007081208/tools/bin/../lib/gcc/arm-none-eabi/7.3.1/../../../../arm-none-eabi/lib/thumb/v7-m\libc_nano.a(lib_a-fstatr.o)
 .ARM.attributes
                0x0000000000000515       0x2d d:/st/stm32cubeide_1.4.0/stm32cubeide/plugins/com.st.stm32cube.ide.mcu.externaltools.gnu-tools-for-stm32.7-2018-q2-update.win32_1.4.0.202007081208/tools/bin/../lib/gcc/arm-none-eabi/7.3.1/../../../../arm-none-eabi/lib/thumb/v7-m\libc_nano.a(lib_a-isattyr.o)
 .ARM.attributes
                0x0000000000000542       0x2d d:/st/stm32cubeide_1.4.0/stm32cubeide/plugins/com.st.stm32cube.ide.mcu.externaltools.gnu-tools-for-stm32.7-2018-q2-update.win32_1.4.0.202007081208/tools/bin/../lib/gcc/arm-none-eabi/7.3.1/../../../../arm-none-eabi/lib/thumb/v7-m\libc_nano.a(lib_a-lseekr.o)
 .ARM.attributes
                0x000000000000056f       0x2d d:/st/stm32cubeide_1.4.0/stm32cubeide/plugins/com.st.stm32cube.ide.mcu.externaltools.gnu-tools-for-stm32.7-2018-q2-update.win32_1.4.0.202007081208/tools/bin/../lib/gcc/arm-none-eabi/7.3.1/../../../../arm-none-eabi/lib/thumb/v7-m\libc_nano.a(lib_a-mlock.o)
 .ARM.attributes
                0x000000000000059c       0x2d d:/st/stm32cubeide_1.4.0/stm32cubeide/plugins/com.st.stm32cube.ide.mcu.externaltools.gnu-tools-for-stm32.7-2018-q2-update.win32_1.4.0.202007081208/tools/bin/../lib/gcc/arm-none-eabi/7.3.1/../../../../arm-none-eabi/lib/thumb/v7-m\libc_nano.a(lib_a-readr.o)
 .ARM.attributes
                0x00000000000005c9       0x2d d:/st/stm32cubeide_1.4.0/stm32cubeide/plugins/com.st.stm32cube.ide.mcu.externaltools.gnu-tools-for-stm32.7-2018-q2-update.win32_1.4.0.202007081208/tools/bin/../lib/gcc/arm-none-eabi/7.3.1/../../../../arm-none-eabi/lib/thumb/v7-m\libc_nano.a(lib_a-reent.o)
 .ARM.attributes
                0x00000000000005f6       0x1d d:/st/stm32cubeide_1.4.0/stm32cubeide/plugins/com.st.stm32cube.ide.mcu.externaltools.gnu-tools-for-stm32.7-2018-q2-update.win32_1.4.0.202007081208/tools/bin/../lib/gcc/arm-none-eabi/7.3.1/thumb/v7-m/crtn.o
OUTPUT(EXTI DRIVER.axf elf32-littlearm)

.debug_info     0x0000000000000000     0x5888
 .debug_info    0x0000000000000000      0x641 MY_RTOS/Cortex_Mx_OS_Porting.o
 .debug_info    0x0000000000000641      0xcf4 MY_RTOS/MY_RTOS_FIFO.o
 .debug_info    0x0000000000001335      0xfe8 MY_RTOS/scheduler.o
 .debug_info    0x000000000000231d      0xcd9 Src/main.o
 .debug_info    0x0000000000002ff6     0x1038 Src/syscalls.o
 .debug_info    0x000000000000402e      0xa7c Src/sysmem.o
 .debug_info    0x0000000000004aaa       0x22 Startup/startup_stm32f103c6tx.o
 .debug_info    0x0000000000004acc      0xdbc Stm32_F103C6_Drivers/Stm32_F103C6_EXTI_driver.o

.debug_abbrev   0x0000000000000000      0xf12
 .debug_abbrev  0x0000000000000000      0x1de MY_RTOS/Cortex_Mx_OS_Porting.o
 .debug_abbrev  0x00000000000001de      0x209 MY_RTOS/MY_RTOS_FIFO.o
 .debug_abbrev  0x00000000000003e7      0x31f MY_RTOS/scheduler.o
 .debug_abbrev  0x0000000000000706      0x1f0 Src/main.o
 .debug_abbrev  0x00000000000008f6      0x254 Src/syscalls.o
 .debug_abbrev  0x0000000000000b4a      0x18e Src/sysmem.o
 .debug_abbrev  0x0000000000000cd8       0x12 Startup/startup_stm32f103c6tx.o
 .debug_abbrev  0x0000000000000cea      0x228 Stm32_F103C6_Drivers/Stm32_F103C6_EXTI_driver.o

.debug_loc      0x0000000000000000     0x12a0
 .debug_loc     0x0000000000000000      0x224 MY_RTOS/Cortex_Mx_OS_Porting.o
 .debug_loc     0x0000000000000224      0x1f8 MY_RTOS/MY_RTOS_FIFO.o
 .debug_loc     0x000000000000041c      0x45c MY_RTOS/scheduler.o
 .debug_loc     0x0000000000000878      0x100 Src/main.o
 .debug_loc     0x0000000000000978      0x5b8 Src/syscalls.o
 .debug_loc     0x0000000000000f30       0x50 Src/sysmem.o
 .debug_loc     0x0000000000000f80      0x320 Stm32_F103C6_Drivers/Stm32_F103C6_EXTI_driver.o

.debug_aranges  0x0000000000000000      0x300
 .debug_aranges
                0x0000000000000000       0x70 MY_RTOS/Cortex_Mx_OS_Porting.o
 .debug_aranges
                0x0000000000000070       0x48 MY_RTOS/MY_RTOS_FIFO.o
 .debug_aranges
                0x00000000000000b8       0x98 MY_RTOS/scheduler.o
 .debug_aranges
                0x0000000000000150       0x40 Src/main.o
 .debug_aranges
                0x0000000000000190       0xa8 Src/syscalls.o
 .debug_aranges
                0x0000000000000238       0x20 Src/sysmem.o
 .debug_aranges
                0x0000000000000258       0x28 Startup/startup_stm32f103c6tx.o
 .debug_aranges
                0x0000000000000280       0x80 Stm32_F103C6_Drivers/Stm32_F103C6_EXTI_driver.o

.debug_ranges   0x0000000000000000      0x288
 .debug_ranges  0x0000000000000000       0x60 MY_RTOS/Cortex_Mx_OS_Porting.o
 .debug_ranges  0x0000000000000060       0x38 MY_RTOS/MY_RTOS_FIFO.o
 .debug_ranges  0x0000000000000098       0x88 MY_RTOS/scheduler.o
 .debug_ranges  0x0000000000000120       0x30 Src/main.o
 .debug_ranges  0x0000000000000150       0x98 Src/syscalls.o
 .debug_ranges  0x00000000000001e8       0x10 Src/sysmem.o
 .debug_ranges  0x00000000000001f8       0x20 Startup/startup_stm32f103c6tx.o
 .debug_ranges  0x0000000000000218       0x70 Stm32_F103C6_Drivers/Stm32_F103C6_EXTI_driver.o

.debug_macro    0x0000000000000000     0x34bb
 .debug_macro   0x0000000000000000       0xbd MY_RTOS/Cortex_Mx_OS_Porting.o
 .debug_macro   0x00000000000000bd       0x28 MY_RTOS/Cortex_Mx_OS_Porting.o
 .debug_macro   0x00000000000000e5       0x1c MY_RTOS/Cortex_Mx_OS_Porting.o
 .debug_macro   0x0000000000000101       0x22 MY_RTOS/Cortex_Mx_OS_Porting.o
 .debug_macro   0x0000000000000123       0xe5 MY_RTOS/Cortex_Mx_OS_Porting.o
 .debug_macro   0x0000000000000208      0xe3c MY_RTOS/Cortex_Mx_OS_Porting.o
 .debug_macro   0x0000000000001044       0x2e MY_RTOS/Cortex_Mx_OS_Porting.o
 .debug_macro   0x0000000000001072      0x22c MY_RTOS/MY_RTOS_FIFO.o
 .debug_macro   0x000000000000129e       0x40 MY_RTOS/MY_RTOS_FIFO.o
 .debug_macro   0x00000000000012de       0x94 MY_RTOS/MY_RTOS_FIFO.o
 .debug_macro   0x0000000000001372       0x16 MY_RTOS/MY_RTOS_FIFO.o
 .debug_macro   0x0000000000001388       0x57 MY_RTOS/MY_RTOS_FIFO.o
 .debug_macro   0x00000000000013df       0x97 MY_RTOS/MY_RTOS_FIFO.o
 .debug_macro   0x0000000000001476       0xfd MY_RTOS/MY_RTOS_FIFO.o
 .debug_macro   0x0000000000001573       0x10 MY_RTOS/MY_RTOS_FIFO.o
 .debug_macro   0x0000000000001583       0x10 MY_RTOS/MY_RTOS_FIFO.o
 .debug_macro   0x0000000000001593       0x1c MY_RTOS/MY_RTOS_FIFO.o
 .debug_macro   0x00000000000015af       0x52 MY_RTOS/MY_RTOS_FIFO.o
 .debug_macro   0x0000000000001601       0x40 MY_RTOS/MY_RTOS_FIFO.o
 .debug_macro   0x0000000000001641       0x10 MY_RTOS/MY_RTOS_FIFO.o
 .debug_macro   0x0000000000001651       0x40 MY_RTOS/MY_RTOS_FIFO.o
 .debug_macro   0x0000000000001691       0xd7 MY_RTOS/MY_RTOS_FIFO.o
 .debug_macro   0x0000000000001768       0x1c MY_RTOS/MY_RTOS_FIFO.o
 .debug_macro   0x0000000000001784       0x3d MY_RTOS/MY_RTOS_FIFO.o
 .debug_macro   0x00000000000017c1       0x16 MY_RTOS/MY_RTOS_FIFO.o
 .debug_macro   0x00000000000017d7      0x145 MY_RTOS/MY_RTOS_FIFO.o
 .debug_macro   0x000000000000191c       0xdf MY_RTOS/MY_RTOS_FIFO.o
 .debug_macro   0x00000000000019fb      0x236 MY_RTOS/scheduler.o
 .debug_macro   0x0000000000001c31      0x32a MY_RTOS/scheduler.o
 .debug_macro   0x0000000000001f5b      0x2c5 Src/main.o
 .debug_macro   0x0000000000002220       0xd6 Src/main.o
 .debug_macro   0x00000000000022f6      0x227 Src/main.o
 .debug_macro   0x000000000000251d       0x40 Src/main.o
 .debug_macro   0x000000000000255d       0x94 Src/main.o
 .debug_macro   0x00000000000025f1       0x1c Src/main.o
 .debug_macro   0x000000000000260d       0x35 Src/main.o
 .debug_macro   0x0000000000002642       0x16 Src/main.o
 .debug_macro   0x0000000000002658       0x20 Src/main.o
 .debug_macro   0x0000000000002678      0x243 Src/syscalls.o
 .debug_macro   0x00000000000028bb      0x174 Src/syscalls.o
 .debug_macro   0x0000000000002a2f       0x10 Src/syscalls.o
 .debug_macro   0x0000000000002a3f       0x10 Src/syscalls.o
 .debug_macro   0x0000000000002a4f       0x10 Src/syscalls.o
 .debug_macro   0x0000000000002a5f       0x35 Src/syscalls.o
 .debug_macro   0x0000000000002a94      0x122 Src/syscalls.o
 .debug_macro   0x0000000000002bb6       0x10 Src/syscalls.o
 .debug_macro   0x0000000000002bc6      0x241 Src/syscalls.o
 .debug_macro   0x0000000000002e07       0x10 Src/syscalls.o
 .debug_macro   0x0000000000002e17      0x189 Src/syscalls.o
 .debug_macro   0x0000000000002fa0       0x16 Src/syscalls.o
 .debug_macro   0x0000000000002fb6       0x88 Src/syscalls.o
 .debug_macro   0x000000000000303e       0xee Src/sysmem.o
 .debug_macro   0x000000000000312c      0x23b Src/sysmem.o
 .debug_macro   0x0000000000003367      0x154 Stm32_F103C6_Drivers/Stm32_F103C6_EXTI_driver.o

.debug_line     0x0000000000000000     0x34f7
 .debug_line    0x0000000000000000      0x629 MY_RTOS/Cortex_Mx_OS_Porting.o
 .debug_line    0x0000000000000629      0x814 MY_RTOS/MY_RTOS_FIFO.o
 .debug_line    0x0000000000000e3d      0x96b MY_RTOS/scheduler.o
 .debug_line    0x00000000000017a8      0x92d Src/main.o
 .debug_line    0x00000000000020d5      0x739 Src/syscalls.o
 .debug_line    0x000000000000280e      0x4c2 Src/sysmem.o
 .debug_line    0x0000000000002cd0       0x84 Startup/startup_stm32f103c6tx.o
 .debug_line    0x0000000000002d54      0x7a3 Stm32_F103C6_Drivers/Stm32_F103C6_EXTI_driver.o

.debug_str      0x0000000000000000    0x1188d
 .debug_str     0x0000000000000000     0x9899 MY_RTOS/Cortex_Mx_OS_Porting.o
                                       0x9a34 (size before relaxing)
 .debug_str     0x0000000000009899     0x44cd MY_RTOS/MY_RTOS_FIFO.o
                                       0xdcd1 (size before relaxing)
 .debug_str     0x000000000000dd66      0x2b6 MY_RTOS/scheduler.o
                                       0xdf3b (size before relaxing)
 .debug_str     0x000000000000e01c     0x245e Src/main.o
                                      0x100a6 (size before relaxing)
 .debug_str     0x000000000001047a     0x10e8 Src/syscalls.o
                                       0x88db (size before relaxing)
 .debug_str     0x0000000000011562       0x5e Src/sysmem.o
                                       0x5fa9 (size before relaxing)
 .debug_str     0x00000000000115c0       0x31 Startup/startup_stm32f103c6tx.o
                                         0xcc (size before relaxing)
 .debug_str     0x00000000000115f1      0x29c Stm32_F103C6_Drivers/Stm32_F103C6_EXTI_driver.o
                                       0x920d (size before relaxing)

.comment        0x0000000000000000       0x7b
 .comment       0x0000000000000000       0x7b MY_RTOS/Cortex_Mx_OS_Porting.o
                                         0x7c (size before relaxing)
 .comment       0x000000000000007b       0x7c MY_RTOS/MY_RTOS_FIFO.o
 .comment       0x000000000000007b       0x7c MY_RTOS/scheduler.o
 .comment       0x000000000000007b       0x7c Src/main.o
 .comment       0x000000000000007b       0x7c Src/syscalls.o
 .comment       0x000000000000007b       0x7c Src/sysmem.o
 .comment       0x000000000000007b       0x7c Stm32_F103C6_Drivers/Stm32_F103C6_EXTI_driver.o

.debug_frame    0x0000000000000000      0xfa0
 .debug_frame   0x0000000000000000      0x140 MY_RTOS/Cortex_Mx_OS_Porting.o
 .debug_frame   0x0000000000000140       0xf0 MY_RTOS/MY_RTOS_FIFO.o
 .debug_frame   0x0000000000000230      0x228 MY_RTOS/scheduler.o
 .debug_frame   0x0000000000000458       0xa8 Src/main.o
 .debug_frame   0x0000000000000500      0x2ac Src/syscalls.o
 .debug_frame   0x00000000000007ac       0x34 Src/sysmem.o
 .debug_frame   0x00000000000007e0      0x1b0 Stm32_F103C6_Drivers/Stm32_F103C6_EXTI_driver.o
 .debug_frame   0x0000000000000990       0x20 d:/st/stm32cubeide_1.4.0/stm32cubeide/plugins/com.st.stm32cube.ide.mcu.externaltools.gnu-tools-for-stm32.7-2018-q2-update.win32_1.4.0.202007081208/tools/bin/../lib/gcc/arm-none-eabi/7.3.1/../../../../arm-none-eabi/lib/thumb/v7-m\libc_nano.a(lib_a-errno.o)
 .debug_frame   0x00000000000009b0       0x2c d:/st/stm32cubeide_1.4.0/stm32cubeide/plugins/com.st.stm32cube.ide.mcu.externaltools.gnu-tools-for-stm32.7-2018-q2-update.win32_1.4.0.202007081208/tools/bin/../lib/gcc/arm-none-eabi/7.3.1/../../../../arm-none-eabi/lib/thumb/v7-m\libc_nano.a(lib_a-init.o)
 .debug_frame   0x00000000000009dc       0x20 d:/st/stm32cubeide_1.4.0/stm32cubeide/plugins/com.st.stm32cube.ide.mcu.externaltools.gnu-tools-for-stm32.7-2018-q2-update.win32_1.4.0.202007081208/tools/bin/../lib/gcc/arm-none-eabi/7.3.1/../../../../arm-none-eabi/lib/thumb/v7-m\libc_nano.a(lib_a-memset.o)
 .debug_frame   0x00000000000009fc       0x3c d:/st/stm32cubeide_1.4.0/stm32cubeide/plugins/com.st.stm32cube.ide.mcu.externaltools.gnu-tools-for-stm32.7-2018-q2-update.win32_1.4.0.202007081208/tools/bin/../lib/gcc/arm-none-eabi/7.3.1/../../../../arm-none-eabi/lib/thumb/v7-m\libc_nano.a(lib_a-puts.o)
 .debug_frame   0x0000000000000a38       0x20 d:/st/stm32cubeide_1.4.0/stm32cubeide/plugins/com.st.stm32cube.ide.mcu.externaltools.gnu-tools-for-stm32.7-2018-q2-update.win32_1.4.0.202007081208/tools/bin/../lib/gcc/arm-none-eabi/7.3.1/../../../../arm-none-eabi/lib/thumb/v7-m\libc_nano.a(lib_a-strcmp.o)
 .debug_frame   0x0000000000000a58       0x40 d:/st/stm32cubeide_1.4.0/stm32cubeide/plugins/com.st.stm32cube.ide.mcu.externaltools.gnu-tools-for-stm32.7-2018-q2-update.win32_1.4.0.202007081208/tools/bin/../lib/gcc/arm-none-eabi/7.3.1/../../../../arm-none-eabi/lib/thumb/v7-m\libc_nano.a(lib_a-wbuf.o)
 .debug_frame   0x0000000000000a98       0x2c d:/st/stm32cubeide_1.4.0/stm32cubeide/plugins/com.st.stm32cube.ide.mcu.externaltools.gnu-tools-for-stm32.7-2018-q2-update.win32_1.4.0.202007081208/tools/bin/../lib/gcc/arm-none-eabi/7.3.1/../../../../arm-none-eabi/lib/thumb/v7-m\libc_nano.a(lib_a-wsetup.o)
 .debug_frame   0x0000000000000ac4       0x68 d:/st/stm32cubeide_1.4.0/stm32cubeide/plugins/com.st.stm32cube.ide.mcu.externaltools.gnu-tools-for-stm32.7-2018-q2-update.win32_1.4.0.202007081208/tools/bin/../lib/gcc/arm-none-eabi/7.3.1/../../../../arm-none-eabi/lib/thumb/v7-m\libc_nano.a(lib_a-fflush.o)
 .debug_frame   0x0000000000000b2c      0x11c d:/st/stm32cubeide_1.4.0/stm32cubeide/plugins/com.st.stm32cube.ide.mcu.externaltools.gnu-tools-for-stm32.7-2018-q2-update.win32_1.4.0.202007081208/tools/bin/../lib/gcc/arm-none-eabi/7.3.1/../../../../arm-none-eabi/lib/thumb/v7-m\libc_nano.a(lib_a-findfp.o)
 .debug_frame   0x0000000000000c48       0x54 d:/st/stm32cubeide_1.4.0/stm32cubeide/plugins/com.st.stm32cube.ide.mcu.externaltools.gnu-tools-for-stm32.7-2018-q2-update.win32_1.4.0.202007081208/tools/bin/../lib/gcc/arm-none-eabi/7.3.1/../../../../arm-none-eabi/lib/thumb/v7-m\libc_nano.a(lib_a-fwalk.o)
 .debug_frame   0x0000000000000c9c       0x58 d:/st/stm32cubeide_1.4.0/stm32cubeide/plugins/com.st.stm32cube.ide.mcu.externaltools.gnu-tools-for-stm32.7-2018-q2-update.win32_1.4.0.202007081208/tools/bin/../lib/gcc/arm-none-eabi/7.3.1/../../../../arm-none-eabi/lib/thumb/v7-m\libc_nano.a(lib_a-makebuf.o)
 .debug_frame   0x0000000000000cf4       0x38 d:/st/stm32cubeide_1.4.0/stm32cubeide/plugins/com.st.stm32cube.ide.mcu.externaltools.gnu-tools-for-stm32.7-2018-q2-update.win32_1.4.0.202007081208/tools/bin/../lib/gcc/arm-none-eabi/7.3.1/../../../../arm-none-eabi/lib/thumb/v7-m\libc_nano.a(lib_a-nano-freer.o)
 .debug_frame   0x0000000000000d2c       0x2c d:/st/stm32cubeide_1.4.0/stm32cubeide/plugins/com.st.stm32cube.ide.mcu.externaltools.gnu-tools-for-stm32.7-2018-q2-update.win32_1.4.0.202007081208/tools/bin/../lib/gcc/arm-none-eabi/7.3.1/../../../../arm-none-eabi/lib/thumb/v7-m\libc_nano.a(lib_a-nano-mallocr.o)
 .debug_frame   0x0000000000000d58       0x2c d:/st/stm32cubeide_1.4.0/stm32cubeide/plugins/com.st.stm32cube.ide.mcu.externaltools.gnu-tools-for-stm32.7-2018-q2-update.win32_1.4.0.202007081208/tools/bin/../lib/gcc/arm-none-eabi/7.3.1/../../../../arm-none-eabi/lib/thumb/v7-m\libc_nano.a(lib_a-sbrkr.o)
 .debug_frame   0x0000000000000d84       0x88 d:/st/stm32cubeide_1.4.0/stm32cubeide/plugins/com.st.stm32cube.ide.mcu.externaltools.gnu-tools-for-stm32.7-2018-q2-update.win32_1.4.0.202007081208/tools/bin/../lib/gcc/arm-none-eabi/7.3.1/../../../../arm-none-eabi/lib/thumb/v7-m\libc_nano.a(lib_a-stdio.o)
 .debug_frame   0x0000000000000e0c       0x2c d:/st/stm32cubeide_1.4.0/stm32cubeide/plugins/com.st.stm32cube.ide.mcu.externaltools.gnu-tools-for-stm32.7-2018-q2-update.win32_1.4.0.202007081208/tools/bin/../lib/gcc/arm-none-eabi/7.3.1/../../../../arm-none-eabi/lib/thumb/v7-m\libc_nano.a(lib_a-writer.o)
 .debug_frame   0x0000000000000e38       0x2c d:/st/stm32cubeide_1.4.0/stm32cubeide/plugins/com.st.stm32cube.ide.mcu.externaltools.gnu-tools-for-stm32.7-2018-q2-update.win32_1.4.0.202007081208/tools/bin/../lib/gcc/arm-none-eabi/7.3.1/../../../../arm-none-eabi/lib/thumb/v7-m\libc_nano.a(lib_a-closer.o)
 .debug_frame   0x0000000000000e64       0x2c d:/st/stm32cubeide_1.4.0/stm32cubeide/plugins/com.st.stm32cube.ide.mcu.externaltools.gnu-tools-for-stm32.7-2018-q2-update.win32_1.4.0.202007081208/tools/bin/../lib/gcc/arm-none-eabi/7.3.1/../../../../arm-none-eabi/lib/thumb/v7-m\libc_nano.a(lib_a-fstatr.o)
 .debug_frame   0x0000000000000e90       0x2c d:/st/stm32cubeide_1.4.0/stm32cubeide/plugins/com.st.stm32cube.ide.mcu.externaltools.gnu-tools-for-stm32.7-2018-q2-update.win32_1.4.0.202007081208/tools/bin/../lib/gcc/arm-none-eabi/7.3.1/../../../../arm-none-eabi/lib/thumb/v7-m\libc_nano.a(lib_a-isattyr.o)
 .debug_frame   0x0000000000000ebc       0x2c d:/st/stm32cubeide_1.4.0/stm32cubeide/plugins/com.st.stm32cube.ide.mcu.externaltools.gnu-tools-for-stm32.7-2018-q2-update.win32_1.4.0.202007081208/tools/bin/../lib/gcc/arm-none-eabi/7.3.1/../../../../arm-none-eabi/lib/thumb/v7-m\libc_nano.a(lib_a-lseekr.o)
 .debug_frame   0x0000000000000ee8       0x30 d:/st/stm32cubeide_1.4.0/stm32cubeide/plugins/com.st.stm32cube.ide.mcu.externaltools.gnu-tools-for-stm32.7-2018-q2-update.win32_1.4.0.202007081208/tools/bin/../lib/gcc/arm-none-eabi/7.3.1/../../../../arm-none-eabi/lib/thumb/v7-m\libc_nano.a(lib_a-mlock.o)
 .debug_frame   0x0000000000000f18       0x2c d:/st/stm32cubeide_1.4.0/stm32cubeide/plugins/com.st.stm32cube.ide.mcu.externaltools.gnu-tools-for-stm32.7-2018-q2-update.win32_1.4.0.202007081208/tools/bin/../lib/gcc/arm-none-eabi/7.3.1/../../../../arm-none-eabi/lib/thumb/v7-m\libc_nano.a(lib_a-readr.o)
 .debug_frame   0x0000000000000f44       0x5c d:/st/stm32cubeide_1.4.0/stm32cubeide/plugins/com.st.stm32cube.ide.mcu.externaltools.gnu-tools-for-stm32.7-2018-q2-update.win32_1.4.0.202007081208/tools/bin/../lib/gcc/arm-none-eabi/7.3.1/../../../../arm-none-eabi/lib/thumb/v7-m\libc_nano.a(lib_a-reent.o)
