Archive member included to satisfy reference by file (symbol)

d:/st/stm32cubeide_1.4.0/stm32cubeide/plugins/com.st.stm32cube.ide.mcu.externaltools.gnu-tools-for-stm32.7-2018-q2-update.win32_1.4.0.202007081208/tools/bin/../lib/gcc/arm-none-eabi/7.3.1/../../../../arm-none-eabi/lib/thumb/v7-m\libc_nano.a(lib_a-errno.o)
                              Src/syscalls.o (__errno)
d:/st/stm32cubeide_1.4.0/stm32cubeide/plugins/com.st.stm32cube.ide.mcu.externaltools.gnu-tools-for-stm32.7-2018-q2-update.win32_1.4.0.202007081208/tools/bin/../lib/gcc/arm-none-eabi/7.3.1/../../../../arm-none-eabi/lib/thumb/v7-m\libc_nano.a(lib_a-exit.o)
                              d:/st/stm32cubeide_1.4.0/stm32cubeide/plugins/com.st.stm32cube.ide.mcu.externaltools.gnu-tools-for-stm32.7-2018-q2-update.win32_1.4.0.202007081208/tools/bin/../lib/gcc/arm-none-eabi/7.3.1/../../../../arm-none-eabi/lib/thumb/v7-m/crt0.o (exit)
d:/st/stm32cubeide_1.4.0/stm32cubeide/plugins/com.st.stm32cube.ide.mcu.externaltools.gnu-tools-for-stm32.7-2018-q2-update.win32_1.4.0.202007081208/tools/bin/../lib/gcc/arm-none-eabi/7.3.1/../../../../arm-none-eabi/lib/thumb/v7-m\libc_nano.a(lib_a-impure.o)
                              d:/st/stm32cubeide_1.4.0/stm32cubeide/plugins/com.st.stm32cube.ide.mcu.externaltools.gnu-tools-for-stm32.7-2018-q2-update.win32_1.4.0.202007081208/tools/bin/../lib/gcc/arm-none-eabi/7.3.1/../../../../arm-none-eabi/lib/thumb/v7-m\libc_nano.a(lib_a-exit.o) (_global_impure_ptr)
d:/st/stm32cubeide_1.4.0/stm32cubeide/plugins/com.st.stm32cube.ide.mcu.externaltools.gnu-tools-for-stm32.7-2018-q2-update.win32_1.4.0.202007081208/tools/bin/../lib/gcc/arm-none-eabi/7.3.1/../../../../arm-none-eabi/lib/thumb/v7-m\libc_nano.a(lib_a-init.o)
                              d:/st/stm32cubeide_1.4.0/stm32cubeide/plugins/com.st.stm32cube.ide.mcu.externaltools.gnu-tools-for-stm32.7-2018-q2-update.win32_1.4.0.202007081208/tools/bin/../lib/gcc/arm-none-eabi/7.3.1/../../../../arm-none-eabi/lib/thumb/v7-m/crt0.o (__libc_init_array)
d:/st/stm32cubeide_1.4.0/stm32cubeide/plugins/com.st.stm32cube.ide.mcu.externaltools.gnu-tools-for-stm32.7-2018-q2-update.win32_1.4.0.202007081208/tools/bin/../lib/gcc/arm-none-eabi/7.3.1/../../../../arm-none-eabi/lib/thumb/v7-m\libc_nano.a(lib_a-memset.o)
                              d:/st/stm32cubeide_1.4.0/stm32cubeide/plugins/com.st.stm32cube.ide.mcu.externaltools.gnu-tools-for-stm32.7-2018-q2-update.win32_1.4.0.202007081208/tools/bin/../lib/gcc/arm-none-eabi/7.3.1/../../../../arm-none-eabi/lib/thumb/v7-m/crt0.o (memset)
d:/st/stm32cubeide_1.4.0/stm32cubeide/plugins/com.st.stm32cube.ide.mcu.externaltools.gnu-tools-for-stm32.7-2018-q2-update.win32_1.4.0.202007081208/tools/bin/../lib/gcc/arm-none-eabi/7.3.1/../../../../arm-none-eabi/lib/thumb/v7-m\libc_nano.a(lib_a-printf.o)
                              MY_RTOS/MY_RTOS_FIFO.o (printf)
d:/st/stm32cubeide_1.4.0/stm32cubeide/plugins/com.st.stm32cube.ide.mcu.externaltools.gnu-tools-for-stm32.7-2018-q2-update.win32_1.4.0.202007081208/tools/bin/../lib/gcc/arm-none-eabi/7.3.1/../../../../arm-none-eabi/lib/thumb/v7-m\libc_nano.a(lib_a-puts.o)
                              MY_RTOS/MY_RTOS_FIFO.o (puts)
d:/st/stm32cubeide_1.4.0/stm32cubeide/plugins/com.st.stm32cube.ide.mcu.externaltools.gnu-tools-for-stm32.7-2018-q2-update.win32_1.4.0.202007081208/tools/bin/../lib/gcc/arm-none-eabi/7.3.1/../../../../arm-none-eabi/lib/thumb/v7-m\libc_nano.a(lib_a-wbuf.o)
                              d:/st/stm32cubeide_1.4.0/stm32cubeide/plugins/com.st.stm32cube.ide.mcu.externaltools.gnu-tools-for-stm32.7-2018-q2-update.win32_1.4.0.202007081208/tools/bin/../lib/gcc/arm-none-eabi/7.3.1/../../../../arm-none-eabi/lib/thumb/v7-m\libc_nano.a(lib_a-puts.o) (__swbuf_r)
d:/st/stm32cubeide_1.4.0/stm32cubeide/plugins/com.st.stm32cube.ide.mcu.externaltools.gnu-tools-for-stm32.7-2018-q2-update.win32_1.4.0.202007081208/tools/bin/../lib/gcc/arm-none-eabi/7.3.1/../../../../arm-none-eabi/lib/thumb/v7-m\libc_nano.a(lib_a-wsetup.o)
                              d:/st/stm32cubeide_1.4.0/stm32cubeide/plugins/com.st.stm32cube.ide.mcu.externaltools.gnu-tools-for-stm32.7-2018-q2-update.win32_1.4.0.202007081208/tools/bin/../lib/gcc/arm-none-eabi/7.3.1/../../../../arm-none-eabi/lib/thumb/v7-m\libc_nano.a(lib_a-puts.o) (__swsetup_r)
d:/st/stm32cubeide_1.4.0/stm32cubeide/plugins/com.st.stm32cube.ide.mcu.externaltools.gnu-tools-for-stm32.7-2018-q2-update.win32_1.4.0.202007081208/tools/bin/../lib/gcc/arm-none-eabi/7.3.1/../../../../arm-none-eabi/lib/thumb/v7-m\libc_nano.a(lib_a-fflush.o)
                              d:/st/stm32cubeide_1.4.0/stm32cubeide/plugins/com.st.stm32cube.ide.mcu.externaltools.gnu-tools-for-stm32.7-2018-q2-update.win32_1.4.0.202007081208/tools/bin/../lib/gcc/arm-none-eabi/7.3.1/../../../../arm-none-eabi/lib/thumb/v7-m\libc_nano.a(lib_a-wbuf.o) (_fflush_r)
[...]
Memory Configuration

Name             Origin             Length             Attributes
RAM              0x0000000020000000 0x0000000000002800 xrw
ROM              0x0000000008000000 0x0000000000008000 xr
*default*        0x0000000000000000 0xffffffffffffffff

Linker script and memory map

LOAD d:/st/stm32cubeide_1.4.0/stm32cubeide/plugins/com.st.stm32cube.ide.mcu.externaltools.gnu-tools-for-stm32.7-2018-q2-update.win32_1.4.0.202007081208/tools/bin/../lib/gcc/arm-none-eabi/7.3.1/thumb/v7-m/crti.o
LOAD d:/st/stm32cubeide_1.4.0/stm32cubeide/plugins/com.st.stm32cube.ide.mcu.externaltools.gnu-tools-for-stm32.7-2018-q2-update.win32_1.4.0.202007081208/tools/bin/../lib/gcc/arm-none-eabi/7.3.1/thumb/v7-m/crtbegin.o
LOAD d:/st/stm32cubeide_1.4.0/stm32cubeide/plugins/com.st.stm32cube.ide.mcu.externaltools.gnu-tools-for-stm32.7-2018-q2-update.win32_1.4.0.202007081208/tools/bin/../lib/gcc/arm-none-eabi/7.3.1/../../../../arm-none-eabi/lib/thumb/v7-m/crt0.o
LOAD HAL/KEY_PAD.o
LOAD HAL/LCD.o
LOAD MY_RTOS/Cortex_Mx_OS_Porting.o
LOAD MY_RTOS/MY_RTOS_FIFO.o
LOAD MY_RTOS/scheduler.o
LOAD Src/main.o
LOAD Src/syscalls.o
LOAD Src/sysmem.o
LOAD Startup/startup_stm32f103c6tx.o
LOAD Stm32_F103C6_Drivers/Stm32_F103C6_EXTI_driver.o
LOAD Stm32_F103C6_Drivers/Stm32_F103C6_gpio_driver.o
START GROUP
LOAD d:/st/stm32cubeide_1.4.0/stm32cubeide/plugins/com.st.stm32cube.ide.mcu.externaltools.gnu-tools-for-stm32.7-2018-q2-update.win32_1.4.0.202007081208/tools/bin/../lib/gcc/arm-none-eabi/7.3.1/../../../../arm-none-eabi/lib/thumb/v7-m\libc_nano.a
LOAD d:/st/stm32cubeide_1.4.0/stm32cubeide/plugins/com.st.stm32cube.ide.mcu.externaltools.gnu-tools-for-stm32.7-2018-q2-update.win32_1.4.0.202007081208/tools/bin/../lib/gcc/arm-none-eabi/7.3.1/../../../../arm-none-eabi/lib/thumb/v7-m\libm.a
END GROUP
START GROUP
LOAD d:/st/stm32cubeide_1.4.0/stm32cubeide/plugins/com.st.stm32cube.ide.mcu.externaltools.gnu-tools-for-stm32.7-2018-q2-update.win32_1.4.0.202007081208/tools/bin/../lib/gcc/arm-none-eabi/7.3.1/thumb/v7-m\libgcc.a
LOAD d:/st/stm32cubeide_1.4.0/stm32cubeide/plugins/com.st.stm32cube.ide.mcu.externaltools.gnu-tools-for-stm32.7-2018-q2-update.win32_1.4.0.202007081208/tools/bin/../lib/gcc/arm-none-eabi/7.3.1/../../../../arm-none-eabi/lib/thumb/v7-m\libg_nano.a
LOAD d:/st/stm32cubeide_1.4.0/stm32cubeide/plugins/com.st.stm32cube.ide.mcu.externaltools.gnu-tools-for-stm32.7-2018-q2-update.win32_1.4.0.202007081208/tools/bin/../lib/gcc/arm-none-eabi/7.3.1/../../../../arm-none-eabi/lib/thumb/v7-m\libc_nano.a
END GROUP
START GROUP
LOAD d:/st/stm32cubeide_1.4.0/stm32cubeide/plugins/com.st.stm32cube.ide.mcu.externaltools.gnu-tools-for-stm32.7-2018-q2-update.win32_1.4.0.202007081208/tools/bin/../lib/gcc/arm-none-eabi/7.3.1/thumb/v7-m\libgcc.a
LOAD d:/st/stm32cubeide_1.4.0/stm32cubeide/plugins/com.st.stm32cube.ide.mcu.externaltools.gnu-tools-for-stm32.7-2018-q2-update.win32_1.4.0.202007081208/tools/bin/../lib/gcc/arm-none-eabi/7.3.1/../../../../arm-none-eabi/lib/thumb/v7-m\libc_nano.a
LOAD d:/st/stm32cubeide_1.4.0/stm32cubeide/plugins/com.st.stm32cube.ide.mcu.externaltools.gnu-tools-for-stm32.7-2018-q2-update.win32_1.4.0.202007081208/tools/bin/../lib/gcc/arm-none-eabi/7.3.1/../../../../arm-none-eabi/lib/thumb/v7-m\libnosys.a
END GROUP
START GROUP
LOAD d:/st/stm32cubeide_1.4.0/stm32cubeide/plugins/com.st.stm32cube.ide.mcu.externaltools.gnu-tools-for-stm32.7-2018-q2-update.win32_1.4.0.202007081208/tools/bin/../lib/gcc/arm-none-eabi/7.3.1/thumb/v7-m\libgcc.a
LOAD d:/st/stm32cubeide_1.4.0/stm32cubeide/plugins/com.st.stm32cube.ide.mcu.externaltools.gnu-tools-for-stm32.7-2018-q2-update.win32_1.4.0.202007081208/tools/bin/../lib/gcc/arm-none-eabi/7.3.1/../../../../arm-none-eabi/lib/thumb/v7-m\libc_nano.a
LOAD d:/st/stm32cubeide_1.4.0/stm32cubeide/plugins/com.st.stm32cube.ide.mcu.externaltools.gnu-tools-for-stm32.7-2018-q2-update.win32_1.4.0.202007081208/tools/bin/../lib/gcc/arm-none-eabi/7.3.1/../../../../arm-none-eabi/lib/thumb/v7-m\libnosys.a
END GROUP
LOAD d:/st/stm32cubeide_1.4.0/stm32cubeide/plugins/com.st.stm32cube.ide.mcu.externaltools.gnu-tools-for-stm32.7-2018-q2-update.win32_1.4.0.202007081208/tools/bin/../lib/gcc/arm-none-eabi/7.3.1/thumb/v7-m/crtend.o
LOAD d:/st/stm32cubeide_1.4.0/stm32cubeide/plugins/com.st.stm32cube.ide.mcu.externaltools.gnu-tools-for-stm32.7-2018-q2-update.win32_1.4.0.202007081208/tools/bin/../lib/gcc/arm-none-eabi/7.3.1/thumb/v7-m/crtn.o
                0x0000000020002800                _estack = (ORIGIN (RAM) + LENGTH (RAM))
                0x0000000000000200                _Min_Heap_Size = 0x200
                0x0000000000000400                _Min_Stack_Size = 0x400

.isr_vector     0x0000000008000000      0x130
                0x0000000008000000                . = ALIGN (0x4)
 *(.isr_vector)
 .isr_vector    0x0000000008000000      0x130 Startup/startup_stm32f103c6tx.o
                0x0000000008000000                g_pfnVectors
                0x0000000008000130                . = ALIGN (0x4)

.text           0x0000000008000130      0x668
                0x0000000008000130                . = ALIGN (0x4)
 *(.text)
 .text          0x0000000008000130       0x40 d:/st/stm32cubeide_1.4.0/stm32cubeide/plugins/com.st.stm32cube.ide.mcu.externaltools.gnu-tools-for-stm32.7-2018-q2-update.win32_1.4.0.202007081208/tools/bin/../lib/gcc/arm-none-eabi/7.3.1/thumb/v7-m/crtbegin.o
 *(.text*)
 .text.HardFault_Handler
                0x0000000008000170        0x6 MY_RTOS/Cortex_Mx_OS_Porting.o
                0x0000000008000170                HardFault_Handler
 .text.MemManage_Handler
                0x0000000008000176        0x6 MY_RTOS/Cortex_Mx_OS_Porting.o
                0x0000000008000176                MemManage_Handler
 .text.BusFault_Handler
                0x000000000800017c        0x6 MY_RTOS/Cortex_Mx_OS_Porting.o
                0x000000000800017c                BusFault_Handler
 .text.UsageFault_Handler
                0x0000000008000182        0x6 MY_RTOS/Cortex_Mx_OS_Porting.o
                0x0000000008000182                UsageFault_Handler
 .text.SVC_Handler
                0x0000000008000188       0x14 MY_RTOS/Cortex_Mx_OS_Porting.o
                0x0000000008000188                SVC_Handler
 .text.HW_init  0x000000000800019c        0xc MY_RTOS/Cortex_Mx_OS_Porting.o
                0x000000000800019c                HW_init
 .text.FIFO_init
                0x00000000080001a8       0x44 MY_RTOS/MY_RTOS_FIFO.o
                0x00000000080001a8                FIFO_init
 .text.OS_SVC_Services
                0x00000000080001ec       0x3c MY_RTOS/scheduler.o
                0x00000000080001ec                OS_SVC_Services
 .text.PendSV_Handler
                0x0000000008000228        0xc MY_RTOS/scheduler.o
                0x0000000008000228                PendSV_Handler
 .text.MY_RTOS_Create_MainStack
                0x0000000008000234       0x3c MY_RTOS/scheduler.o
                0x0000000008000234                MY_RTOS_Create_MainStack
 .text.MY_RTOS_init
                0x0000000008000270       0x80 MY_RTOS/scheduler.o
                0x0000000008000270                MY_RTOS_init
 .text.MY_RTOS_idel_Task
                0x00000000080002f0        0x8 MY_RTOS/scheduler.o
                0x00000000080002f0                MY_RTOS_idel_Task
 .text.MY_RTOS_Create_TaskStack
                0x00000000080002f8       0x7c MY_RTOS/scheduler.o
                0x00000000080002f8                MY_RTOS_Create_TaskStack
 .text.MY_RTOS_Creat_Task
                0x0000000008000374       0x60 MY_RTOS/scheduler.o
                0x0000000008000374                MY_RTOS_Creat_Task
 .text.task1    0x00000000080003d4        0x6 Src/main.o
                0x00000000080003d4                task1
 .text.task2    0x00000000080003da        0x6 Src/main.o
                0x00000000080003da                task2
 .text.task3    0x00000000080003e0        0x6 Src/main.o
                0x00000000080003e0                task3
 *fill*         0x00000000080003e6        0x2 
 .text.main     0x00000000080003e8       0xdc Src/main.o
                0x00000000080003e8                main
 .text.Reset_Handler
                0x00000000080004c4       0x50 Startup/startup_stm32f103c6tx.o
                0x00000000080004c4                Reset_Handler
 .text.Default_Handler
                0x0000000008000514        0x2 Startup/startup_stm32f103c6tx.o
                0x0000000008000514                TIM8_TRG_COM_IRQHandler
                0x0000000008000514                TIM8_CC_IRQHandler
                0x0000000008000514                DebugMon_Handler
                0x0000000008000514                TIM1_CC_IRQHandler
                0x0000000008000514                TIM6_IRQHandler
                0x0000000008000514                SysTick_Handler
                0x0000000008000514                PVD_IRQHandler
                0x0000000008000514                SDIO_IRQHandler
                0x0000000008000514                NMI_Handler
                0x0000000008000514                USB_HP_CAN_TX_IRQHandler
                0x0000000008000514                I2C2_EV_IRQHandler
                0x0000000008000514                ADC1_2_IRQHandler
                0x0000000008000514                SPI1_IRQHandler
                0x0000000008000514                CAN_SCE_IRQHandler
                0x0000000008000514                TAMPER_IRQHandler
                0x0000000008000514                TIM8_UP_IRQHandler
                0x0000000008000514                DMA2_Channel2_IRQHandler
                0x0000000008000514                DMA1_Channel4_IRQHandler
                0x0000000008000514                USART3_IRQHandler
                0x0000000008000514                RTC_IRQHandler
                0x0000000008000514                DMA1_Channel7_IRQHandler
                0x0000000008000514                UART5_IRQHandler
                0x0000000008000514                ADC3_IRQHandler
                0x0000000008000514                TIM4_IRQHandler
                0x0000000008000514                CAN_RX1_IRQHandler
                0x0000000008000514                DMA2_Channel1_IRQHandler
                0x0000000008000514                I2C1_EV_IRQHandler
                0x0000000008000514                DMA1_Channel6_IRQHandler
                0x0000000008000514                UART4_IRQHandler
                0x0000000008000514                TIM3_IRQHandler
                0x0000000008000514                RCC_IRQHandler
                0x0000000008000514                TIM1_TRG_COM_IRQHandler
                0x0000000008000514                DMA1_Channel1_IRQHandler
                0x0000000008000514                Default_Handler
                0x0000000008000514                TIM7_IRQHandler
                0x0000000008000514                TIM5_IRQHandler
                0x0000000008000514                SPI2_IRQHandler
                0x0000000008000514                USB_LP_CAN_RX0_IRQHandler
                0x0000000008000514                DMA1_Channel5_IRQHandler
                0x0000000008000514                DMA1_Channel3_IRQHandler
                0x0000000008000514                FSMC_IRQHandler
                0x0000000008000514                TIM1_UP_IRQHandler
                0x0000000008000514                WWDG_IRQHandler
                0x0000000008000514                TIM2_IRQHandler
                0x0000000008000514                TIM1_BRK_IRQHandler
                0x0000000008000514                RTCAlarm_IRQHandler
                0x0000000008000514                DMA2_Channel4_5_IRQHandler
                0x0000000008000514                USART2_IRQHandler
                0x0000000008000514                I2C2_ER_IRQHandler
                0x0000000008000514                DMA1_Channel2_IRQHandler
                0x0000000008000514                TIM8_BRK_IRQHandler
                0x0000000008000514                FLASH_IRQHandler
                0x0000000008000514                USART1_IRQHandler
                0x0000000008000514                SPI3_IRQHandler
                0x0000000008000514                I2C1_ER_IRQHandler
                0x0000000008000514                DMA2_Channel3_IRQHandler
 *fill*         0x0000000008000516        0x2 
 .text.EXTI0_IRQHandler
                0x0000000008000518       0x24 Stm32_F103C6_Drivers/Stm32_F103C6_EXTI_driver.o
                0x0000000008000518                EXTI0_IRQHandler
 .text.EXTI1_IRQHandler
                0x000000000800053c       0x24 Stm32_F103C6_Drivers/Stm32_F103C6_EXTI_driver.o
                0x000000000800053c                EXTI1_IRQHandler
 .text.EXTI2_IRQHandler
                0x0000000008000560       0x24 Stm32_F103C6_Drivers/Stm32_F103C6_EXTI_driver.o
                0x0000000008000560                EXTI2_IRQHandler
 .text.EXTI3_IRQHandler
                0x0000000008000584       0x24 Stm32_F103C6_Drivers/Stm32_F103C6_EXTI_driver.o
                0x0000000008000584                EXTI3_IRQHandler
 .text.EXTI4_IRQHandler
                0x00000000080005a8       0x24 Stm32_F103C6_Drivers/Stm32_F103C6_EXTI_driver.o
                0x00000000080005a8                EXTI4_IRQHandler
 .text.EXTI9_5_IRQHandler
                0x00000000080005cc       0xa8 Stm32_F103C6_Drivers/Stm32_F103C6_EXTI_driver.o
                0x00000000080005cc                EXTI9_5_IRQHandler
 .text.EXTI15_10_IRQHandler
                0x0000000008000674       0xc4 Stm32_F103C6_Drivers/Stm32_F103C6_EXTI_driver.o
                0x0000000008000674                EXTI15_10_IRQHandler
 .text.__libc_init_array
                0x0000000008000738       0x48 d:/st/stm32cubeide_1.4.0/stm32cubeide/plugins/com.st.stm32cube.ide.mcu.externaltools.gnu-tools-for-stm32.7-2018-q2-update.win32_1.4.0.202007081208/tools/bin/../lib/gcc/arm-none-eabi/7.3.1/../../../../arm-none-eabi/lib/thumb/v7-m\libc_nano.a(lib_a-init.o)
                0x0000000008000738                __libc_init_array
 *(.glue_7)
 .glue_7        0x0000000008000780        0x0 linker stubs
 *(.glue_7t)
 .glue_7t       0x0000000008000780        0x0 linker stubs
 *(.eh_frame)
 .eh_frame      0x0000000008000780        0x0 d:/st/stm32cubeide_1.4.0/stm32cubeide/plugins/com.st.stm32cube.ide.mcu.externaltools.gnu-tools-for-stm32.7-2018-q2-update.win32_1.4.0.202007081208/tools/bin/../lib/gcc/arm-none-eabi/7.3.1/thumb/v7-m/crtbegin.o
 *(.init)
 .init          0x0000000008000780        0x4 d:/st/stm32cubeide_1.4.0/stm32cubeide/plugins/com.st.stm32cube.ide.mcu.externaltools.gnu-tools-for-stm32.7-2018-q2-update.win32_1.4.0.202007081208/tools/bin/../lib/gcc/arm-none-eabi/7.3.1/thumb/v7-m/crti.o
                0x0000000008000780                _init
 .init          0x0000000008000784        0x8 d:/st/stm32cubeide_1.4.0/stm32cubeide/plugins/com.st.stm32cube.ide.mcu.externaltools.gnu-tools-for-stm32.7-2018-q2-update.win32_1.4.0.202007081208/tools/bin/../lib/gcc/arm-none-eabi/7.3.1/thumb/v7-m/crtn.o
 *(.fini)
 .fini          0x000000000800078c        0x4 d:/st/stm32cubeide_1.4.0/stm32cubeide/plugins/com.st.stm32cube.ide.mcu.externaltools.gnu-tools-for-stm32.7-2018-q2-update.win32_1.4.0.202007081208/tools/bin/../lib/gcc/arm-none-eabi/7.3.1/thumb/v7-m/crti.o
                0x000000000800078c                _fini
 .fini          0x0000000008000790        0x8 d:/st/stm32cubeide_1.4.0/stm32cubeide/plugins/com.st.stm32cube.ide.mcu.externaltools.gnu-tools-for-stm32.7-2018-q2-update.win32_1.4.0.202007081208/tools/bin/../lib/gcc/arm-none-eabi/7.3.1/thumb/v7-m/crtn.o
                0x0000000008000798                . = ALIGN (0x4)
                0x0000000008000798                _etext = .

.vfp11_veneer   0x0000000008000798        0x0
 .vfp11_veneer  0x0000000008000798        0x0 linker stubs

.v4_bx          0x0000000008000798        0x0
 .v4_bx         0x0000000008000798        0x0 linker stubs

.iplt           0x0000000008000798        0x0
 .iplt          0x0000000008000798        0x0 d:/st/stm32cubeide_1.4.0/stm32cubeide/plugins/com.st.stm32cube.ide.mcu.externaltools.gnu-tools-for-stm32.7-2018-q2-update.win32_1.4.0.202007081208/tools/bin/../lib/gcc/arm-none-eabi/7.3.1/thumb/v7-m/crtbegin.o

.rodata         0x0000000008000798       0x24
                0x0000000008000798                . = ALIGN (0x4)
 *(.rodata)
 .rodata        0x0000000008000798        0xa MY_RTOS/scheduler.o
 *fill*         0x00000000080007a2        0x2 
 .rodata        0x00000000080007a4       0x16 Src/main.o
 *(.rodata*)
                0x00000000080007bc                . = ALIGN (0x4)
 *fill*         0x00000000080007ba        0x2 

.rel.dyn        0x00000000080007bc        0x0
 .rel.iplt      0x00000000080007bc        0x0 d:/st/stm32cubeide_1.4.0/stm32cubeide/plugins/com.st.stm32cube.ide.mcu.externaltools.gnu-tools-for-stm32.7-2018-q2-update.win32_1.4.0.202007081208/tools/bin/../lib/gcc/arm-none-eabi/7.3.1/thumb/v7-m/crtbegin.o

.ARM.extab      0x00000000080007bc        0x0
                0x00000000080007bc                . = ALIGN (0x4)
 *(.ARM.extab* .gnu.linkonce.armextab.*)
                0x00000000080007bc                . = ALIGN (0x4)

.ARM            0x00000000080007bc        0x0
                0x00000000080007bc                . = ALIGN (0x4)
                0x00000000080007bc                __exidx_start = .
 *(.ARM.exidx*)
                0x00000000080007bc                __exidx_end = .
                0x00000000080007bc                . = ALIGN (0x4)

.preinit_array  0x00000000080007bc        0x0
                0x00000000080007bc                . = ALIGN (0x4)
                0x00000000080007bc                PROVIDE (__preinit_array_start = .)
 *(.preinit_array*)
                0x00000000080007bc                PROVIDE (__preinit_array_end = .)
                0x00000000080007bc                . = ALIGN (0x4)

.init_array     0x00000000080007bc        0x4
                0x00000000080007bc                . = ALIGN (0x4)
                0x00000000080007bc                PROVIDE (__init_array_start = .)
 *(SORT_BY_NAME(.init_array.*))
 *(.init_array*)
 .init_array    0x00000000080007bc        0x4 d:/st/stm32cubeide_1.4.0/stm32cubeide/plugins/com.st.stm32cube.ide.mcu.externaltools.gnu-tools-for-stm32.7-2018-q2-update.win32_1.4.0.202007081208/tools/bin/../lib/gcc/arm-none-eabi/7.3.1/thumb/v7-m/crtbegin.o
                0x00000000080007c0                PROVIDE (__init_array_end = .)
                0x00000000080007c0                . = ALIGN (0x4)

.fini_array     0x00000000080007c0        0x4
                0x00000000080007c0                . = ALIGN (0x4)
                [!provide]                        PROVIDE (__fini_array_start = .)
 *(SORT_BY_NAME(.fini_array.*))
 *(.fini_array*)
 .fini_array    0x00000000080007c0        0x4 d:/st/stm32cubeide_1.4.0/stm32cubeide/plugins/com.st.stm32cube.ide.mcu.externaltools.gnu-tools-for-stm32.7-2018-q2-update.win32_1.4.0.202007081208/tools/bin/../lib/gcc/arm-none-eabi/7.3.1/thumb/v7-m/crtbegin.o
                [!provide]                        PROVIDE (__fini_array_end = .)
                0x00000000080007c4                . = ALIGN (0x4)
                0x00000000080007c4                _sidata = LOADADDR (.data)

.data           0x0000000020000000        0x0 load address 0x00000000080007c4
                0x0000000020000000                . = ALIGN (0x4)
                0x0000000020000000                _sdata = .
 *(.data)
 *(.data*)
                0x0000000020000000                . = ALIGN (0x4)
                0x0000000020000000                _edata = .

.igot.plt       0x0000000020000000        0x0 load address 0x00000000080007c4
 .igot.plt      0x0000000020000000        0x0 d:/st/stm32cubeide_1.4.0/stm32cubeide/plugins/com.st.stm32cube.ide.mcu.externaltools.gnu-tools-for-stm32.7-2018-q2-update.win32_1.4.0.202007081208/tools/bin/../lib/gcc/arm-none-eabi/7.3.1/thumb/v7-m/crtbegin.o
                0x0000000020000000                . = ALIGN (0x4)

.bss            0x0000000020000000      0x4b8 load address 0x00000000080007c4
                0x0000000020000000                _sbss = .
                0x0000000020000000                __bss_start__ = _sbss
 *(.bss)
 .bss           0x0000000020000000       0x1c d:/st/stm32cubeide_1.4.0/stm32cubeide/plugins/com.st.stm32cube.ide.mcu.externaltools.gnu-tools-for-stm32.7-2018-q2-update.win32_1.4.0.202007081208/tools/bin/../lib/gcc/arm-none-eabi/7.3.1/thumb/v7-m/crtbegin.o
 *(.bss*)
 *(COMMON)
 COMMON         0x000000002000001c      0x394 MY_RTOS/scheduler.o
                0x000000002000001c                Ready_Queue
                0x0000000020000030                OS_CONROL
                0x00000000200001dc                MY_RTOS_IDEL_Task
                0x0000000020000220                Ready_Queue_FIFO
 COMMON         0x00000000200003b0       0xcc Src/main.o
                0x00000000200003b0                Task1
                0x00000000200003f4                Task3
                0x0000000020000438                Task2
 COMMON         0x000000002000047c       0x3c Stm32_F103C6_Drivers/Stm32_F103C6_EXTI_driver.o
                0x000000002000047c                GP_IRQ_CallBack
                0x00000000200004b8                . = ALIGN (0x4)
                0x00000000200004b8                _ebss = .
                0x00000000200004b8                __bss_end__ = _ebss

._user_heap_stack
                0x00000000200004b8      0x600 load address 0x00000000080007c4
                0x00000000200004b8                . = ALIGN (0x8)
                [!provide]                        PROVIDE (end = .)
                0x00000000200004b8                PROVIDE (_end = .)
                0x00000000200006b8                . = (. + _Min_Heap_Size)
 *fill*         0x00000000200004b8      0x200 
                0x00000000200006b8                _eheap = .
                0x0000000020000ab8                . = (. + _Min_Stack_Size)
 *fill*         0x00000000200006b8      0x400 
                0x0000000020000ab8                . = ALIGN (0x8)

/DISCARD/
 libc.a(*)
 libm.a(*)
 libgcc.a(*)

.ARM.attributes
                0x0000000000000000       0x29
 *(.ARM.attributes)
 .ARM.attributes
                0x0000000000000000       0x1d d:/st/stm32cubeide_1.4.0/stm32cubeide/plugins/com.st.stm32cube.ide.mcu.externaltools.gnu-tools-for-stm32.7-2018-q2-update.win32_1.4.0.202007081208/tools/bin/../lib/gcc/arm-none-eabi/7.3.1/thumb/v7-m/crti.o
 .ARM.attributes
                0x000000000000001d       0x2d d:/st/stm32cubeide_1.4.0/stm32cubeide/plugins/com.st.stm32cube.ide.mcu.externaltools.gnu-tools-for-stm32.7-2018-q2-update.win32_1.4.0.202007081208/tools/bin/../lib/gcc/arm-none-eabi/7.3.1/thumb/v7-m/crtbegin.o
 .ARM.attributes
                0x000000000000004a       0x33 MY_RTOS/Cortex_Mx_OS_Porting.o
 .ARM.attributes
                0x000000000000007d       0x33 MY_RTOS/MY_RTOS_FIFO.o
 .ARM.attributes
                0x00000000000000b0       0x33 MY_RTOS/scheduler.o
 .ARM.attributes
                0x00000000000000e3       0x33 Src/main.o
 .ARM.attributes
                0x0000000000000116       0x21 Startup/startup_stm32f103c6tx.o
 .ARM.attributes
                0x0000000000000137       0x33 Stm32_F103C6_Drivers/Stm32_F103C6_EXTI_driver.o
 .ARM.attributes
                0x000000000000016a       0x2d d:/st/stm32cubeide_1.4.0/stm32cubeide/plugins/com.st.stm32cube.ide.mcu.externaltools.gnu-tools-for-stm32.7-2018-q2-update.win32_1.4.0.202007081208/tools/bin/../lib/gcc/arm-none-eabi/7.3.1/../../../../arm-none-eabi/lib/thumb/v7-m\libc_nano.a(lib_a-init.o)
 .ARM.attributes
                0x0000000000000197       0x1d d:/st/stm32cubeide_1.4.0/stm32cubeide/plugins/com.st.stm32cube.ide.mcu.externaltools.gnu-tools-for-stm32.7-2018-q2-update.win32_1.4.0.202007081208/tools/bin/../lib/gcc/arm-none-eabi/7.3.1/thumb/v7-m/crtn.o
OUTPUT(EXTI DRIVER.axf elf32-littlearm)

.debug_info     0x0000000000000000     0x3870
 .debug_info    0x0000000000000000      0x15b MY_RTOS/Cortex_Mx_OS_Porting.o
 .debug_info    0x000000000000015b      0xce7 MY_RTOS/MY_RTOS_FIFO.o
 .debug_info    0x0000000000000e42      0xfef MY_RTOS/scheduler.o
 .debug_info    0x0000000000001e31      0xc61 Src/main.o
 .debug_info    0x0000000000002a92       0x22 Startup/startup_stm32f103c6tx.o
 .debug_info    0x0000000000002ab4      0xdbc Stm32_F103C6_Drivers/Stm32_F103C6_EXTI_driver.o

.debug_abbrev   0x0000000000000000      0x90d
 .debug_abbrev  0x0000000000000000       0xa9 MY_RTOS/Cortex_Mx_OS_Porting.o
 .debug_abbrev  0x00000000000000a9      0x209 MY_RTOS/MY_RTOS_FIFO.o
 .debug_abbrev  0x00000000000002b2      0x24c MY_RTOS/scheduler.o
 .debug_abbrev  0x00000000000004fe      0x1d5 Src/main.o
 .debug_abbrev  0x00000000000006d3       0x12 Startup/startup_stm32f103c6tx.o
 .debug_abbrev  0x00000000000006e5      0x228 Stm32_F103C6_Drivers/Stm32_F103C6_EXTI_driver.o

.debug_loc      0x0000000000000000      0x930
 .debug_loc     0x0000000000000000       0xf4 MY_RTOS/Cortex_Mx_OS_Porting.o
 .debug_loc     0x00000000000000f4      0x1f8 MY_RTOS/MY_RTOS_FIFO.o
 .debug_loc     0x00000000000002ec      0x268 MY_RTOS/scheduler.o
 .debug_loc     0x0000000000000554       0xbc Src/main.o
 .debug_loc     0x0000000000000610      0x320 Stm32_F103C6_Drivers/Stm32_F103C6_EXTI_driver.o

.debug_aranges  0x0000000000000000      0x1c8
 .debug_aranges
                0x0000000000000000       0x48 MY_RTOS/Cortex_Mx_OS_Porting.o
 .debug_aranges
                0x0000000000000048       0x48 MY_RTOS/MY_RTOS_FIFO.o
 .debug_aranges
                0x0000000000000090       0x58 MY_RTOS/scheduler.o
 .debug_aranges
                0x00000000000000e8       0x38 Src/main.o
 .debug_aranges
                0x0000000000000120       0x28 Startup/startup_stm32f103c6tx.o
 .debug_aranges
                0x0000000000000148       0x80 Stm32_F103C6_Drivers/Stm32_F103C6_EXTI_driver.o

.debug_ranges   0x0000000000000000      0x170
 .debug_ranges  0x0000000000000000       0x38 MY_RTOS/Cortex_Mx_OS_Porting.o
 .debug_ranges  0x0000000000000038       0x38 MY_RTOS/MY_RTOS_FIFO.o
 .debug_ranges  0x0000000000000070       0x48 MY_RTOS/scheduler.o
 .debug_ranges  0x00000000000000b8       0x28 Src/main.o
 .debug_ranges  0x00000000000000e0       0x20 Startup/startup_stm32f103c6tx.o
 .debug_ranges  0x0000000000000100       0x70 Stm32_F103C6_Drivers/Stm32_F103C6_EXTI_driver.o

.debug_macro    0x0000000000000000     0x2644
 .debug_macro   0x0000000000000000       0xb9 MY_RTOS/Cortex_Mx_OS_Porting.o
 .debug_macro   0x00000000000000b9       0x28 MY_RTOS/Cortex_Mx_OS_Porting.o
 .debug_macro   0x00000000000000e1       0x1c MY_RTOS/Cortex_Mx_OS_Porting.o
 .debug_macro   0x00000000000000fd       0x22 MY_RTOS/Cortex_Mx_OS_Porting.o
 .debug_macro   0x000000000000011f       0xe5 MY_RTOS/Cortex_Mx_OS_Porting.o
 .debug_macro   0x0000000000000204      0xe3c MY_RTOS/Cortex_Mx_OS_Porting.o
 .debug_macro   0x0000000000001040       0x2e MY_RTOS/Cortex_Mx_OS_Porting.o
 .debug_macro   0x000000000000106e      0x228 MY_RTOS/MY_RTOS_FIFO.o
 .debug_macro   0x0000000000001296       0x40 MY_RTOS/MY_RTOS_FIFO.o
 .debug_macro   0x00000000000012d6       0x94 MY_RTOS/MY_RTOS_FIFO.o
 .debug_macro   0x000000000000136a       0x16 MY_RTOS/MY_RTOS_FIFO.o
 .debug_macro   0x0000000000001380       0x57 MY_RTOS/MY_RTOS_FIFO.o
 .debug_macro   0x00000000000013d7       0x97 MY_RTOS/MY_RTOS_FIFO.o
 .debug_macro   0x000000000000146e       0xfd MY_RTOS/MY_RTOS_FIFO.o
 .debug_macro   0x000000000000156b       0x10 MY_RTOS/MY_RTOS_FIFO.o
 .debug_macro   0x000000000000157b       0x10 MY_RTOS/MY_RTOS_FIFO.o
 .debug_macro   0x000000000000158b       0x1c MY_RTOS/MY_RTOS_FIFO.o
 .debug_macro   0x00000000000015a7       0x52 MY_RTOS/MY_RTOS_FIFO.o
 .debug_macro   0x00000000000015f9       0x40 MY_RTOS/MY_RTOS_FIFO.o
 .debug_macro   0x0000000000001639       0x10 MY_RTOS/MY_RTOS_FIFO.o
 .debug_macro   0x0000000000001649       0x40 MY_RTOS/MY_RTOS_FIFO.o
 .debug_macro   0x0000000000001689       0xd7 MY_RTOS/MY_RTOS_FIFO.o
 .debug_macro   0x0000000000001760       0x1c MY_RTOS/MY_RTOS_FIFO.o
 .debug_macro   0x000000000000177c       0x3d MY_RTOS/MY_RTOS_FIFO.o
 .debug_macro   0x00000000000017b9       0x16 MY_RTOS/MY_RTOS_FIFO.o
 .debug_macro   0x00000000000017cf      0x145 MY_RTOS/MY_RTOS_FIFO.o
 .debug_macro   0x0000000000001914       0xdf MY_RTOS/MY_RTOS_FIFO.o
 .debug_macro   0x00000000000019f3      0x232 MY_RTOS/scheduler.o
 .debug_macro   0x0000000000001c25      0x32a MY_RTOS/scheduler.o
 .debug_macro   0x0000000000001f4f      0x1d0 Src/main.o
 .debug_macro   0x000000000000211f       0xd6 Src/main.o
 .debug_macro   0x00000000000021f5      0x227 Src/main.o
 .debug_macro   0x000000000000241c       0x40 Src/main.o
 .debug_macro   0x000000000000245c       0x94 Src/main.o
 .debug_macro   0x00000000000024f0      0x154 Stm32_F103C6_Drivers/Stm32_F103C6_EXTI_driver.o

.debug_line     0x0000000000000000     0x260b
 .debug_line    0x0000000000000000      0x5ae MY_RTOS/Cortex_Mx_OS_Porting.o
 .debug_line    0x00000000000005ae      0x813 MY_RTOS/MY_RTOS_FIFO.o
 .debug_line    0x0000000000000dc1      0x811 MY_RTOS/scheduler.o
 .debug_line    0x00000000000015d2      0x812 Src/main.o
 .debug_line    0x0000000000001de4       0x84 Startup/startup_stm32f103c6tx.o
 .debug_line    0x0000000000001e68      0x7a3 Stm32_F103C6_Drivers/Stm32_F103C6_EXTI_driver.o

.debug_str      0x0000000000000000    0x103a0
 .debug_str     0x0000000000000000     0x95fb MY_RTOS/Cortex_Mx_OS_Porting.o
                                       0x9776 (size before relaxing)
 .debug_str     0x00000000000095fb     0x44e6 MY_RTOS/MY_RTOS_FIFO.o
                                       0xdcd1 (size before relaxing)
 .debug_str     0x000000000000dae1      0x239 MY_RTOS/scheduler.o
                                       0xde92 (size before relaxing)
 .debug_str     0x000000000000dd1a     0x23b9 Src/main.o
                                       0xee3e (size before relaxing)
 .debug_str     0x00000000000100d3       0x31 Startup/startup_stm32f103c6tx.o
                                         0xcc (size before relaxing)
 .debug_str     0x0000000000010104      0x29c Stm32_F103C6_Drivers/Stm32_F103C6_EXTI_driver.o
                                       0x920d (size before relaxing)

.comment        0x0000000000000000       0x7b
 .comment       0x0000000000000000       0x7b MY_RTOS/Cortex_Mx_OS_Porting.o
                                         0x7c (size before relaxing)
 .comment       0x000000000000007b       0x7c MY_RTOS/MY_RTOS_FIFO.o
 .comment       0x000000000000007b       0x7c MY_RTOS/scheduler.o
 .comment       0x000000000000007b       0x7c Src/main.o
 .comment       0x000000000000007b       0x7c Stm32_F103C6_Drivers/Stm32_F103C6_EXTI_driver.o

.debug_frame    0x0000000000000000      0x50c
 .debug_frame   0x0000000000000000       0xa0 MY_RTOS/Cortex_Mx_OS_Porting.o
 .debug_frame   0x00000000000000a0       0xf0 MY_RTOS/MY_RTOS_FIFO.o
 .debug_frame   0x0000000000000190      0x128 MY_RTOS/scheduler.o
 .debug_frame   0x00000000000002b8       0x78 Src/main.o
 .debug_frame   0x0000000000000330      0x1b0 Stm32_F103C6_Drivers/Stm32_F103C6_EXTI_driver.o
 .debug_frame   0x00000000000004e0       0x2c d:/st/stm32cubeide_1.4.0/stm32cubeide/plugins/com.st.stm32cube.ide.mcu.externaltools.gnu-tools-for-stm32.7-2018-q2-update.win32_1.4.0.202007081208/tools/bin/../lib/gcc/arm-none-eabi/7.3.1/../../../../arm-none-eabi/lib/thumb/v7-m\libc_nano.a(lib_a-init.o)
