Archive member included to satisfy reference by file (symbol)

d:/st/stm32cubeide_1.4.0/stm32cubeide/plugins/com.st.stm32cube.ide.mcu.externaltools.gnu-tools-for-stm32.7-2018-q2-update.win32_1.4.0.202007081208/tools/bin/../lib/gcc/arm-none-eabi/7.3.1/../../../../arm-none-eabi/lib/thumb/v7-m\libc_nano.a(lib_a-errno.o)
                              Src/syscalls.o (__errno)
d:/st/stm32cubeide_1.4.0/stm32cubeide/plugins/com.st.stm32cube.ide.mcu.externaltools.gnu-tools-for-stm32.7-2018-q2-update.win32_1.4.0.202007081208/tools/bin/../lib/gcc/arm-none-eabi/7.3.1/../../../../arm-none-eabi/lib/thumb/v7-m\libc_nano.a(lib_a-exit.o)
                              d:/st/stm32cubeide_1.4.0/stm32cubeide/plugins/com.st.stm32cube.ide.mcu.externaltools.gnu-tools-for-stm32.7-2018-q2-update.win32_1.4.0.202007081208/tools/bin/../lib/gcc/arm-none-eabi/7.3.1/../../../../arm-none-eabi/lib/thumb/v7-m/crt0.o (exit)
d:/st/stm32cubeide_1.4.0/stm32cubeide/plugins/com.st.stm32cube.ide.mcu.externaltools.gnu-tools-for-stm32.7-2018-q2-update.win32_1.4.0.202007081208/tools/bin/../lib/gcc/arm-none-eabi/7.3.1/../../../../arm-none-eabi/lib/thumb/v7-m\libc_nano.a(lib_a-impure.o)
                              d:/st/stm32cubeide_1.4.0/stm32cubeide/plugins/com.st.stm32cube.ide.mcu.externaltools.gnu-tools-for-stm32.7-2018-q2-update.win32_1.4.0.202007081208/tools/bin/../lib/gcc/arm-none-eabi/7.3.1/../../../../arm-none-eabi/lib/thumb/v7-m\libc_nano.a(lib_a-exit.o) (_global_impure_ptr)
d:/st/stm32cubeide_1.4.0/stm32cubeide/plugins/com.st.stm32cube.ide.mcu.externaltools.gnu-tools-for-stm32.7-2018-q2-update.win32_1.4.0.202007081208/tools/bin/../lib/gcc/arm-none-eabi/7.3.1/../../../../arm-none-eabi/lib/thumb/v7-m\libc_nano.a(lib_a-init.o)
                              d:/st/stm32cubeide_1.4.0/stm32cubeide/plugins/com.st.stm32cube.ide.mcu.externaltools.gnu-tools-for-stm32.7-2018-q2-update.win32_1.4.0.202007081208/tools/bin/../lib/gcc/arm-none-eabi/7.3.1/../../../../arm-none-eabi/lib/thumb/v7-m/crt0.o (__libc_init_array)
d:/st/stm32cubeide_1.4.0/stm32cubeide/plugins/com.st.stm32cube.ide.mcu.externaltools.gnu-tools-for-stm32.7-2018-q2-update.win32_1.4.0.202007081208/tools/bin/../lib/gcc/arm-none-eabi/7.3.1/../../../../arm-none-eabi/lib/thumb/v7-m\libc_nano.a(lib_a-memset.o)
                              d:/st/stm32cubeide_1.4.0/stm32cubeide/plugins/com.st.stm32cube.ide.mcu.externaltools.gnu-tools-for-stm32.7-2018-q2-update.win32_1.4.0.202007081208/tools/bin/../lib/gcc/arm-none-eabi/7.3.1/../../../../arm-none-eabi/lib/thumb/v7-m/crt0.o (memset)
d:/st/stm32cubeide_1.4.0/stm32cubeide/plugins/com.st.stm32cube.ide.mcu.externaltools.gnu-tools-for-stm32.7-2018-q2-update.win32_1.4.0.202007081208/tools/bin/../lib/gcc/arm-none-eabi/7.3.1/../../../../arm-none-eabi/lib/thumb/v7-m\libc_nano.a(lib_a-printf.o)
                              MY_RTOS/MY_RTOS_FIFO.o (printf)
d:/st/stm32cubeide_1.4.0/stm32cubeide/plugins/com.st.stm32cube.ide.mcu.externaltools.gnu-tools-for-stm32.7-2018-q2-update.win32_1.4.0.202007081208/tools/bin/../lib/gcc/arm-none-eabi/7.3.1/../../../../arm-none-eabi/lib/thumb/v7-m\libc_nano.a(lib_a-puts.o)
                              MY_RTOS/MY_RTOS_FIFO.o (puts)
d:/st/stm32cubeide_1.4.0/stm32cubeide/plugins/com.st.stm32cube.ide.mcu.externaltools.gnu-tools-for-stm32.7-2018-q2-update.win32_1.4.0.202007081208/tools/bin/../lib/gcc/arm-none-eabi/7.3.1/../../../../arm-none-eabi/lib/thumb/v7-m\libc_nano.a(lib_a-strcmp.o)
                              MY_RTOS/scheduler.o (strcmp)
d:/st/stm32cubeide_1.4.0/stm32cubeide/plugins/com.st.stm32cube.ide.mcu.externaltools.gnu-tools-for-stm32.7-2018-q2-update.win32_1.4.0.202007081208/tools/bin/../lib/gcc/arm-none-eabi/7.3.1/../../../../arm-none-eabi/lib/thumb/v7-m\libc_nano.a(lib_a-wbuf.o)
                              d:/st/stm32cubeide_1.4.0/stm32cubeide/plugins/com.st.stm32cube.ide.mcu.externaltools.gnu-tools-for-stm32.7-2018-q2-update.win32_1.4.0.202007081208/tools/bin/../lib/gcc/arm-none-eabi/7.3.1/../../../../arm-none-eabi/lib/thumb/v7-m\libc_nano.a(lib_a-puts.o) (__swbuf_r)
d:/st/stm32cubeide_1.4.0/stm32cubeide/plugins/com.st.stm32cube.ide.mcu.externaltools.gnu-tools-for-stm32.7-2018-q2-update.win32_1.4.0.202007081208/tools/bin/../lib/gcc/arm-none-eabi/7.3.1/../../../../arm-none-eabi/lib/thumb/v7-m\libc_nano.a(lib_a-wsetup.o)
                              d:/st/stm32cubeide_1.4.0/stm32cubeide/plugins/com.st.stm32cube.ide.mcu.externaltools.gnu-tools-for-stm32.7-2018-q2-update.win32_1.4.0.202007081208/tools/bin/../lib/gcc/arm-none-eabi/7.3.1/../../../../arm-none-eabi/lib/thumb/v7-m\libc_nano.a(lib_a-puts.o) (__swsetup_r)
d:/st/stm32cubeide_1.4.0/stm32cubeide/plugins/com.st.stm32cube.ide.mcu.externaltools.gnu-tools-for-stm32.7-2018-q2-update.win32_1.4.0.202007081208/tools/bin/../lib/gcc/arm-none-eabi/7.3.1/../../../../arm-none-eabi/lib/thumb/v7-m\libc_nano.a(lib_a-fflush.o)
[...]
Memory Configuration

Name             Origin             Length             Attributes
RAM              0x0000000020000000 0x0000000000002800 xrw
ROM              0x0000000008000000 0x0000000000008000 xr
*default*        0x0000000000000000 0xffffffffffffffff

Linker script and memory map

LOAD d:/st/stm32cubeide_1.4.0/stm32cubeide/plugins/com.st.stm32cube.ide.mcu.externaltools.gnu-tools-for-stm32.7-2018-q2-update.win32_1.4.0.202007081208/tools/bin/../lib/gcc/arm-none-eabi/7.3.1/thumb/v7-m/crti.o
LOAD d:/st/stm32cubeide_1.4.0/stm32cubeide/plugins/com.st.stm32cube.ide.mcu.externaltools.gnu-tools-for-stm32.7-2018-q2-update.win32_1.4.0.202007081208/tools/bin/../lib/gcc/arm-none-eabi/7.3.1/thumb/v7-m/crtbegin.o
LOAD d:/st/stm32cubeide_1.4.0/stm32cubeide/plugins/com.st.stm32cube.ide.mcu.externaltools.gnu-tools-for-stm32.7-2018-q2-update.win32_1.4.0.202007081208/tools/bin/../lib/gcc/arm-none-eabi/7.3.1/../../../../arm-none-eabi/lib/thumb/v7-m/crt0.o
LOAD HAL/KEY_PAD.o
LOAD HAL/LCD.o
LOAD MY_RTOS/Cortex_Mx_OS_Porting.o
LOAD MY_RTOS/MY_RTOS_FIFO.o
LOAD MY_RTOS/scheduler.o
LOAD Src/main.o
LOAD Src/syscalls.o
LOAD Src/sysmem.o
LOAD Startup/startup_stm32f103c6tx.o
LOAD Stm32_F103C6_Drivers/Stm32_F103C6_EXTI_driver.o
LOAD Stm32_F103C6_Drivers/Stm32_F103C6_gpio_driver.o
START GROUP
LOAD d:/st/stm32cubeide_1.4.0/stm32cubeide/plugins/com.st.stm32cube.ide.mcu.externaltools.gnu-tools-for-stm32.7-2018-q2-update.win32_1.4.0.202007081208/tools/bin/../lib/gcc/arm-none-eabi/7.3.1/../../../../arm-none-eabi/lib/thumb/v7-m\libc_nano.a
LOAD d:/st/stm32cubeide_1.4.0/stm32cubeide/plugins/com.st.stm32cube.ide.mcu.externaltools.gnu-tools-for-stm32.7-2018-q2-update.win32_1.4.0.202007081208/tools/bin/../lib/gcc/arm-none-eabi/7.3.1/../../../../arm-none-eabi/lib/thumb/v7-m\libm.a
END GROUP
START GROUP
LOAD d:/st/stm32cubeide_1.4.0/stm32cubeide/plugins/com.st.stm32cube.ide.mcu.externaltools.gnu-tools-for-stm32.7-2018-q2-update.win32_1.4.0.202007081208/tools/bin/../lib/gcc/arm-none-eabi/7.3.1/thumb/v7-m\libgcc.a
LOAD d:/st/stm32cubeide_1.4.0/stm32cubeide/plugins/com.st.stm32cube.ide.mcu.externaltools.gnu-tools-for-stm32.7-2018-q2-update.win32_1.4.0.202007081208/tools/bin/../lib/gcc/arm-none-eabi/7.3.1/../../../../arm-none-eabi/lib/thumb/v7-m\libg_nano.a
LOAD d:/st/stm32cubeide_1.4.0/stm32cubeide/plugins/com.st.stm32cube.ide.mcu.externaltools.gnu-tools-for-stm32.7-2018-q2-update.win32_1.4.0.202007081208/tools/bin/../lib/gcc/arm-none-eabi/7.3.1/../../../../arm-none-eabi/lib/thumb/v7-m\libc_nano.a
END GROUP
START GROUP
LOAD d:/st/stm32cubeide_1.4.0/stm32cubeide/plugins/com.st.stm32cube.ide.mcu.externaltools.gnu-tools-for-stm32.7-2018-q2-update.win32_1.4.0.202007081208/tools/bin/../lib/gcc/arm-none-eabi/7.3.1/thumb/v7-m\libgcc.a
LOAD d:/st/stm32cubeide_1.4.0/stm32cubeide/plugins/com.st.stm32cube.ide.mcu.externaltools.gnu-tools-for-stm32.7-2018-q2-update.win32_1.4.0.202007081208/tools/bin/../lib/gcc/arm-none-eabi/7.3.1/../../../../arm-none-eabi/lib/thumb/v7-m\libc_nano.a
LOAD d:/st/stm32cubeide_1.4.0/stm32cubeide/plugins/com.st.stm32cube.ide.mcu.externaltools.gnu-tools-for-stm32.7-2018-q2-update.win32_1.4.0.202007081208/tools/bin/../lib/gcc/arm-none-eabi/7.3.1/../../../../arm-none-eabi/lib/thumb/v7-m\libnosys.a
END GROUP
START GROUP
LOAD d:/st/stm32cubeide_1.4.0/stm32cubeide/plugins/com.st.stm32cube.ide.mcu.externaltools.gnu-tools-for-stm32.7-2018-q2-update.win32_1.4.0.202007081208/tools/bin/../lib/gcc/arm-none-eabi/7.3.1/thumb/v7-m\libgcc.a
LOAD d:/st/stm32cubeide_1.4.0/stm32cubeide/plugins/com.st.stm32cube.ide.mcu.externaltools.gnu-tools-for-stm32.7-2018-q2-update.win32_1.4.0.202007081208/tools/bin/../lib/gcc/arm-none-eabi/7.3.1/../../../../arm-none-eabi/lib/thumb/v7-m\libc_nano.a
LOAD d:/st/stm32cubeide_1.4.0/stm32cubeide/plugins/com.st.stm32cube.ide.mcu.externaltools.gnu-tools-for-stm32.7-2018-q2-update.win32_1.4.0.202007081208/tools/bin/../lib/gcc/arm-none-eabi/7.3.1/../../../../arm-none-eabi/lib/thumb/v7-m\libnosys.a
END GROUP
LOAD d:/st/stm32cubeide_1.4.0/stm32cubeide/plugins/com.st.stm32cube.ide.mcu.externaltools.gnu-tools-for-stm32.7-2018-q2-update.win32_1.4.0.202007081208/tools/bin/../lib/gcc/arm-none-eabi/7.3.1/thumb/v7-m/crtend.o
LOAD d:/st/stm32cubeide_1.4.0/stm32cubeide/plugins/com.st.stm32cube.ide.mcu.externaltools.gnu-tools-for-stm32.7-2018-q2-update.win32_1.4.0.202007081208/tools/bin/../lib/gcc/arm-none-eabi/7.3.1/thumb/v7-m/crtn.o
                0x0000000020002800                _estack = (ORIGIN (RAM) + LENGTH (RAM))
                0x0000000000000200                _Min_Heap_Size = 0x200
                0x0000000000000400                _Min_Stack_Size = 0x400

.isr_vector     0x0000000008000000      0x130
                0x0000000008000000                . = ALIGN (0x4)
 *(.isr_vector)
 .isr_vector    0x0000000008000000      0x130 Startup/startup_stm32f103c6tx.o
                0x0000000008000000                g_pfnVectors
                0x0000000008000130                . = ALIGN (0x4)

.text           0x0000000008000130     0x1898
                0x0000000008000130                . = ALIGN (0x4)
 *(.text)
 .text          0x0000000008000130       0x40 d:/st/stm32cubeide_1.4.0/stm32cubeide/plugins/com.st.stm32cube.ide.mcu.externaltools.gnu-tools-for-stm32.7-2018-q2-update.win32_1.4.0.202007081208/tools/bin/../lib/gcc/arm-none-eabi/7.3.1/thumb/v7-m/crtbegin.o
 .text          0x0000000008000170       0x14 d:/st/stm32cubeide_1.4.0/stm32cubeide/plugins/com.st.stm32cube.ide.mcu.externaltools.gnu-tools-for-stm32.7-2018-q2-update.win32_1.4.0.202007081208/tools/bin/../lib/gcc/arm-none-eabi/7.3.1/../../../../arm-none-eabi/lib/thumb/v7-m\libc_nano.a(lib_a-strcmp.o)
                0x0000000008000170                strcmp
 *(.text*)
 .text.__NVIC_SetPriority
                0x0000000008000184       0x54 MY_RTOS/Cortex_Mx_OS_Porting.o
 .text.SysTick_Config
                0x00000000080001d8       0x44 MY_RTOS/Cortex_Mx_OS_Porting.o
 .text.HardFault_Handler
                0x000000000800021c        0x6 MY_RTOS/Cortex_Mx_OS_Porting.o
                0x000000000800021c                HardFault_Handler
 .text.MemManage_Handler
                0x0000000008000222        0x6 MY_RTOS/Cortex_Mx_OS_Porting.o
                0x0000000008000222                MemManage_Handler
 .text.BusFault_Handler
                0x0000000008000228        0x6 MY_RTOS/Cortex_Mx_OS_Porting.o
                0x0000000008000228                BusFault_Handler
 .text.UsageFault_Handler
                0x000000000800022e        0x6 MY_RTOS/Cortex_Mx_OS_Porting.o
                0x000000000800022e                UsageFault_Handler
 .text.SVC_Handler
                0x0000000008000234       0x14 MY_RTOS/Cortex_Mx_OS_Porting.o
                0x0000000008000234                SVC_Handler
 .text.HW_init  0x0000000008000248       0x12 MY_RTOS/Cortex_Mx_OS_Porting.o
                0x0000000008000248                HW_init
 *fill*         0x000000000800025a        0x2 
 .text.OS_trigger_PendSV
                0x000000000800025c       0x1c MY_RTOS/Cortex_Mx_OS_Porting.o
                0x000000000800025c                OS_trigger_PendSV
 .text.Start_Ticker
                0x0000000008000278       0x10 MY_RTOS/Cortex_Mx_OS_Porting.o
                0x0000000008000278                Start_Ticker
 .text.SysTick_Handler
                0x0000000008000288       0x24 MY_RTOS/Cortex_Mx_OS_Porting.o
                0x0000000008000288                SysTick_Handler
 .text.FIFO_init
                0x00000000080002ac       0x40 MY_RTOS/MY_RTOS_FIFO.o
                0x00000000080002ac                FIFO_init
 .text.FIFO_enqueue
                0x00000000080002ec       0x8e MY_RTOS/MY_RTOS_FIFO.o
                0x00000000080002ec                FIFO_enqueue
 *fill*         0x000000000800037a        0x2 
 .text.FIFO_dequeue
                0x000000000800037c       0x8c MY_RTOS/MY_RTOS_FIFO.o
                0x000000000800037c                FIFO_dequeue
 .text.FIFO_is_full
                0x0000000008000408       0x48 MY_RTOS/MY_RTOS_FIFO.o
                0x0000000008000408                FIFO_is_full
 .text.FIFO_is_empty
                0x0000000008000450       0x3c MY_RTOS/MY_RTOS_FIFO.o
                0x0000000008000450                FIFO_is_empty
 .text.PendSV_Handler
                0x000000000800048c      0x1b8 MY_RTOS/scheduler.o
                0x000000000800048c                PendSV_Handler
 .text.MY_RTOS_Create_MainStack
                0x0000000008000644       0x3c MY_RTOS/scheduler.o
                0x0000000008000644                MY_RTOS_Create_MainStack
 .text.MY_RTOS_init
                0x0000000008000680       0x80 MY_RTOS/scheduler.o
                0x0000000008000680                MY_RTOS_init
 .text.MY_RTOS_idel_Task
                0x0000000008000700       0x1c MY_RTOS/scheduler.o
                0x0000000008000700                MY_RTOS_idel_Task
 .text.MY_RTOS_Create_TaskStack
                0x000000000800071c       0x7c MY_RTOS/scheduler.o
                0x000000000800071c                MY_RTOS_Create_TaskStack
 .text.MY_RTOS_Creat_Task
                0x0000000008000798       0x7c MY_RTOS/scheduler.o
                0x0000000008000798                MY_RTOS_Creat_Task
 .text.bubbleSort
                0x0000000008000814       0x8c MY_RTOS/scheduler.o
                0x0000000008000814                bubbleSort
 .text.MY_RTOS_Update_Scheduler_Table
                0x00000000080008a0       0xd0 MY_RTOS/scheduler.o
                0x00000000080008a0                MY_RTOS_Update_Scheduler_Table
 .text.Decide_whatNext
                0x0000000008000970       0xa0 MY_RTOS/scheduler.o
                0x0000000008000970                Decide_whatNext
 .text.OS_SVC_Services
                0x0000000008000a10       0x6c MY_RTOS/scheduler.o
                0x0000000008000a10                OS_SVC_Services
 .text.MY_RTOS_OS_SVC_Set
                0x0000000008000a7c       0x30 MY_RTOS/scheduler.o
                0x0000000008000a7c                MY_RTOS_OS_SVC_Set
 .text.MY_RTOS_ActivateTask
                0x0000000008000aac       0x1e MY_RTOS/scheduler.o
                0x0000000008000aac                MY_RTOS_ActivateTask
 *fill*         0x0000000008000aca        0x2 
 .text.MY_RTOS_STARTOS
                0x0000000008000acc       0x60 MY_RTOS/scheduler.o
                0x0000000008000acc                MY_RTOS_STARTOS
 .text.task1    0x0000000008000b2c       0x18 Src/main.o
                0x0000000008000b2c                task1
 .text.task2    0x0000000008000b44       0x18 Src/main.o
                0x0000000008000b44                task2
 .text.task3    0x0000000008000b5c       0x18 Src/main.o
                0x0000000008000b5c                task3
 .text.task4    0x0000000008000b74       0x18 Src/main.o
                0x0000000008000b74                task4
 .text.main     0x0000000008000b8c      0x140 Src/main.o
                0x0000000008000b8c                main
 .text._read    0x0000000008000ccc       0x3a Src/syscalls.o
                0x0000000008000ccc                _read
 .text._write   0x0000000008000d06       0x38 Src/syscalls.o
                0x0000000008000d06                _write
 .text._close   0x0000000008000d3e       0x16 Src/syscalls.o
                0x0000000008000d3e                _close
 .text._fstat   0x0000000008000d54       0x1e Src/syscalls.o
                0x0000000008000d54                _fstat
 .text._isatty  0x0000000008000d72       0x14 Src/syscalls.o
                0x0000000008000d72                _isatty
 .text._lseek   0x0000000008000d86       0x18 Src/syscalls.o
                0x0000000008000d86                _lseek
 *fill*         0x0000000008000d9e        0x2 
 .text._sbrk    0x0000000008000da0       0x6c Src/sysmem.o
                0x0000000008000da0                _sbrk
 .text.Reset_Handler
                0x0000000008000e0c       0x50 Startup/startup_stm32f103c6tx.o
                0x0000000008000e0c                Reset_Handler
 .text.Default_Handler
                0x0000000008000e5c        0x2 Startup/startup_stm32f103c6tx.o
                0x0000000008000e5c                TIM8_TRG_COM_IRQHandler
                0x0000000008000e5c                TIM8_CC_IRQHandler
                0x0000000008000e5c                DebugMon_Handler
                0x0000000008000e5c                TIM1_CC_IRQHandler
                0x0000000008000e5c                TIM6_IRQHandler
                0x0000000008000e5c                PVD_IRQHandler
                0x0000000008000e5c                SDIO_IRQHandler
                0x0000000008000e5c                NMI_Handler
                0x0000000008000e5c                USB_HP_CAN_TX_IRQHandler
                0x0000000008000e5c                I2C2_EV_IRQHandler
                0x0000000008000e5c                ADC1_2_IRQHandler
                0x0000000008000e5c                SPI1_IRQHandler
                0x0000000008000e5c                CAN_SCE_IRQHandler
                0x0000000008000e5c                TAMPER_IRQHandler
                0x0000000008000e5c                TIM8_UP_IRQHandler
                0x0000000008000e5c                DMA2_Channel2_IRQHandler
                0x0000000008000e5c                DMA1_Channel4_IRQHandler
                0x0000000008000e5c                USART3_IRQHandler
                0x0000000008000e5c                RTC_IRQHandler
                0x0000000008000e5c                DMA1_Channel7_IRQHandler
                0x0000000008000e5c                UART5_IRQHandler
                0x0000000008000e5c                ADC3_IRQHandler
                0x0000000008000e5c                TIM4_IRQHandler
                0x0000000008000e5c                CAN_RX1_IRQHandler
                0x0000000008000e5c                DMA2_Channel1_IRQHandler
                0x0000000008000e5c                I2C1_EV_IRQHandler
                0x0000000008000e5c                DMA1_Channel6_IRQHandler
                0x0000000008000e5c                UART4_IRQHandler
                0x0000000008000e5c                TIM3_IRQHandler
                0x0000000008000e5c                RCC_IRQHandler
                0x0000000008000e5c                TIM1_TRG_COM_IRQHandler
                0x0000000008000e5c                DMA1_Channel1_IRQHandler
                0x0000000008000e5c                Default_Handler
                0x0000000008000e5c                TIM7_IRQHandler
                0x0000000008000e5c                TIM5_IRQHandler
                0x0000000008000e5c                SPI2_IRQHandler
                0x0000000008000e5c                USB_LP_CAN_RX0_IRQHandler
                0x0000000008000e5c                DMA1_Channel5_IRQHandler
                0x0000000008000e5c                DMA1_Channel3_IRQHandler
                0x0000000008000e5c                FSMC_IRQHandler
                0x0000000008000e5c                TIM1_UP_IRQHandler
                0x0000000008000e5c                WWDG_IRQHandler
                0x0000000008000e5c                TIM2_IRQHandler
                0x0000000008000e5c                TIM1_BRK_IRQHandler
                0x0000000008000e5c                RTCAlarm_IRQHandler
                0x0000000008000e5c                DMA2_Channel4_5_IRQHandler
                0x0000000008000e5c                USART2_IRQHandler
                0x0000000008000e5c                I2C2_ER_IRQHandler
                0x0000000008000e5c                DMA1_Channel2_IRQHandler
                0x0000000008000e5c                TIM8_BRK_IRQHandler
                0x0000000008000e5c                FLASH_IRQHandler
                0x0000000008000e5c                USART1_IRQHandler
                0x0000000008000e5c                SPI3_IRQHandler
                0x0000000008000e5c                I2C1_ER_IRQHandler
                0x0000000008000e5c                DMA2_Channel3_IRQHandler
 *fill*         0x0000000008000e5e        0x2 
 .text.EXTI0_IRQHandler
                0x0000000008000e60       0x24 Stm32_F103C6_Drivers/Stm32_F103C6_EXTI_driver.o
                0x0000000008000e60                EXTI0_IRQHandler
 .text.EXTI1_IRQHandler
                0x0000000008000e84       0x24 Stm32_F103C6_Drivers/Stm32_F103C6_EXTI_driver.o
                0x0000000008000e84                EXTI1_IRQHandler
 .text.EXTI2_IRQHandler
                0x0000000008000ea8       0x24 Stm32_F103C6_Drivers/Stm32_F103C6_EXTI_driver.o
                0x0000000008000ea8                EXTI2_IRQHandler
 .text.EXTI3_IRQHandler
                0x0000000008000ecc       0x24 Stm32_F103C6_Drivers/Stm32_F103C6_EXTI_driver.o
                0x0000000008000ecc                EXTI3_IRQHandler
 .text.EXTI4_IRQHandler
                0x0000000008000ef0       0x24 Stm32_F103C6_Drivers/Stm32_F103C6_EXTI_driver.o
                0x0000000008000ef0                EXTI4_IRQHandler
 .text.EXTI9_5_IRQHandler
                0x0000000008000f14       0xa8 Stm32_F103C6_Drivers/Stm32_F103C6_EXTI_driver.o
                0x0000000008000f14                EXTI9_5_IRQHandler
 .text.EXTI15_10_IRQHandler
                0x0000000008000fbc       0xc4 Stm32_F103C6_Drivers/Stm32_F103C6_EXTI_driver.o
                0x0000000008000fbc                EXTI15_10_IRQHandler
 .text.__errno  0x0000000008001080        0xc d:/st/stm32cubeide_1.4.0/stm32cubeide/plugins/com.st.stm32cube.ide.mcu.externaltools.gnu-tools-for-stm32.7-2018-q2-update.win32_1.4.0.202007081208/tools/bin/../lib/gcc/arm-none-eabi/7.3.1/../../../../arm-none-eabi/lib/thumb/v7-m\libc_nano.a(lib_a-errno.o)
                0x0000000008001080                __errno
 .text.__libc_init_array
                0x000000000800108c       0x48 d:/st/stm32cubeide_1.4.0/stm32cubeide/plugins/com.st.stm32cube.ide.mcu.externaltools.gnu-tools-for-stm32.7-2018-q2-update.win32_1.4.0.202007081208/tools/bin/../lib/gcc/arm-none-eabi/7.3.1/../../../../arm-none-eabi/lib/thumb/v7-m\libc_nano.a(lib_a-init.o)
                0x000000000800108c                __libc_init_array
 .text.memset   0x00000000080010d4       0x10 d:/st/stm32cubeide_1.4.0/stm32cubeide/plugins/com.st.stm32cube.ide.mcu.externaltools.gnu-tools-for-stm32.7-2018-q2-update.win32_1.4.0.202007081208/tools/bin/../lib/gcc/arm-none-eabi/7.3.1/../../../../arm-none-eabi/lib/thumb/v7-m\libc_nano.a(lib_a-memset.o)
                0x00000000080010d4                memset
 .text._puts_r  0x00000000080010e4       0xb8 d:/st/stm32cubeide_1.4.0/stm32cubeide/plugins/com.st.stm32cube.ide.mcu.externaltools.gnu-tools-for-stm32.7-2018-q2-update.win32_1.4.0.202007081208/tools/bin/../lib/gcc/arm-none-eabi/7.3.1/../../../../arm-none-eabi/lib/thumb/v7-m\libc_nano.a(lib_a-puts.o)
                0x00000000080010e4                _puts_r
 .text.puts     0x000000000800119c       0x10 d:/st/stm32cubeide_1.4.0/stm32cubeide/plugins/com.st.stm32cube.ide.mcu.externaltools.gnu-tools-for-stm32.7-2018-q2-update.win32_1.4.0.202007081208/tools/bin/../lib/gcc/arm-none-eabi/7.3.1/../../../../arm-none-eabi/lib/thumb/v7-m\libc_nano.a(lib_a-puts.o)
                0x000000000800119c                puts
 .text.__swbuf_r
                0x00000000080011ac       0xa4 d:/st/stm32cubeide_1.4.0/stm32cubeide/plugins/com.st.stm32cube.ide.mcu.externaltools.gnu-tools-for-stm32.7-2018-q2-update.win32_1.4.0.202007081208/tools/bin/../lib/gcc/arm-none-eabi/7.3.1/../../../../arm-none-eabi/lib/thumb/v7-m\libc_nano.a(lib_a-wbuf.o)
                0x00000000080011ac                __swbuf_r
 .text.__swsetup_r
                0x0000000008001250       0xdc d:/st/stm32cubeide_1.4.0/stm32cubeide/plugins/com.st.stm32cube.ide.mcu.externaltools.gnu-tools-for-stm32.7-2018-q2-update.win32_1.4.0.202007081208/tools/bin/../lib/gcc/arm-none-eabi/7.3.1/../../../../arm-none-eabi/lib/thumb/v7-m\libc_nano.a(lib_a-wsetup.o)
                0x0000000008001250                __swsetup_r
 .text.__sflush_r
                0x000000000800132c      0x10c d:/st/stm32cubeide_1.4.0/stm32cubeide/plugins/com.st.stm32cube.ide.mcu.externaltools.gnu-tools-for-stm32.7-2018-q2-update.win32_1.4.0.202007081208/tools/bin/../lib/gcc/arm-none-eabi/7.3.1/../../../../arm-none-eabi/lib/thumb/v7-m\libc_nano.a(lib_a-fflush.o)
                0x000000000800132c                __sflush_r
 .text._fflush_r
                0x0000000008001438       0x54 d:/st/stm32cubeide_1.4.0/stm32cubeide/plugins/com.st.stm32cube.ide.mcu.externaltools.gnu-tools-for-stm32.7-2018-q2-update.win32_1.4.0.202007081208/tools/bin/../lib/gcc/arm-none-eabi/7.3.1/../../../../arm-none-eabi/lib/thumb/v7-m\libc_nano.a(lib_a-fflush.o)
                0x0000000008001438                _fflush_r
 .text.std      0x000000000800148c       0x48 d:/st/stm32cubeide_1.4.0/stm32cubeide/plugins/com.st.stm32cube.ide.mcu.externaltools.gnu-tools-for-stm32.7-2018-q2-update.win32_1.4.0.202007081208/tools/bin/../lib/gcc/arm-none-eabi/7.3.1/../../../../arm-none-eabi/lib/thumb/v7-m\libc_nano.a(lib_a-findfp.o)
 .text._cleanup_r
                0x00000000080014d4        0xc d:/st/stm32cubeide_1.4.0/stm32cubeide/plugins/com.st.stm32cube.ide.mcu.externaltools.gnu-tools-for-stm32.7-2018-q2-update.win32_1.4.0.202007081208/tools/bin/../lib/gcc/arm-none-eabi/7.3.1/../../../../arm-none-eabi/lib/thumb/v7-m\libc_nano.a(lib_a-findfp.o)
                0x00000000080014d4                _cleanup_r
 .text.__sfmoreglue
                0x00000000080014e0       0x2c d:/st/stm32cubeide_1.4.0/stm32cubeide/plugins/com.st.stm32cube.ide.mcu.externaltools.gnu-tools-for-stm32.7-2018-q2-update.win32_1.4.0.202007081208/tools/bin/../lib/gcc/arm-none-eabi/7.3.1/../../../../arm-none-eabi/lib/thumb/v7-m\libc_nano.a(lib_a-findfp.o)
                0x00000000080014e0                __sfmoreglue
 .text.__sinit  0x000000000800150c       0x60 d:/st/stm32cubeide_1.4.0/stm32cubeide/plugins/com.st.stm32cube.ide.mcu.externaltools.gnu-tools-for-stm32.7-2018-q2-update.win32_1.4.0.202007081208/tools/bin/../lib/gcc/arm-none-eabi/7.3.1/../../../../arm-none-eabi/lib/thumb/v7-m\libc_nano.a(lib_a-findfp.o)
                0x000000000800150c                __sinit
 .text.__sfp    0x000000000800156c       0x78 d:/st/stm32cubeide_1.4.0/stm32cubeide/plugins/com.st.stm32cube.ide.mcu.externaltools.gnu-tools-for-stm32.7-2018-q2-update.win32_1.4.0.202007081208/tools/bin/../lib/gcc/arm-none-eabi/7.3.1/../../../../arm-none-eabi/lib/thumb/v7-m\libc_nano.a(lib_a-findfp.o)
                0x000000000800156c                __sfp
 .text._fwalk_reent
                0x00000000080015e4       0x3c d:/st/stm32cubeide_1.4.0/stm32cubeide/plugins/com.st.stm32cube.ide.mcu.externaltools.gnu-tools-for-stm32.7-2018-q2-update.win32_1.4.0.202007081208/tools/bin/../lib/gcc/arm-none-eabi/7.3.1/../../../../arm-none-eabi/lib/thumb/v7-m\libc_nano.a(lib_a-fwalk.o)
                0x00000000080015e4                _fwalk_reent
 .text.__swhatbuf_r
                0x0000000008001620       0x48 d:/st/stm32cubeide_1.4.0/stm32cubeide/plugins/com.st.stm32cube.ide.mcu.externaltools.gnu-tools-for-stm32.7-2018-q2-update.win32_1.4.0.202007081208/tools/bin/../lib/gcc/arm-none-eabi/7.3.1/../../../../arm-none-eabi/lib/thumb/v7-m\libc_nano.a(lib_a-makebuf.o)
                0x0000000008001620                __swhatbuf_r
 .text.__smakebuf_r
                0x0000000008001668       0x80 d:/st/stm32cubeide_1.4.0/stm32cubeide/plugins/com.st.stm32cube.ide.mcu.externaltools.gnu-tools-for-stm32.7-2018-q2-update.win32_1.4.0.202007081208/tools/bin/../lib/gcc/arm-none-eabi/7.3.1/../../../../arm-none-eabi/lib/thumb/v7-m\libc_nano.a(lib_a-makebuf.o)
                0x0000000008001668                __smakebuf_r
 .text._free_r  0x00000000080016e8       0x98 d:/st/stm32cubeide_1.4.0/stm32cubeide/plugins/com.st.stm32cube.ide.mcu.externaltools.gnu-tools-for-stm32.7-2018-q2-update.win32_1.4.0.202007081208/tools/bin/../lib/gcc/arm-none-eabi/7.3.1/../../../../arm-none-eabi/lib/thumb/v7-m\libc_nano.a(lib_a-nano-freer.o)
                0x00000000080016e8                _free_r
 .text._malloc_r
                0x0000000008001780       0xb4 d:/st/stm32cubeide_1.4.0/stm32cubeide/plugins/com.st.stm32cube.ide.mcu.externaltools.gnu-tools-for-stm32.7-2018-q2-update.win32_1.4.0.202007081208/tools/bin/../lib/gcc/arm-none-eabi/7.3.1/../../../../arm-none-eabi/lib/thumb/v7-m\libc_nano.a(lib_a-nano-mallocr.o)
                0x0000000008001780                _malloc_r
 .text._sbrk_r  0x0000000008001834       0x20 d:/st/stm32cubeide_1.4.0/stm32cubeide/plugins/com.st.stm32cube.ide.mcu.externaltools.gnu-tools-for-stm32.7-2018-q2-update.win32_1.4.0.202007081208/tools/bin/../lib/gcc/arm-none-eabi/7.3.1/../../../../arm-none-eabi/lib/thumb/v7-m\libc_nano.a(lib_a-sbrkr.o)
                0x0000000008001834                _sbrk_r
 .text.__sread  0x0000000008001854       0x22 d:/st/stm32cubeide_1.4.0/stm32cubeide/plugins/com.st.stm32cube.ide.mcu.externaltools.gnu-tools-for-stm32.7-2018-q2-update.win32_1.4.0.202007081208/tools/bin/../lib/gcc/arm-none-eabi/7.3.1/../../../../arm-none-eabi/lib/thumb/v7-m\libc_nano.a(lib_a-stdio.o)
                0x0000000008001854                __sread
 .text.__swrite
                0x0000000008001876       0x38 d:/st/stm32cubeide_1.4.0/stm32cubeide/plugins/com.st.stm32cube.ide.mcu.externaltools.gnu-tools-for-stm32.7-2018-q2-update.win32_1.4.0.202007081208/tools/bin/../lib/gcc/arm-none-eabi/7.3.1/../../../../arm-none-eabi/lib/thumb/v7-m\libc_nano.a(lib_a-stdio.o)
                0x0000000008001876                __swrite
 .text.__sseek  0x00000000080018ae       0x24 d:/st/stm32cubeide_1.4.0/stm32cubeide/plugins/com.st.stm32cube.ide.mcu.externaltools.gnu-tools-for-stm32.7-2018-q2-update.win32_1.4.0.202007081208/tools/bin/../lib/gcc/arm-none-eabi/7.3.1/../../../../arm-none-eabi/lib/thumb/v7-m\libc_nano.a(lib_a-stdio.o)
                0x00000000080018ae                __sseek
 .text.__sclose
                0x00000000080018d2        0x8 d:/st/stm32cubeide_1.4.0/stm32cubeide/plugins/com.st.stm32cube.ide.mcu.externaltools.gnu-tools-for-stm32.7-2018-q2-update.win32_1.4.0.202007081208/tools/bin/../lib/gcc/arm-none-eabi/7.3.1/../../../../arm-none-eabi/lib/thumb/v7-m\libc_nano.a(lib_a-stdio.o)
                0x00000000080018d2                __sclose
 *fill*         0x00000000080018da        0x2 
 .text._write_r
                0x00000000080018dc       0x24 d:/st/stm32cubeide_1.4.0/stm32cubeide/plugins/com.st.stm32cube.ide.mcu.externaltools.gnu-tools-for-stm32.7-2018-q2-update.win32_1.4.0.202007081208/tools/bin/../lib/gcc/arm-none-eabi/7.3.1/../../../../arm-none-eabi/lib/thumb/v7-m\libc_nano.a(lib_a-writer.o)
                0x00000000080018dc                _write_r
 .text._close_r
                0x0000000008001900       0x20 d:/st/stm32cubeide_1.4.0/stm32cubeide/plugins/com.st.stm32cube.ide.mcu.externaltools.gnu-tools-for-stm32.7-2018-q2-update.win32_1.4.0.202007081208/tools/bin/../lib/gcc/arm-none-eabi/7.3.1/../../../../arm-none-eabi/lib/thumb/v7-m\libc_nano.a(lib_a-closer.o)
                0x0000000008001900                _close_r
 .text._fstat_r
                0x0000000008001920       0x24 d:/st/stm32cubeide_1.4.0/stm32cubeide/plugins/com.st.stm32cube.ide.mcu.externaltools.gnu-tools-for-stm32.7-2018-q2-update.win32_1.4.0.202007081208/tools/bin/../lib/gcc/arm-none-eabi/7.3.1/../../../../arm-none-eabi/lib/thumb/v7-m\libc_nano.a(lib_a-fstatr.o)
                0x0000000008001920                _fstat_r
 .text._isatty_r
                0x0000000008001944       0x20 d:/st/stm32cubeide_1.4.0/stm32cubeide/plugins/com.st.stm32cube.ide.mcu.externaltools.gnu-tools-for-stm32.7-2018-q2-update.win32_1.4.0.202007081208/tools/bin/../lib/gcc/arm-none-eabi/7.3.1/../../../../arm-none-eabi/lib/thumb/v7-m\libc_nano.a(lib_a-isattyr.o)
                0x0000000008001944                _isatty_r
 .text._lseek_r
                0x0000000008001964       0x24 d:/st/stm32cubeide_1.4.0/stm32cubeide/plugins/com.st.stm32cube.ide.mcu.externaltools.gnu-tools-for-stm32.7-2018-q2-update.win32_1.4.0.202007081208/tools/bin/../lib/gcc/arm-none-eabi/7.3.1/../../../../arm-none-eabi/lib/thumb/v7-m\libc_nano.a(lib_a-lseekr.o)
                0x0000000008001964                _lseek_r
 .text.__malloc_lock
                0x0000000008001988        0x2 d:/st/stm32cubeide_1.4.0/stm32cubeide/plugins/com.st.stm32cube.ide.mcu.externaltools.gnu-tools-for-stm32.7-2018-q2-update.win32_1.4.0.202007081208/tools/bin/../lib/gcc/arm-none-eabi/7.3.1/../../../../arm-none-eabi/lib/thumb/v7-m\libc_nano.a(lib_a-mlock.o)
                0x0000000008001988                __malloc_lock
 .text.__malloc_unlock
                0x000000000800198a        0x2 d:/st/stm32cubeide_1.4.0/stm32cubeide/plugins/com.st.stm32cube.ide.mcu.externaltools.gnu-tools-for-stm32.7-2018-q2-update.win32_1.4.0.202007081208/tools/bin/../lib/gcc/arm-none-eabi/7.3.1/../../../../arm-none-eabi/lib/thumb/v7-m\libc_nano.a(lib_a-mlock.o)
                0x000000000800198a                __malloc_unlock
 .text._read_r  0x000000000800198c       0x24 d:/st/stm32cubeide_1.4.0/stm32cubeide/plugins/com.st.stm32cube.ide.mcu.externaltools.gnu-tools-for-stm32.7-2018-q2-update.win32_1.4.0.202007081208/tools/bin/../lib/gcc/arm-none-eabi/7.3.1/../../../../arm-none-eabi/lib/thumb/v7-m\libc_nano.a(lib_a-readr.o)
                0x000000000800198c                _read_r
 *(.glue_7)
 .glue_7        0x00000000080019b0        0x0 linker stubs
 *(.glue_7t)
 .glue_7t       0x00000000080019b0        0x0 linker stubs
 *(.eh_frame)
 .eh_frame      0x00000000080019b0        0x0 d:/st/stm32cubeide_1.4.0/stm32cubeide/plugins/com.st.stm32cube.ide.mcu.externaltools.gnu-tools-for-stm32.7-2018-q2-update.win32_1.4.0.202007081208/tools/bin/../lib/gcc/arm-none-eabi/7.3.1/thumb/v7-m/crtbegin.o
 *(.init)
 .init          0x00000000080019b0        0x4 d:/st/stm32cubeide_1.4.0/stm32cubeide/plugins/com.st.stm32cube.ide.mcu.externaltools.gnu-tools-for-stm32.7-2018-q2-update.win32_1.4.0.202007081208/tools/bin/../lib/gcc/arm-none-eabi/7.3.1/thumb/v7-m/crti.o
                0x00000000080019b0                _init
 .init          0x00000000080019b4        0x8 d:/st/stm32cubeide_1.4.0/stm32cubeide/plugins/com.st.stm32cube.ide.mcu.externaltools.gnu-tools-for-stm32.7-2018-q2-update.win32_1.4.0.202007081208/tools/bin/../lib/gcc/arm-none-eabi/7.3.1/thumb/v7-m/crtn.o
 *(.fini)
 .fini          0x00000000080019bc        0x4 d:/st/stm32cubeide_1.4.0/stm32cubeide/plugins/com.st.stm32cube.ide.mcu.externaltools.gnu-tools-for-stm32.7-2018-q2-update.win32_1.4.0.202007081208/tools/bin/../lib/gcc/arm-none-eabi/7.3.1/thumb/v7-m/crti.o
                0x00000000080019bc                _fini
 .fini          0x00000000080019c0        0x8 d:/st/stm32cubeide_1.4.0/stm32cubeide/plugins/com.st.stm32cube.ide.mcu.externaltools.gnu-tools-for-stm32.7-2018-q2-update.win32_1.4.0.202007081208/tools/bin/../lib/gcc/arm-none-eabi/7.3.1/thumb/v7-m/crtn.o
                0x00000000080019c8                . = ALIGN (0x4)
                0x00000000080019c8                _etext = .

.vfp11_veneer   0x00000000080019c8        0x0
 .vfp11_veneer  0x00000000080019c8        0x0 linker stubs

.v4_bx          0x00000000080019c8        0x0
 .v4_bx         0x00000000080019c8        0x0 linker stubs

.iplt           0x00000000080019c8        0x0
 .iplt          0x00000000080019c8        0x0 d:/st/stm32cubeide_1.4.0/stm32cubeide/plugins/com.st.stm32cube.ide.mcu.externaltools.gnu-tools-for-stm32.7-2018-q2-update.win32_1.4.0.202007081208/tools/bin/../lib/gcc/arm-none-eabi/7.3.1/thumb/v7-m/crtbegin.o

.rodata         0x00000000080019c8      0x108
                0x00000000080019c8                . = ALIGN (0x4)
 *(.rodata)
 .rodata        0x00000000080019c8       0x76 MY_RTOS/MY_RTOS_FIFO.o
 *fill*         0x0000000008001a3e        0x2 
 .rodata        0x0000000008001a40        0xa MY_RTOS/scheduler.o
 *fill*         0x0000000008001a4a        0x2 
 .rodata        0x0000000008001a4c       0x1e Src/main.o
 *(.rodata*)
 *fill*         0x0000000008001a6a        0x2 
 .rodata._global_impure_ptr
                0x0000000008001a6c        0x4 d:/st/stm32cubeide_1.4.0/stm32cubeide/plugins/com.st.stm32cube.ide.mcu.externaltools.gnu-tools-for-stm32.7-2018-q2-update.win32_1.4.0.202007081208/tools/bin/../lib/gcc/arm-none-eabi/7.3.1/../../../../arm-none-eabi/lib/thumb/v7-m\libc_nano.a(lib_a-impure.o)
                0x0000000008001a6c                _global_impure_ptr
 .rodata.__sf_fake_stderr
                0x0000000008001a70       0x20 d:/st/stm32cubeide_1.4.0/stm32cubeide/plugins/com.st.stm32cube.ide.mcu.externaltools.gnu-tools-for-stm32.7-2018-q2-update.win32_1.4.0.202007081208/tools/bin/../lib/gcc/arm-none-eabi/7.3.1/../../../../arm-none-eabi/lib/thumb/v7-m\libc_nano.a(lib_a-findfp.o)
                0x0000000008001a70                __sf_fake_stderr
 .rodata.__sf_fake_stdin
                0x0000000008001a90       0x20 d:/st/stm32cubeide_1.4.0/stm32cubeide/plugins/com.st.stm32cube.ide.mcu.externaltools.gnu-tools-for-stm32.7-2018-q2-update.win32_1.4.0.202007081208/tools/bin/../lib/gcc/arm-none-eabi/7.3.1/../../../../arm-none-eabi/lib/thumb/v7-m\libc_nano.a(lib_a-findfp.o)
                0x0000000008001a90                __sf_fake_stdin
 .rodata.__sf_fake_stdout
                0x0000000008001ab0       0x20 d:/st/stm32cubeide_1.4.0/stm32cubeide/plugins/com.st.stm32cube.ide.mcu.externaltools.gnu-tools-for-stm32.7-2018-q2-update.win32_1.4.0.202007081208/tools/bin/../lib/gcc/arm-none-eabi/7.3.1/../../../../arm-none-eabi/lib/thumb/v7-m\libc_nano.a(lib_a-findfp.o)
                0x0000000008001ab0                __sf_fake_stdout
                0x0000000008001ad0                . = ALIGN (0x4)

.rel.dyn        0x0000000008001ad0        0x0
 .rel.iplt      0x0000000008001ad0        0x0 d:/st/stm32cubeide_1.4.0/stm32cubeide/plugins/com.st.stm32cube.ide.mcu.externaltools.gnu-tools-for-stm32.7-2018-q2-update.win32_1.4.0.202007081208/tools/bin/../lib/gcc/arm-none-eabi/7.3.1/thumb/v7-m/crtbegin.o

.ARM.extab      0x0000000008001ad0        0x0
                0x0000000008001ad0                . = ALIGN (0x4)
 *(.ARM.extab* .gnu.linkonce.armextab.*)
                0x0000000008001ad0                . = ALIGN (0x4)

.ARM            0x0000000008001ad0        0x0
                0x0000000008001ad0                . = ALIGN (0x4)
                0x0000000008001ad0                __exidx_start = .
 *(.ARM.exidx*)
                0x0000000008001ad0                __exidx_end = .
                0x0000000008001ad0                . = ALIGN (0x4)

.preinit_array  0x0000000008001ad0        0x0
                0x0000000008001ad0                . = ALIGN (0x4)
                0x0000000008001ad0                PROVIDE (__preinit_array_start = .)
 *(.preinit_array*)
                0x0000000008001ad0                PROVIDE (__preinit_array_end = .)
                0x0000000008001ad0                . = ALIGN (0x4)

.init_array     0x0000000008001ad0        0x4
                0x0000000008001ad0                . = ALIGN (0x4)
                0x0000000008001ad0                PROVIDE (__init_array_start = .)
 *(SORT_BY_NAME(.init_array.*))
 *(.init_array*)
 .init_array    0x0000000008001ad0        0x4 d:/st/stm32cubeide_1.4.0/stm32cubeide/plugins/com.st.stm32cube.ide.mcu.externaltools.gnu-tools-for-stm32.7-2018-q2-update.win32_1.4.0.202007081208/tools/bin/../lib/gcc/arm-none-eabi/7.3.1/thumb/v7-m/crtbegin.o
                0x0000000008001ad4                PROVIDE (__init_array_end = .)
                0x0000000008001ad4                . = ALIGN (0x4)

.fini_array     0x0000000008001ad4        0x4
                0x0000000008001ad4                . = ALIGN (0x4)
                [!provide]                        PROVIDE (__fini_array_start = .)
 *(SORT_BY_NAME(.fini_array.*))
 *(.fini_array*)
 .fini_array    0x0000000008001ad4        0x4 d:/st/stm32cubeide_1.4.0/stm32cubeide/plugins/com.st.stm32cube.ide.mcu.externaltools.gnu-tools-for-stm32.7-2018-q2-update.win32_1.4.0.202007081208/tools/bin/../lib/gcc/arm-none-eabi/7.3.1/thumb/v7-m/crtbegin.o
                [!provide]                        PROVIDE (__fini_array_end = .)
                0x0000000008001ad8                . = ALIGN (0x4)
                0x0000000008001ad8                _sidata = LOADADDR (.data)

.data           0x0000000020000000       0x64 load address 0x0000000008001ad8
                0x0000000020000000                . = ALIGN (0x4)
                0x0000000020000000                _sdata = .
 *(.data)
 *(.data*)
 .data._impure_ptr
                0x0000000020000000        0x4 d:/st/stm32cubeide_1.4.0/stm32cubeide/plugins/com.st.stm32cube.ide.mcu.externaltools.gnu-tools-for-stm32.7-2018-q2-update.win32_1.4.0.202007081208/tools/bin/../lib/gcc/arm-none-eabi/7.3.1/../../../../arm-none-eabi/lib/thumb/v7-m\libc_nano.a(lib_a-impure.o)
                0x0000000020000000                _impure_ptr
 .data.impure_data
                0x0000000020000004       0x60 d:/st/stm32cubeide_1.4.0/stm32cubeide/plugins/com.st.stm32cube.ide.mcu.externaltools.gnu-tools-for-stm32.7-2018-q2-update.win32_1.4.0.202007081208/tools/bin/../lib/gcc/arm-none-eabi/7.3.1/../../../../arm-none-eabi/lib/thumb/v7-m\libc_nano.a(lib_a-impure.o)
                0x0000000020000064                . = ALIGN (0x4)
                0x0000000020000064                _edata = .

.igot.plt       0x0000000020000064        0x0 load address 0x0000000008001b3c
 .igot.plt      0x0000000020000064        0x0 d:/st/stm32cubeide_1.4.0/stm32cubeide/plugins/com.st.stm32cube.ide.mcu.externaltools.gnu-tools-for-stm32.7-2018-q2-update.win32_1.4.0.202007081208/tools/bin/../lib/gcc/arm-none-eabi/7.3.1/thumb/v7-m/crtbegin.o
                0x0000000020000064                . = ALIGN (0x4)

.bss            0x0000000020000064      0x524 load address 0x0000000008001b3c
                0x0000000020000064                _sbss = .
                0x0000000020000064                __bss_start__ = _sbss
 *(.bss)
 .bss           0x0000000020000064       0x1c d:/st/stm32cubeide_1.4.0/stm32cubeide/plugins/com.st.stm32cube.ide.mcu.externaltools.gnu-tools-for-stm32.7-2018-q2-update.win32_1.4.0.202007081208/tools/bin/../lib/gcc/arm-none-eabi/7.3.1/thumb/v7-m/crtbegin.o
 *(.bss*)
 .bss.Task4LED  0x0000000020000080        0x1 Src/main.o
                0x0000000020000080                Task4LED
 *fill*         0x0000000020000081        0x3 
 .bss.__sbrk_heap_end
                0x0000000020000084        0x4 Src/sysmem.o
 .bss.__malloc_free_list
                0x0000000020000088        0x4 d:/st/stm32cubeide_1.4.0/stm32cubeide/plugins/com.st.stm32cube.ide.mcu.externaltools.gnu-tools-for-stm32.7-2018-q2-update.win32_1.4.0.202007081208/tools/bin/../lib/gcc/arm-none-eabi/7.3.1/../../../../arm-none-eabi/lib/thumb/v7-m\libc_nano.a(lib_a-nano-mallocr.o)
                0x0000000020000088                __malloc_free_list
 .bss.__malloc_sbrk_start
                0x000000002000008c        0x4 d:/st/stm32cubeide_1.4.0/stm32cubeide/plugins/com.st.stm32cube.ide.mcu.externaltools.gnu-tools-for-stm32.7-2018-q2-update.win32_1.4.0.202007081208/tools/bin/../lib/gcc/arm-none-eabi/7.3.1/../../../../arm-none-eabi/lib/thumb/v7-m\libc_nano.a(lib_a-nano-mallocr.o)
                0x000000002000008c                __malloc_sbrk_start
 *(COMMON)
 COMMON         0x0000000020000090        0x1 MY_RTOS/Cortex_Mx_OS_Porting.o
                0x0000000020000090                SysTickLED
 *fill*         0x0000000020000091        0x3 
 COMMON         0x0000000020000094      0x398 MY_RTOS/scheduler.o
                0x0000000020000094                Ready_Queue
                0x00000000200000a8                idel_TaskLED
                0x00000000200000ac                OS_CONROL
                0x0000000020000258                MY_RTOS_IDEL_Task
                0x000000002000029c                Ready_Queue_FIFO
 COMMON         0x000000002000042c      0x119 Src/main.o
                0x000000002000042c                Task4
                0x0000000020000470                Task1
                0x00000000200004b4                Task2LED
                0x00000000200004b8                Task3
                0x00000000200004fc                Task1LED
                0x0000000020000500                Task2
                0x0000000020000544                Task3LED
 *fill*         0x0000000020000545        0x3 
 COMMON         0x0000000020000548       0x3c Stm32_F103C6_Drivers/Stm32_F103C6_EXTI_driver.o
                0x0000000020000548                GP_IRQ_CallBack
 COMMON         0x0000000020000584        0x4 d:/st/stm32cubeide_1.4.0/stm32cubeide/plugins/com.st.stm32cube.ide.mcu.externaltools.gnu-tools-for-stm32.7-2018-q2-update.win32_1.4.0.202007081208/tools/bin/../lib/gcc/arm-none-eabi/7.3.1/../../../../arm-none-eabi/lib/thumb/v7-m\libc_nano.a(lib_a-reent.o)
                0x0000000020000584                errno
                0x0000000020000588                . = ALIGN (0x4)
                0x0000000020000588                _ebss = .
                0x0000000020000588                __bss_end__ = _ebss

._user_heap_stack
                0x0000000020000588      0x600 load address 0x0000000008001b3c
                0x0000000020000588                . = ALIGN (0x8)
                [!provide]                        PROVIDE (end = .)
                0x0000000020000588                PROVIDE (_end = .)
                0x0000000020000788                . = (. + _Min_Heap_Size)
 *fill*         0x0000000020000588      0x200 
                0x0000000020000788                _eheap = .
                0x0000000020000b88                . = (. + _Min_Stack_Size)
 *fill*         0x0000000020000788      0x400 
                0x0000000020000b88                . = ALIGN (0x8)

/DISCARD/
 libc.a(*)
 libm.a(*)
 libgcc.a(*)

.ARM.attributes
                0x0000000000000000       0x29
 *(.ARM.attributes)
 .ARM.attributes
                0x0000000000000000       0x1d d:/st/stm32cubeide_1.4.0/stm32cubeide/plugins/com.st.stm32cube.ide.mcu.externaltools.gnu-tools-for-stm32.7-2018-q2-update.win32_1.4.0.202007081208/tools/bin/../lib/gcc/arm-none-eabi/7.3.1/thumb/v7-m/crti.o
 .ARM.attributes
                0x000000000000001d       0x2d d:/st/stm32cubeide_1.4.0/stm32cubeide/plugins/com.st.stm32cube.ide.mcu.externaltools.gnu-tools-for-stm32.7-2018-q2-update.win32_1.4.0.202007081208/tools/bin/../lib/gcc/arm-none-eabi/7.3.1/thumb/v7-m/crtbegin.o
 .ARM.attributes
                0x000000000000004a       0x33 MY_RTOS/Cortex_Mx_OS_Porting.o
 .ARM.attributes
                0x000000000000007d       0x33 MY_RTOS/MY_RTOS_FIFO.o
 .ARM.attributes
                0x00000000000000b0       0x33 MY_RTOS/scheduler.o
 .ARM.attributes
                0x00000000000000e3       0x33 Src/main.o
 .ARM.attributes
                0x0000000000000116       0x33 Src/syscalls.o
 .ARM.attributes
                0x0000000000000149       0x33 Src/sysmem.o
 .ARM.attributes
                0x000000000000017c       0x21 Startup/startup_stm32f103c6tx.o
 .ARM.attributes
                0x000000000000019d       0x33 Stm32_F103C6_Drivers/Stm32_F103C6_EXTI_driver.o
 .ARM.attributes
                0x00000000000001d0       0x2d d:/st/stm32cubeide_1.4.0/stm32cubeide/plugins/com.st.stm32cube.ide.mcu.externaltools.gnu-tools-for-stm32.7-2018-q2-update.win32_1.4.0.202007081208/tools/bin/../lib/gcc/arm-none-eabi/7.3.1/../../../../arm-none-eabi/lib/thumb/v7-m\libc_nano.a(lib_a-errno.o)
 .ARM.attributes
                0x00000000000001fd       0x2d d:/st/stm32cubeide_1.4.0/stm32cubeide/plugins/com.st.stm32cube.ide.mcu.externaltools.gnu-tools-for-stm32.7-2018-q2-update.win32_1.4.0.202007081208/tools/bin/../lib/gcc/arm-none-eabi/7.3.1/../../../../arm-none-eabi/lib/thumb/v7-m\libc_nano.a(lib_a-impure.o)
 .ARM.attributes
                0x000000000000022a       0x2d d:/st/stm32cubeide_1.4.0/stm32cubeide/plugins/com.st.stm32cube.ide.mcu.externaltools.gnu-tools-for-stm32.7-2018-q2-update.win32_1.4.0.202007081208/tools/bin/../lib/gcc/arm-none-eabi/7.3.1/../../../../arm-none-eabi/lib/thumb/v7-m\libc_nano.a(lib_a-init.o)
 .ARM.attributes
                0x0000000000000257       0x2d d:/st/stm32cubeide_1.4.0/stm32cubeide/plugins/com.st.stm32cube.ide.mcu.externaltools.gnu-tools-for-stm32.7-2018-q2-update.win32_1.4.0.202007081208/tools/bin/../lib/gcc/arm-none-eabi/7.3.1/../../../../arm-none-eabi/lib/thumb/v7-m\libc_nano.a(lib_a-memset.o)
 .ARM.attributes
                0x0000000000000284       0x2d d:/st/stm32cubeide_1.4.0/stm32cubeide/plugins/com.st.stm32cube.ide.mcu.externaltools.gnu-tools-for-stm32.7-2018-q2-update.win32_1.4.0.202007081208/tools/bin/../lib/gcc/arm-none-eabi/7.3.1/../../../../arm-none-eabi/lib/thumb/v7-m\libc_nano.a(lib_a-puts.o)
 .ARM.attributes
                0x00000000000002b1       0x1b d:/st/stm32cubeide_1.4.0/stm32cubeide/plugins/com.st.stm32cube.ide.mcu.externaltools.gnu-tools-for-stm32.7-2018-q2-update.win32_1.4.0.202007081208/tools/bin/../lib/gcc/arm-none-eabi/7.3.1/../../../../arm-none-eabi/lib/thumb/v7-m\libc_nano.a(lib_a-strcmp.o)
 .ARM.attributes
                0x00000000000002cc       0x2d d:/st/stm32cubeide_1.4.0/stm32cubeide/plugins/com.st.stm32cube.ide.mcu.externaltools.gnu-tools-for-stm32.7-2018-q2-update.win32_1.4.0.202007081208/tools/bin/../lib/gcc/arm-none-eabi/7.3.1/../../../../arm-none-eabi/lib/thumb/v7-m\libc_nano.a(lib_a-wbuf.o)
 .ARM.attributes
                0x00000000000002f9       0x2d d:/st/stm32cubeide_1.4.0/stm32cubeide/plugins/com.st.stm32cube.ide.mcu.externaltools.gnu-tools-for-stm32.7-2018-q2-update.win32_1.4.0.202007081208/tools/bin/../lib/gcc/arm-none-eabi/7.3.1/../../../../arm-none-eabi/lib/thumb/v7-m\libc_nano.a(lib_a-wsetup.o)
 .ARM.attributes
                0x0000000000000326       0x2d d:/st/stm32cubeide_1.4.0/stm32cubeide/plugins/com.st.stm32cube.ide.mcu.externaltools.gnu-tools-for-stm32.7-2018-q2-update.win32_1.4.0.202007081208/tools/bin/../lib/gcc/arm-none-eabi/7.3.1/../../../../arm-none-eabi/lib/thumb/v7-m\libc_nano.a(lib_a-fflush.o)
 .ARM.attributes
                0x0000000000000353       0x2d d:/st/stm32cubeide_1.4.0/stm32cubeide/plugins/com.st.stm32cube.ide.mcu.externaltools.gnu-tools-for-stm32.7-2018-q2-update.win32_1.4.0.202007081208/tools/bin/../lib/gcc/arm-none-eabi/7.3.1/../../../../arm-none-eabi/lib/thumb/v7-m\libc_nano.a(lib_a-findfp.o)
 .ARM.attributes
                0x0000000000000380       0x2d d:/st/stm32cubeide_1.4.0/stm32cubeide/plugins/com.st.stm32cube.ide.mcu.externaltools.gnu-tools-for-stm32.7-2018-q2-update.win32_1.4.0.202007081208/tools/bin/../lib/gcc/arm-none-eabi/7.3.1/../../../../arm-none-eabi/lib/thumb/v7-m\libc_nano.a(lib_a-fwalk.o)
 .ARM.attributes
                0x00000000000003ad       0x2d d:/st/stm32cubeide_1.4.0/stm32cubeide/plugins/com.st.stm32cube.ide.mcu.externaltools.gnu-tools-for-stm32.7-2018-q2-update.win32_1.4.0.202007081208/tools/bin/../lib/gcc/arm-none-eabi/7.3.1/../../../../arm-none-eabi/lib/thumb/v7-m\libc_nano.a(lib_a-makebuf.o)
 .ARM.attributes
                0x00000000000003da       0x2d d:/st/stm32cubeide_1.4.0/stm32cubeide/plugins/com.st.stm32cube.ide.mcu.externaltools.gnu-tools-for-stm32.7-2018-q2-update.win32_1.4.0.202007081208/tools/bin/../lib/gcc/arm-none-eabi/7.3.1/../../../../arm-none-eabi/lib/thumb/v7-m\libc_nano.a(lib_a-nano-freer.o)
 .ARM.attributes
                0x0000000000000407       0x2d d:/st/stm32cubeide_1.4.0/stm32cubeide/plugins/com.st.stm32cube.ide.mcu.externaltools.gnu-tools-for-stm32.7-2018-q2-update.win32_1.4.0.202007081208/tools/bin/../lib/gcc/arm-none-eabi/7.3.1/../../../../arm-none-eabi/lib/thumb/v7-m\libc_nano.a(lib_a-nano-mallocr.o)
 .ARM.attributes
                0x0000000000000434       0x2d d:/st/stm32cubeide_1.4.0/stm32cubeide/plugins/com.st.stm32cube.ide.mcu.externaltools.gnu-tools-for-stm32.7-2018-q2-update.win32_1.4.0.202007081208/tools/bin/../lib/gcc/arm-none-eabi/7.3.1/../../../../arm-none-eabi/lib/thumb/v7-m\libc_nano.a(lib_a-sbrkr.o)
 .ARM.attributes
                0x0000000000000461       0x2d d:/st/stm32cubeide_1.4.0/stm32cubeide/plugins/com.st.stm32cube.ide.mcu.externaltools.gnu-tools-for-stm32.7-2018-q2-update.win32_1.4.0.202007081208/tools/bin/../lib/gcc/arm-none-eabi/7.3.1/../../../../arm-none-eabi/lib/thumb/v7-m\libc_nano.a(lib_a-stdio.o)
 .ARM.attributes
                0x000000000000048e       0x2d d:/st/stm32cubeide_1.4.0/stm32cubeide/plugins/com.st.stm32cube.ide.mcu.externaltools.gnu-tools-for-stm32.7-2018-q2-update.win32_1.4.0.202007081208/tools/bin/../lib/gcc/arm-none-eabi/7.3.1/../../../../arm-none-eabi/lib/thumb/v7-m\libc_nano.a(lib_a-writer.o)
 .ARM.attributes
                0x00000000000004bb       0x2d d:/st/stm32cubeide_1.4.0/stm32cubeide/plugins/com.st.stm32cube.ide.mcu.externaltools.gnu-tools-for-stm32.7-2018-q2-update.win32_1.4.0.202007081208/tools/bin/../lib/gcc/arm-none-eabi/7.3.1/../../../../arm-none-eabi/lib/thumb/v7-m\libc_nano.a(lib_a-closer.o)
 .ARM.attributes
                0x00000000000004e8       0x2d d:/st/stm32cubeide_1.4.0/stm32cubeide/plugins/com.st.stm32cube.ide.mcu.externaltools.gnu-tools-for-stm32.7-2018-q2-update.win32_1.4.0.202007081208/tools/bin/../lib/gcc/arm-none-eabi/7.3.1/../../../../arm-none-eabi/lib/thumb/v7-m\libc_nano.a(lib_a-fstatr.o)
 .ARM.attributes
                0x0000000000000515       0x2d d:/st/stm32cubeide_1.4.0/stm32cubeide/plugins/com.st.stm32cube.ide.mcu.externaltools.gnu-tools-for-stm32.7-2018-q2-update.win32_1.4.0.202007081208/tools/bin/../lib/gcc/arm-none-eabi/7.3.1/../../../../arm-none-eabi/lib/thumb/v7-m\libc_nano.a(lib_a-isattyr.o)
 .ARM.attributes
                0x0000000000000542       0x2d d:/st/stm32cubeide_1.4.0/stm32cubeide/plugins/com.st.stm32cube.ide.mcu.externaltools.gnu-tools-for-stm32.7-2018-q2-update.win32_1.4.0.202007081208/tools/bin/../lib/gcc/arm-none-eabi/7.3.1/../../../../arm-none-eabi/lib/thumb/v7-m\libc_nano.a(lib_a-lseekr.o)
 .ARM.attributes
                0x000000000000056f       0x2d d:/st/stm32cubeide_1.4.0/stm32cubeide/plugins/com.st.stm32cube.ide.mcu.externaltools.gnu-tools-for-stm32.7-2018-q2-update.win32_1.4.0.202007081208/tools/bin/../lib/gcc/arm-none-eabi/7.3.1/../../../../arm-none-eabi/lib/thumb/v7-m\libc_nano.a(lib_a-mlock.o)
 .ARM.attributes
                0x000000000000059c       0x2d d:/st/stm32cubeide_1.4.0/stm32cubeide/plugins/com.st.stm32cube.ide.mcu.externaltools.gnu-tools-for-stm32.7-2018-q2-update.win32_1.4.0.202007081208/tools/bin/../lib/gcc/arm-none-eabi/7.3.1/../../../../arm-none-eabi/lib/thumb/v7-m\libc_nano.a(lib_a-readr.o)
 .ARM.attributes
                0x00000000000005c9       0x2d d:/st/stm32cubeide_1.4.0/stm32cubeide/plugins/com.st.stm32cube.ide.mcu.externaltools.gnu-tools-for-stm32.7-2018-q2-update.win32_1.4.0.202007081208/tools/bin/../lib/gcc/arm-none-eabi/7.3.1/../../../../arm-none-eabi/lib/thumb/v7-m\libc_nano.a(lib_a-reent.o)
 .ARM.attributes
                0x00000000000005f6       0x1d d:/st/stm32cubeide_1.4.0/stm32cubeide/plugins/com.st.stm32cube.ide.mcu.externaltools.gnu-tools-for-stm32.7-2018-q2-update.win32_1.4.0.202007081208/tools/bin/../lib/gcc/arm-none-eabi/7.3.1/thumb/v7-m/crtn.o
OUTPUT(EXTI DRIVER.axf elf32-littlearm)

.debug_info     0x0000000000000000     0x5a0f
 .debug_info    0x0000000000000000      0x62e MY_RTOS/Cortex_Mx_OS_Porting.o
 .debug_info    0x000000000000062e      0xcf4 MY_RTOS/MY_RTOS_FIFO.o
 .debug_info    0x0000000000001322     0x11a4 MY_RTOS/scheduler.o
 .debug_info    0x00000000000024c6      0xcb7 Src/main.o
 .debug_info    0x000000000000317d     0x1038 Src/syscalls.o
 .debug_info    0x00000000000041b5      0xa7c Src/sysmem.o
 .debug_info    0x0000000000004c31       0x22 Startup/startup_stm32f103c6tx.o
 .debug_info    0x0000000000004c53      0xdbc Stm32_F103C6_Drivers/Stm32_F103C6_EXTI_driver.o

.debug_abbrev   0x0000000000000000      0xf09
 .debug_abbrev  0x0000000000000000      0x1cb MY_RTOS/Cortex_Mx_OS_Porting.o
 .debug_abbrev  0x00000000000001cb      0x209 MY_RTOS/MY_RTOS_FIFO.o
 .debug_abbrev  0x00000000000003d4      0x357 MY_RTOS/scheduler.o
 .debug_abbrev  0x000000000000072b      0x1c2 Src/main.o
 .debug_abbrev  0x00000000000008ed      0x254 Src/syscalls.o
 .debug_abbrev  0x0000000000000b41      0x18e Src/sysmem.o
 .debug_abbrev  0x0000000000000ccf       0x12 Startup/startup_stm32f103c6tx.o
 .debug_abbrev  0x0000000000000ce1      0x228 Stm32_F103C6_Drivers/Stm32_F103C6_EXTI_driver.o

.debug_loc      0x0000000000000000     0x1250
 .debug_loc     0x0000000000000000      0x224 MY_RTOS/Cortex_Mx_OS_Porting.o
 .debug_loc     0x0000000000000224      0x1f8 MY_RTOS/MY_RTOS_FIFO.o
 .debug_loc     0x000000000000041c      0x424 MY_RTOS/scheduler.o
 .debug_loc     0x0000000000000840       0xe8 Src/main.o
 .debug_loc     0x0000000000000928      0x5b8 Src/syscalls.o
 .debug_loc     0x0000000000000ee0       0x50 Src/sysmem.o
 .debug_loc     0x0000000000000f30      0x320 Stm32_F103C6_Drivers/Stm32_F103C6_EXTI_driver.o

.debug_aranges  0x0000000000000000      0x2f8
 .debug_aranges
                0x0000000000000000       0x70 MY_RTOS/Cortex_Mx_OS_Porting.o
 .debug_aranges
                0x0000000000000070       0x48 MY_RTOS/MY_RTOS_FIFO.o
 .debug_aranges
                0x00000000000000b8       0x90 MY_RTOS/scheduler.o
 .debug_aranges
                0x0000000000000148       0x40 Src/main.o
 .debug_aranges
                0x0000000000000188       0xa8 Src/syscalls.o
 .debug_aranges
                0x0000000000000230       0x20 Src/sysmem.o
 .debug_aranges
                0x0000000000000250       0x28 Startup/startup_stm32f103c6tx.o
 .debug_aranges
                0x0000000000000278       0x80 Stm32_F103C6_Drivers/Stm32_F103C6_EXTI_driver.o

.debug_ranges   0x0000000000000000      0x280
 .debug_ranges  0x0000000000000000       0x60 MY_RTOS/Cortex_Mx_OS_Porting.o
 .debug_ranges  0x0000000000000060       0x38 MY_RTOS/MY_RTOS_FIFO.o
 .debug_ranges  0x0000000000000098       0x80 MY_RTOS/scheduler.o
 .debug_ranges  0x0000000000000118       0x30 Src/main.o
 .debug_ranges  0x0000000000000148       0x98 Src/syscalls.o
 .debug_ranges  0x00000000000001e0       0x10 Src/sysmem.o
 .debug_ranges  0x00000000000001f0       0x20 Startup/startup_stm32f103c6tx.o
 .debug_ranges  0x0000000000000210       0x70 Stm32_F103C6_Drivers/Stm32_F103C6_EXTI_driver.o

.debug_macro    0x0000000000000000     0x34bb
 .debug_macro   0x0000000000000000       0xbd MY_RTOS/Cortex_Mx_OS_Porting.o
 .debug_macro   0x00000000000000bd       0x28 MY_RTOS/Cortex_Mx_OS_Porting.o
 .debug_macro   0x00000000000000e5       0x1c MY_RTOS/Cortex_Mx_OS_Porting.o
 .debug_macro   0x0000000000000101       0x22 MY_RTOS/Cortex_Mx_OS_Porting.o
 .debug_macro   0x0000000000000123       0xe5 MY_RTOS/Cortex_Mx_OS_Porting.o
 .debug_macro   0x0000000000000208      0xe3c MY_RTOS/Cortex_Mx_OS_Porting.o
 .debug_macro   0x0000000000001044       0x2e MY_RTOS/Cortex_Mx_OS_Porting.o
 .debug_macro   0x0000000000001072      0x22c MY_RTOS/MY_RTOS_FIFO.o
 .debug_macro   0x000000000000129e       0x40 MY_RTOS/MY_RTOS_FIFO.o
 .debug_macro   0x00000000000012de       0x94 MY_RTOS/MY_RTOS_FIFO.o
 .debug_macro   0x0000000000001372       0x16 MY_RTOS/MY_RTOS_FIFO.o
 .debug_macro   0x0000000000001388       0x57 MY_RTOS/MY_RTOS_FIFO.o
 .debug_macro   0x00000000000013df       0x97 MY_RTOS/MY_RTOS_FIFO.o
 .debug_macro   0x0000000000001476       0xfd MY_RTOS/MY_RTOS_FIFO.o
 .debug_macro   0x0000000000001573       0x10 MY_RTOS/MY_RTOS_FIFO.o
 .debug_macro   0x0000000000001583       0x10 MY_RTOS/MY_RTOS_FIFO.o
 .debug_macro   0x0000000000001593       0x1c MY_RTOS/MY_RTOS_FIFO.o
 .debug_macro   0x00000000000015af       0x52 MY_RTOS/MY_RTOS_FIFO.o
 .debug_macro   0x0000000000001601       0x40 MY_RTOS/MY_RTOS_FIFO.o
 .debug_macro   0x0000000000001641       0x10 MY_RTOS/MY_RTOS_FIFO.o
 .debug_macro   0x0000000000001651       0x40 MY_RTOS/MY_RTOS_FIFO.o
 .debug_macro   0x0000000000001691       0xd7 MY_RTOS/MY_RTOS_FIFO.o
 .debug_macro   0x0000000000001768       0x1c MY_RTOS/MY_RTOS_FIFO.o
 .debug_macro   0x0000000000001784       0x3d MY_RTOS/MY_RTOS_FIFO.o
 .debug_macro   0x00000000000017c1       0x16 MY_RTOS/MY_RTOS_FIFO.o
 .debug_macro   0x00000000000017d7      0x145 MY_RTOS/MY_RTOS_FIFO.o
 .debug_macro   0x000000000000191c       0xdf MY_RTOS/MY_RTOS_FIFO.o
 .debug_macro   0x00000000000019fb      0x236 MY_RTOS/scheduler.o
 .debug_macro   0x0000000000001c31      0x32a MY_RTOS/scheduler.o
 .debug_macro   0x0000000000001f5b      0x2c5 Src/main.o
 .debug_macro   0x0000000000002220       0xd6 Src/main.o
 .debug_macro   0x00000000000022f6      0x227 Src/main.o
 .debug_macro   0x000000000000251d       0x40 Src/main.o
 .debug_macro   0x000000000000255d       0x94 Src/main.o
 .debug_macro   0x00000000000025f1       0x1c Src/main.o
 .debug_macro   0x000000000000260d       0x35 Src/main.o
 .debug_macro   0x0000000000002642       0x16 Src/main.o
 .debug_macro   0x0000000000002658       0x20 Src/main.o
 .debug_macro   0x0000000000002678      0x243 Src/syscalls.o
 .debug_macro   0x00000000000028bb      0x174 Src/syscalls.o
 .debug_macro   0x0000000000002a2f       0x10 Src/syscalls.o
 .debug_macro   0x0000000000002a3f       0x10 Src/syscalls.o
 .debug_macro   0x0000000000002a4f       0x10 Src/syscalls.o
 .debug_macro   0x0000000000002a5f       0x35 Src/syscalls.o
 .debug_macro   0x0000000000002a94      0x122 Src/syscalls.o
 .debug_macro   0x0000000000002bb6       0x10 Src/syscalls.o
 .debug_macro   0x0000000000002bc6      0x241 Src/syscalls.o
 .debug_macro   0x0000000000002e07       0x10 Src/syscalls.o
 .debug_macro   0x0000000000002e17      0x189 Src/syscalls.o
 .debug_macro   0x0000000000002fa0       0x16 Src/syscalls.o
 .debug_macro   0x0000000000002fb6       0x88 Src/syscalls.o
 .debug_macro   0x000000000000303e       0xee Src/sysmem.o
 .debug_macro   0x000000000000312c      0x23b Src/sysmem.o
 .debug_macro   0x0000000000003367      0x154 Stm32_F103C6_Drivers/Stm32_F103C6_EXTI_driver.o

.debug_line     0x0000000000000000     0x34a9
 .debug_line    0x0000000000000000      0x627 MY_RTOS/Cortex_Mx_OS_Porting.o
 .debug_line    0x0000000000000627      0x814 MY_RTOS/MY_RTOS_FIFO.o
 .debug_line    0x0000000000000e3b      0x943 MY_RTOS/scheduler.o
 .debug_line    0x000000000000177e      0x909 Src/main.o
 .debug_line    0x0000000000002087      0x739 Src/syscalls.o
 .debug_line    0x00000000000027c0      0x4c2 Src/sysmem.o
 .debug_line    0x0000000000002c82       0x84 Startup/startup_stm32f103c6tx.o
 .debug_line    0x0000000000002d06      0x7a3 Stm32_F103C6_Drivers/Stm32_F103C6_EXTI_driver.o

.debug_str      0x0000000000000000    0x1185a
 .debug_str     0x0000000000000000     0x987a MY_RTOS/Cortex_Mx_OS_Porting.o
                                       0x9a15 (size before relaxing)
 .debug_str     0x000000000000987a     0x44cd MY_RTOS/MY_RTOS_FIFO.o
                                       0xdcd1 (size before relaxing)
 .debug_str     0x000000000000dd47      0x2a2 MY_RTOS/scheduler.o
                                       0xdf7e (size before relaxing)
 .debug_str     0x000000000000dfe9     0x245e Src/main.o
                                      0x100a0 (size before relaxing)
 .debug_str     0x0000000000010447     0x10e8 Src/syscalls.o
                                       0x88db (size before relaxing)
 .debug_str     0x000000000001152f       0x5e Src/sysmem.o
                                       0x5fa9 (size before relaxing)
 .debug_str     0x000000000001158d       0x31 Startup/startup_stm32f103c6tx.o
                                         0xcc (size before relaxing)
 .debug_str     0x00000000000115be      0x29c Stm32_F103C6_Drivers/Stm32_F103C6_EXTI_driver.o
                                       0x920d (size before relaxing)

.comment        0x0000000000000000       0x7b
 .comment       0x0000000000000000       0x7b MY_RTOS/Cortex_Mx_OS_Porting.o
                                         0x7c (size before relaxing)
 .comment       0x000000000000007b       0x7c MY_RTOS/MY_RTOS_FIFO.o
 .comment       0x000000000000007b       0x7c MY_RTOS/scheduler.o
 .comment       0x000000000000007b       0x7c Src/main.o
 .comment       0x000000000000007b       0x7c Src/syscalls.o
 .comment       0x000000000000007b       0x7c Src/sysmem.o
 .comment       0x000000000000007b       0x7c Stm32_F103C6_Drivers/Stm32_F103C6_EXTI_driver.o

.debug_frame    0x0000000000000000      0xf6c
 .debug_frame   0x0000000000000000      0x140 MY_RTOS/Cortex_Mx_OS_Porting.o
 .debug_frame   0x0000000000000140       0xf0 MY_RTOS/MY_RTOS_FIFO.o
 .debug_frame   0x0000000000000230      0x20c MY_RTOS/scheduler.o
 .debug_frame   0x000000000000043c       0x90 Src/main.o
 .debug_frame   0x00000000000004cc      0x2ac Src/syscalls.o
 .debug_frame   0x0000000000000778       0x34 Src/sysmem.o
 .debug_frame   0x00000000000007ac      0x1b0 Stm32_F103C6_Drivers/Stm32_F103C6_EXTI_driver.o
 .debug_frame   0x000000000000095c       0x20 d:/st/stm32cubeide_1.4.0/stm32cubeide/plugins/com.st.stm32cube.ide.mcu.externaltools.gnu-tools-for-stm32.7-2018-q2-update.win32_1.4.0.202007081208/tools/bin/../lib/gcc/arm-none-eabi/7.3.1/../../../../arm-none-eabi/lib/thumb/v7-m\libc_nano.a(lib_a-errno.o)
 .debug_frame   0x000000000000097c       0x2c d:/st/stm32cubeide_1.4.0/stm32cubeide/plugins/com.st.stm32cube.ide.mcu.externaltools.gnu-tools-for-stm32.7-2018-q2-update.win32_1.4.0.202007081208/tools/bin/../lib/gcc/arm-none-eabi/7.3.1/../../../../arm-none-eabi/lib/thumb/v7-m\libc_nano.a(lib_a-init.o)
 .debug_frame   0x00000000000009a8       0x20 d:/st/stm32cubeide_1.4.0/stm32cubeide/plugins/com.st.stm32cube.ide.mcu.externaltools.gnu-tools-for-stm32.7-2018-q2-update.win32_1.4.0.202007081208/tools/bin/../lib/gcc/arm-none-eabi/7.3.1/../../../../arm-none-eabi/lib/thumb/v7-m\libc_nano.a(lib_a-memset.o)
 .debug_frame   0x00000000000009c8       0x3c d:/st/stm32cubeide_1.4.0/stm32cubeide/plugins/com.st.stm32cube.ide.mcu.externaltools.gnu-tools-for-stm32.7-2018-q2-update.win32_1.4.0.202007081208/tools/bin/../lib/gcc/arm-none-eabi/7.3.1/../../../../arm-none-eabi/lib/thumb/v7-m\libc_nano.a(lib_a-puts.o)
 .debug_frame   0x0000000000000a04       0x20 d:/st/stm32cubeide_1.4.0/stm32cubeide/plugins/com.st.stm32cube.ide.mcu.externaltools.gnu-tools-for-stm32.7-2018-q2-update.win32_1.4.0.202007081208/tools/bin/../lib/gcc/arm-none-eabi/7.3.1/../../../../arm-none-eabi/lib/thumb/v7-m\libc_nano.a(lib_a-strcmp.o)
 .debug_frame   0x0000000000000a24       0x40 d:/st/stm32cubeide_1.4.0/stm32cubeide/plugins/com.st.stm32cube.ide.mcu.externaltools.gnu-tools-for-stm32.7-2018-q2-update.win32_1.4.0.202007081208/tools/bin/../lib/gcc/arm-none-eabi/7.3.1/../../../../arm-none-eabi/lib/thumb/v7-m\libc_nano.a(lib_a-wbuf.o)
 .debug_frame   0x0000000000000a64       0x2c d:/st/stm32cubeide_1.4.0/stm32cubeide/plugins/com.st.stm32cube.ide.mcu.externaltools.gnu-tools-for-stm32.7-2018-q2-update.win32_1.4.0.202007081208/tools/bin/../lib/gcc/arm-none-eabi/7.3.1/../../../../arm-none-eabi/lib/thumb/v7-m\libc_nano.a(lib_a-wsetup.o)
 .debug_frame   0x0000000000000a90       0x68 d:/st/stm32cubeide_1.4.0/stm32cubeide/plugins/com.st.stm32cube.ide.mcu.externaltools.gnu-tools-for-stm32.7-2018-q2-update.win32_1.4.0.202007081208/tools/bin/../lib/gcc/arm-none-eabi/7.3.1/../../../../arm-none-eabi/lib/thumb/v7-m\libc_nano.a(lib_a-fflush.o)
 .debug_frame   0x0000000000000af8      0x11c d:/st/stm32cubeide_1.4.0/stm32cubeide/plugins/com.st.stm32cube.ide.mcu.externaltools.gnu-tools-for-stm32.7-2018-q2-update.win32_1.4.0.202007081208/tools/bin/../lib/gcc/arm-none-eabi/7.3.1/../../../../arm-none-eabi/lib/thumb/v7-m\libc_nano.a(lib_a-findfp.o)
 .debug_frame   0x0000000000000c14       0x54 d:/st/stm32cubeide_1.4.0/stm32cubeide/plugins/com.st.stm32cube.ide.mcu.externaltools.gnu-tools-for-stm32.7-2018-q2-update.win32_1.4.0.202007081208/tools/bin/../lib/gcc/arm-none-eabi/7.3.1/../../../../arm-none-eabi/lib/thumb/v7-m\libc_nano.a(lib_a-fwalk.o)
 .debug_frame   0x0000000000000c68       0x58 d:/st/stm32cubeide_1.4.0/stm32cubeide/plugins/com.st.stm32cube.ide.mcu.externaltools.gnu-tools-for-stm32.7-2018-q2-update.win32_1.4.0.202007081208/tools/bin/../lib/gcc/arm-none-eabi/7.3.1/../../../../arm-none-eabi/lib/thumb/v7-m\libc_nano.a(lib_a-makebuf.o)
 .debug_frame   0x0000000000000cc0       0x38 d:/st/stm32cubeide_1.4.0/stm32cubeide/plugins/com.st.stm32cube.ide.mcu.externaltools.gnu-tools-for-stm32.7-2018-q2-update.win32_1.4.0.202007081208/tools/bin/../lib/gcc/arm-none-eabi/7.3.1/../../../../arm-none-eabi/lib/thumb/v7-m\libc_nano.a(lib_a-nano-freer.o)
 .debug_frame   0x0000000000000cf8       0x2c d:/st/stm32cubeide_1.4.0/stm32cubeide/plugins/com.st.stm32cube.ide.mcu.externaltools.gnu-tools-for-stm32.7-2018-q2-update.win32_1.4.0.202007081208/tools/bin/../lib/gcc/arm-none-eabi/7.3.1/../../../../arm-none-eabi/lib/thumb/v7-m\libc_nano.a(lib_a-nano-mallocr.o)
 .debug_frame   0x0000000000000d24       0x2c d:/st/stm32cubeide_1.4.0/stm32cubeide/plugins/com.st.stm32cube.ide.mcu.externaltools.gnu-tools-for-stm32.7-2018-q2-update.win32_1.4.0.202007081208/tools/bin/../lib/gcc/arm-none-eabi/7.3.1/../../../../arm-none-eabi/lib/thumb/v7-m\libc_nano.a(lib_a-sbrkr.o)
 .debug_frame   0x0000000000000d50       0x88 d:/st/stm32cubeide_1.4.0/stm32cubeide/plugins/com.st.stm32cube.ide.mcu.externaltools.gnu-tools-for-stm32.7-2018-q2-update.win32_1.4.0.202007081208/tools/bin/../lib/gcc/arm-none-eabi/7.3.1/../../../../arm-none-eabi/lib/thumb/v7-m\libc_nano.a(lib_a-stdio.o)
 .debug_frame   0x0000000000000dd8       0x2c d:/st/stm32cubeide_1.4.0/stm32cubeide/plugins/com.st.stm32cube.ide.mcu.externaltools.gnu-tools-for-stm32.7-2018-q2-update.win32_1.4.0.202007081208/tools/bin/../lib/gcc/arm-none-eabi/7.3.1/../../../../arm-none-eabi/lib/thumb/v7-m\libc_nano.a(lib_a-writer.o)
 .debug_frame   0x0000000000000e04       0x2c d:/st/stm32cubeide_1.4.0/stm32cubeide/plugins/com.st.stm32cube.ide.mcu.externaltools.gnu-tools-for-stm32.7-2018-q2-update.win32_1.4.0.202007081208/tools/bin/../lib/gcc/arm-none-eabi/7.3.1/../../../../arm-none-eabi/lib/thumb/v7-m\libc_nano.a(lib_a-closer.o)
 .debug_frame   0x0000000000000e30       0x2c d:/st/stm32cubeide_1.4.0/stm32cubeide/plugins/com.st.stm32cube.ide.mcu.externaltools.gnu-tools-for-stm32.7-2018-q2-update.win32_1.4.0.202007081208/tools/bin/../lib/gcc/arm-none-eabi/7.3.1/../../../../arm-none-eabi/lib/thumb/v7-m\libc_nano.a(lib_a-fstatr.o)
 .debug_frame   0x0000000000000e5c       0x2c d:/st/stm32cubeide_1.4.0/stm32cubeide/plugins/com.st.stm32cube.ide.mcu.externaltools.gnu-tools-for-stm32.7-2018-q2-update.win32_1.4.0.202007081208/tools/bin/../lib/gcc/arm-none-eabi/7.3.1/../../../../arm-none-eabi/lib/thumb/v7-m\libc_nano.a(lib_a-isattyr.o)
 .debug_frame   0x0000000000000e88       0x2c d:/st/stm32cubeide_1.4.0/stm32cubeide/plugins/com.st.stm32cube.ide.mcu.externaltools.gnu-tools-for-stm32.7-2018-q2-update.win32_1.4.0.202007081208/tools/bin/../lib/gcc/arm-none-eabi/7.3.1/../../../../arm-none-eabi/lib/thumb/v7-m\libc_nano.a(lib_a-lseekr.o)
 .debug_frame   0x0000000000000eb4       0x30 d:/st/stm32cubeide_1.4.0/stm32cubeide/plugins/com.st.stm32cube.ide.mcu.externaltools.gnu-tools-for-stm32.7-2018-q2-update.win32_1.4.0.202007081208/tools/bin/../lib/gcc/arm-none-eabi/7.3.1/../../../../arm-none-eabi/lib/thumb/v7-m\libc_nano.a(lib_a-mlock.o)
 .debug_frame   0x0000000000000ee4       0x2c d:/st/stm32cubeide_1.4.0/stm32cubeide/plugins/com.st.stm32cube.ide.mcu.externaltools.gnu-tools-for-stm32.7-2018-q2-update.win32_1.4.0.202007081208/tools/bin/../lib/gcc/arm-none-eabi/7.3.1/../../../../arm-none-eabi/lib/thumb/v7-m\libc_nano.a(lib_a-readr.o)
 .debug_frame   0x0000000000000f10       0x5c d:/st/stm32cubeide_1.4.0/stm32cubeide/plugins/com.st.stm32cube.ide.mcu.externaltools.gnu-tools-for-stm32.7-2018-q2-update.win32_1.4.0.202007081208/tools/bin/../lib/gcc/arm-none-eabi/7.3.1/../../../../arm-none-eabi/lib/thumb/v7-m\libc_nano.a(lib_a-reent.o)
